[2021-01-01T10:43:57.326+0500][gc,heap] Heap region size: 1M
[2021-01-01T10:43:57.348+0500][gc     ] Using G1
[2021-01-01T10:43:57.348+0500][gc,heap,coops] Heap address: 0x00000000c0000000, size: 1024 MB, Compressed Oops mode: 32-bit
[2021-01-01T10:43:57.349+0500][gc,cds       ] Mark closed archive regions in map: [0x00000000fff00000, 0x00000000fff6aff8]
[2021-01-01T10:43:57.349+0500][gc,cds       ] Mark open archive regions in map: [0x00000000ffe00000, 0x00000000ffe46ff8]
[2021-01-01T10:44:13.524+0500][gc,start     ] GC(0) Pause Young (Normal) (G1 Evacuation Pause)
[2021-01-01T10:44:13.524+0500][gc,task      ] GC(0) Using 4 workers of 4 for evacuation
[2021-01-01T10:44:13.535+0500][gc,phases    ] GC(0)   Pre Evacuate Collection Set: 0.0ms
[2021-01-01T10:44:13.535+0500][gc,phases    ] GC(0)   Evacuate Collection Set: 10.2ms
[2021-01-01T10:44:13.535+0500][gc,phases    ] GC(0)   Post Evacuate Collection Set: 0.4ms
[2021-01-01T10:44:13.535+0500][gc,phases    ] GC(0)   Other: 0.4ms
[2021-01-01T10:44:13.535+0500][gc,heap      ] GC(0) Eden regions: 51->0(44)
[2021-01-01T10:44:13.535+0500][gc,heap      ] GC(0) Survivor regions: 0->7(7)
[2021-01-01T10:44:13.535+0500][gc,heap      ] GC(0) Old regions: 2->2
[2021-01-01T10:44:13.535+0500][gc,heap      ] GC(0) Humongous regions: 0->0
[2021-01-01T10:44:13.535+0500][gc,metaspace ] GC(0) Metaspace: 15772K->15772K(1062912K)
[2021-01-01T10:44:13.535+0500][gc           ] GC(0) Pause Young (Normal) (G1 Evacuation Pause) 51M->6M(1024M) 11.127ms
[2021-01-01T10:44:13.535+0500][gc,cpu       ] GC(0) User=0.04s Sys=0.00s Real=0.01s
[2021-01-01T10:44:15.398+0500][gc,start     ] GC(1) Pause Young (Concurrent Start) (Metadata GC Threshold)
[2021-01-01T10:44:15.398+0500][gc,task      ] GC(1) Using 4 workers of 4 for evacuation
[2021-01-01T10:44:15.447+0500][gc,mmu       ] GC(1) MMU target violated: 21.0ms (20.0ms/21.0ms)
[2021-01-01T10:44:15.447+0500][gc,phases    ] GC(1)   Pre Evacuate Collection Set: 0.1ms
[2021-01-01T10:44:15.447+0500][gc,phases    ] GC(1)   Evacuate Collection Set: 46.6ms
[2021-01-01T10:44:15.447+0500][gc,phases    ] GC(1)   Post Evacuate Collection Set: 1.1ms
[2021-01-01T10:44:15.447+0500][gc,phases    ] GC(1)   Other: 0.7ms
[2021-01-01T10:44:15.447+0500][gc,heap      ] GC(1) Eden regions: 21->0(49)
[2021-01-01T10:44:15.447+0500][gc,heap      ] GC(1) Survivor regions: 7->2(7)
[2021-01-01T10:44:15.447+0500][gc,heap      ] GC(1) Old regions: 2->9
[2021-01-01T10:44:15.447+0500][gc,heap      ] GC(1) Humongous regions: 129->129
[2021-01-01T10:44:15.447+0500][gc,metaspace ] GC(1) Metaspace: 20544K->20544K(1067008K)
[2021-01-01T10:44:15.447+0500][gc           ] GC(1) Pause Young (Concurrent Start) (Metadata GC Threshold) 156M->137M(1024M) 48.714ms
[2021-01-01T10:44:15.447+0500][gc,cpu       ] GC(1) User=0.11s Sys=0.03s Real=0.05s
[2021-01-01T10:44:15.447+0500][gc           ] GC(2) Concurrent Cycle
[2021-01-01T10:44:15.447+0500][gc,marking   ] GC(2) Concurrent Clear Claimed Marks
[2021-01-01T10:44:15.447+0500][gc,marking   ] GC(2) Concurrent Clear Claimed Marks 0.109ms
[2021-01-01T10:44:15.447+0500][gc,marking   ] GC(2) Concurrent Scan Root Regions
[2021-01-01T10:44:15.451+0500][gc,marking   ] GC(2) Concurrent Scan Root Regions 4.005ms
[2021-01-01T10:44:15.451+0500][gc,marking   ] GC(2) Concurrent Mark (18.152s)
[2021-01-01T10:44:15.451+0500][gc,marking   ] GC(2) Concurrent Mark From Roots
[2021-01-01T10:44:15.452+0500][gc,task      ] GC(2) Using 1 workers of 1 for marking
[2021-01-01T10:44:15.490+0500][gc,marking   ] GC(2) Concurrent Mark From Roots 38.315ms
[2021-01-01T10:44:15.490+0500][gc,marking   ] GC(2) Concurrent Preclean
[2021-01-01T10:44:15.490+0500][gc,marking   ] GC(2) Concurrent Preclean 0.171ms
[2021-01-01T10:44:15.490+0500][gc,marking   ] GC(2) Concurrent Mark (18.152s, 18.191s) 38.583ms
[2021-01-01T10:44:15.490+0500][gc,start     ] GC(2) Pause Remark
[2021-01-01T10:44:15.495+0500][gc,stringtable] GC(2) Cleaned string and symbol table, strings: 5044 processed, 0 removed, symbols: 50918 processed, 43 removed
[2021-01-01T10:44:15.495+0500][gc            ] GC(2) Pause Remark 138M->138M(1024M) 5.220ms
[2021-01-01T10:44:15.495+0500][gc,cpu        ] GC(2) User=0.02s Sys=0.00s Real=0.01s
[2021-01-01T10:44:15.496+0500][gc,marking    ] GC(2) Concurrent Rebuild Remembered Sets
[2021-01-01T10:44:15.505+0500][gc,marking    ] GC(2) Concurrent Rebuild Remembered Sets 9.723ms
[2021-01-01T10:44:15.505+0500][gc,start      ] GC(2) Pause Cleanup
[2021-01-01T10:44:15.506+0500][gc            ] GC(2) Pause Cleanup 138M->138M(1024M) 0.361ms
[2021-01-01T10:44:15.506+0500][gc,cpu        ] GC(2) User=0.00s Sys=0.00s Real=0.00s
[2021-01-01T10:44:15.506+0500][gc,marking    ] GC(2) Concurrent Cleanup for Next Mark
[2021-01-01T10:44:15.518+0500][gc,marking    ] GC(2) Concurrent Cleanup for Next Mark 12.302ms
[2021-01-01T10:44:15.518+0500][gc            ] GC(2) Concurrent Cycle 71.085ms
[2021-01-01T10:44:17.442+0500][gc,start      ] GC(3) Pause Young (Normal) (G1 Evacuation Pause)
[2021-01-01T10:44:17.442+0500][gc,task       ] GC(3) Using 4 workers of 4 for evacuation
[2021-01-01T10:44:17.460+0500][gc,phases     ] GC(3)   Pre Evacuate Collection Set: 0.0ms
[2021-01-01T10:44:17.460+0500][gc,phases     ] GC(3)   Evacuate Collection Set: 17.1ms
[2021-01-01T10:44:17.460+0500][gc,phases     ] GC(3)   Post Evacuate Collection Set: 0.5ms
[2021-01-01T10:44:17.460+0500][gc,phases     ] GC(3)   Other: 0.1ms
[2021-01-01T10:44:17.460+0500][gc,heap       ] GC(3) Eden regions: 49->0(46)
[2021-01-01T10:44:17.460+0500][gc,heap       ] GC(3) Survivor regions: 2->5(7)
[2021-01-01T10:44:17.460+0500][gc,heap       ] GC(3) Old regions: 9->9
[2021-01-01T10:44:17.460+0500][gc,heap       ] GC(3) Humongous regions: 129->129
[2021-01-01T10:44:17.460+0500][gc,metaspace  ] GC(3) Metaspace: 30154K->30154K(1077248K)
[2021-01-01T10:44:17.460+0500][gc            ] GC(3) Pause Young (Normal) (G1 Evacuation Pause) 186M->140M(1024M) 17.810ms
[2021-01-01T10:44:17.460+0500][gc,cpu        ] GC(3) User=0.06s Sys=0.00s Real=0.02s
[2021-01-01T10:48:17.191+0500][gc,start      ] GC(4) Pause Young (Concurrent Start) (Metadata GC Threshold)
[2021-01-01T10:48:17.206+0500][gc,task       ] GC(4) Using 4 workers of 4 for evacuation
[2021-01-01T10:48:17.215+0500][gc,phases     ] GC(4)   Pre Evacuate Collection Set: 0.1ms
[2021-01-01T10:48:17.215+0500][gc,phases     ] GC(4)   Evacuate Collection Set: 7.9ms
[2021-01-01T10:48:17.215+0500][gc,phases     ] GC(4)   Post Evacuate Collection Set: 0.5ms
[2021-01-01T10:48:17.215+0500][gc,phases     ] GC(4)   Other: 15.4ms
[2021-01-01T10:48:17.215+0500][gc,heap       ] GC(4) Eden regions: 25->0(46)
[2021-01-01T10:48:17.215+0500][gc,heap       ] GC(4) Survivor regions: 5->5(7)
[2021-01-01T10:48:17.215+0500][gc,heap       ] GC(4) Old regions: 9->10
[2021-01-01T10:48:17.215+0500][gc,heap       ] GC(4) Humongous regions: 129->129
[2021-01-01T10:48:17.215+0500][gc,metaspace  ] GC(4) Metaspace: 34497K->34497K(1081344K)
[2021-01-01T10:48:17.215+0500][gc            ] GC(4) Pause Young (Concurrent Start) (Metadata GC Threshold) 165M->142M(1024M) 24.007ms
[2021-01-01T10:48:17.215+0500][gc,cpu        ] GC(4) User=0.04s Sys=0.00s Real=0.02s
[2021-01-01T10:48:17.216+0500][gc            ] GC(5) Concurrent Cycle
[2021-01-01T10:48:17.216+0500][gc,marking    ] GC(5) Concurrent Clear Claimed Marks
[2021-01-01T10:48:17.216+0500][gc,marking    ] GC(5) Concurrent Clear Claimed Marks 0.092ms
[2021-01-01T10:48:17.216+0500][gc,marking    ] GC(5) Concurrent Scan Root Regions
[2021-01-01T10:48:17.222+0500][gc,marking    ] GC(5) Concurrent Scan Root Regions 6.273ms
[2021-01-01T10:48:17.222+0500][gc,marking    ] GC(5) Concurrent Mark (259.922s)
[2021-01-01T10:48:17.222+0500][gc,marking    ] GC(5) Concurrent Mark From Roots
[2021-01-01T10:48:17.222+0500][gc,task       ] GC(5) Using 1 workers of 1 for marking
[2021-01-01T10:48:17.240+0500][gc,marking    ] GC(5) Concurrent Mark From Roots 18.389ms
[2021-01-01T10:48:17.240+0500][gc,marking    ] GC(5) Concurrent Preclean
[2021-01-01T10:48:17.241+0500][gc,marking    ] GC(5) Concurrent Preclean 0.150ms
[2021-01-01T10:48:17.241+0500][gc,marking    ] GC(5) Concurrent Mark (259.922s, 259.941s) 18.627ms
[2021-01-01T10:48:17.241+0500][gc,start      ] GC(5) Pause Remark
[2021-01-01T10:48:17.245+0500][gc,stringtable] GC(5) Cleaned string and symbol table, strings: 10251 processed, 10 removed, symbols: 80075 processed, 21 removed
[2021-01-01T10:48:17.245+0500][gc            ] GC(5) Pause Remark 143M->143M(1024M) 4.359ms
[2021-01-01T10:48:17.245+0500][gc,cpu        ] GC(5) User=0.02s Sys=0.00s Real=0.00s
[2021-01-01T10:48:17.245+0500][gc,marking    ] GC(5) Concurrent Rebuild Remembered Sets
[2021-01-01T10:48:17.252+0500][gc,marking    ] GC(5) Concurrent Rebuild Remembered Sets 6.553ms
[2021-01-01T10:48:17.252+0500][gc,start      ] GC(5) Pause Cleanup
[2021-01-01T10:48:17.252+0500][gc            ] GC(5) Pause Cleanup 143M->143M(1024M) 0.138ms
[2021-01-01T10:48:17.252+0500][gc,cpu        ] GC(5) User=0.00s Sys=0.00s Real=0.00s
[2021-01-01T10:48:17.252+0500][gc,marking    ] GC(5) Concurrent Cleanup for Next Mark
[2021-01-01T10:48:17.261+0500][gc,marking    ] GC(5) Concurrent Cleanup for Next Mark 8.743ms
[2021-01-01T10:48:17.261+0500][gc            ] GC(5) Concurrent Cycle 45.278ms
[2021-01-01T10:54:17.036+0500][gc,start      ] GC(6) Pause Young (Normal) (G1 Evacuation Pause)
[2021-01-01T10:54:17.037+0500][gc,task       ] GC(6) Using 4 workers of 4 for evacuation
[2021-01-01T10:54:17.054+0500][gc,phases     ] GC(6)   Pre Evacuate Collection Set: 0.1ms
[2021-01-01T10:54:17.054+0500][gc,phases     ] GC(6)   Evacuate Collection Set: 16.0ms
[2021-01-01T10:54:17.054+0500][gc,phases     ] GC(6)   Post Evacuate Collection Set: 0.7ms
[2021-01-01T10:54:17.054+0500][gc,phases     ] GC(6)   Other: 0.4ms
[2021-01-01T10:54:17.054+0500][gc,heap       ] GC(6) Eden regions: 46->0(48)
[2021-01-01T10:54:17.054+0500][gc,heap       ] GC(6) Survivor regions: 5->3(7)
[2021-01-01T10:54:17.054+0500][gc,heap       ] GC(6) Old regions: 10->13
[2021-01-01T10:54:17.054+0500][gc,heap       ] GC(6) Humongous regions: 129->129
[2021-01-01T10:54:17.054+0500][gc,metaspace  ] GC(6) Metaspace: 39096K->39096K(1085440K)
[2021-01-01T10:54:17.054+0500][gc            ] GC(6) Pause Young (Normal) (G1 Evacuation Pause) 188M->143M(1024M) 17.278ms
[2021-01-01T10:54:17.054+0500][gc,cpu        ] GC(6) User=0.06s Sys=0.00s Real=0.02s
[2021-01-01T10:54:17.073+0500][gc,heap,exit  ] Heap
[2021-01-01T10:54:17.073+0500][gc,heap,exit  ]  garbage-first heap   total 1048576K, used 148907K [0x00000000c0000000, 0x0000000100000000)
[2021-01-01T10:54:17.073+0500][gc,heap,exit  ]   region size 1024K, 6 young (6144K), 3 survivors (3072K)
[2021-01-01T10:54:17.073+0500][gc,heap,exit  ]  Metaspace       used 39122K, capacity 41134K, committed 41468K, reserved 1085440K
[2021-01-01T10:54:17.073+0500][gc,heap,exit  ]   class space    used 4777K, capacity 5767K, committed 5884K, reserved 1048576K
