[2021-04-19T22:00:57.241+0500][gc,heap] Heap region size: 1M
[2021-04-19T22:00:57.258+0500][gc     ] Using G1
[2021-04-19T22:00:57.258+0500][gc,heap,coops] Heap address: 0x00000000c0000000, size: 1024 MB, Compressed Oops mode: 32-bit
[2021-04-19T22:00:57.259+0500][gc,cds       ] Mark closed archive regions in map: [0x00000000fff00000, 0x00000000fff6aff8]
[2021-04-19T22:00:57.259+0500][gc,cds       ] Mark open archive regions in map: [0x00000000ffe00000, 0x00000000ffe46ff8]
[2021-04-19T22:01:01.965+0500][gc,start     ] GC(0) Pause Young (Normal) (G1 Evacuation Pause)
[2021-04-19T22:01:01.966+0500][gc,task      ] GC(0) Using 4 workers of 4 for evacuation
[2021-04-19T22:01:01.981+0500][gc,phases    ] GC(0)   Pre Evacuate Collection Set: 0.0ms
[2021-04-19T22:01:01.981+0500][gc,phases    ] GC(0)   Evacuate Collection Set: 13.1ms
[2021-04-19T22:01:01.981+0500][gc,phases    ] GC(0)   Post Evacuate Collection Set: 0.6ms
[2021-04-19T22:01:01.981+0500][gc,phases    ] GC(0)   Other: 1.6ms
[2021-04-19T22:01:01.981+0500][gc,heap      ] GC(0) Eden regions: 51->0(44)
[2021-04-19T22:01:01.981+0500][gc,heap      ] GC(0) Survivor regions: 0->7(7)
[2021-04-19T22:01:01.981+0500][gc,heap      ] GC(0) Old regions: 2->2
[2021-04-19T22:01:01.981+0500][gc,heap      ] GC(0) Humongous regions: 0->0
[2021-04-19T22:01:01.981+0500][gc,metaspace ] GC(0) Metaspace: 15705K->15705K(1062912K)
[2021-04-19T22:01:01.981+0500][gc           ] GC(0) Pause Young (Normal) (G1 Evacuation Pause) 51M->6M(1024M) 15.460ms
[2021-04-19T22:01:01.981+0500][gc,cpu       ] GC(0) User=0.05s Sys=0.00s Real=0.01s
[2021-04-19T22:01:02.520+0500][gc,start     ] GC(1) Pause Young (Concurrent Start) (Metadata GC Threshold)
[2021-04-19T22:01:02.520+0500][gc,task      ] GC(1) Using 4 workers of 4 for evacuation
[2021-04-19T22:01:02.534+0500][gc,phases    ] GC(1)   Pre Evacuate Collection Set: 0.1ms
[2021-04-19T22:01:02.534+0500][gc,phases    ] GC(1)   Evacuate Collection Set: 13.0ms
[2021-04-19T22:01:02.534+0500][gc,phases    ] GC(1)   Post Evacuate Collection Set: 0.5ms
[2021-04-19T22:01:02.534+0500][gc,phases    ] GC(1)   Other: 0.6ms
[2021-04-19T22:01:02.534+0500][gc,heap      ] GC(1) Eden regions: 21->0(49)
[2021-04-19T22:01:02.534+0500][gc,heap      ] GC(1) Survivor regions: 7->2(7)
[2021-04-19T22:01:02.534+0500][gc,heap      ] GC(1) Old regions: 2->9
[2021-04-19T22:01:02.534+0500][gc,heap      ] GC(1) Humongous regions: 129->129
[2021-04-19T22:01:02.534+0500][gc,metaspace ] GC(1) Metaspace: 20532K->20532K(1067008K)
[2021-04-19T22:01:02.534+0500][gc           ] GC(1) Pause Young (Concurrent Start) (Metadata GC Threshold) 156M->137M(1024M) 14.189ms
[2021-04-19T22:01:02.534+0500][gc,cpu       ] GC(1) User=0.04s Sys=0.01s Real=0.01s
[2021-04-19T22:01:02.534+0500][gc           ] GC(2) Concurrent Cycle
[2021-04-19T22:01:02.534+0500][gc,marking   ] GC(2) Concurrent Clear Claimed Marks
[2021-04-19T22:01:02.534+0500][gc,marking   ] GC(2) Concurrent Clear Claimed Marks 0.046ms
[2021-04-19T22:01:02.534+0500][gc,marking   ] GC(2) Concurrent Scan Root Regions
[2021-04-19T22:01:02.535+0500][gc,marking   ] GC(2) Concurrent Scan Root Regions 0.963ms
[2021-04-19T22:01:02.535+0500][gc,marking   ] GC(2) Concurrent Mark (5.339s)
[2021-04-19T22:01:02.535+0500][gc,marking   ] GC(2) Concurrent Mark From Roots
[2021-04-19T22:01:02.535+0500][gc,task      ] GC(2) Using 1 workers of 1 for marking
[2021-04-19T22:01:02.556+0500][gc,marking   ] GC(2) Concurrent Mark From Roots 20.910ms
[2021-04-19T22:01:02.556+0500][gc,marking   ] GC(2) Concurrent Preclean
[2021-04-19T22:01:02.557+0500][gc,marking   ] GC(2) Concurrent Preclean 0.147ms
[2021-04-19T22:01:02.557+0500][gc,marking   ] GC(2) Concurrent Mark (5.339s, 5.360s) 21.148ms
[2021-04-19T22:01:02.557+0500][gc,start     ] GC(2) Pause Remark
[2021-04-19T22:01:02.559+0500][gc,stringtable] GC(2) Cleaned string and symbol table, strings: 5043 processed, 0 removed, symbols: 51393 processed, 43 removed
[2021-04-19T22:01:02.560+0500][gc            ] GC(2) Pause Remark 139M->139M(1024M) 2.959ms
[2021-04-19T22:01:02.560+0500][gc,cpu        ] GC(2) User=0.01s Sys=0.00s Real=0.00s
[2021-04-19T22:01:02.560+0500][gc,marking    ] GC(2) Concurrent Rebuild Remembered Sets
[2021-04-19T22:01:02.565+0500][gc,marking    ] GC(2) Concurrent Rebuild Remembered Sets 5.775ms
[2021-04-19T22:01:02.566+0500][gc,start      ] GC(2) Pause Cleanup
[2021-04-19T22:01:02.566+0500][gc            ] GC(2) Pause Cleanup 139M->139M(1024M) 0.229ms
[2021-04-19T22:01:02.566+0500][gc,cpu        ] GC(2) User=0.00s Sys=0.00s Real=0.00s
[2021-04-19T22:01:02.566+0500][gc,marking    ] GC(2) Concurrent Cleanup for Next Mark
[2021-04-19T22:01:02.574+0500][gc,marking    ] GC(2) Concurrent Cleanup for Next Mark 7.630ms
[2021-04-19T22:01:02.574+0500][gc            ] GC(2) Concurrent Cycle 39.280ms
[2021-04-19T22:01:03.577+0500][gc,start      ] GC(3) Pause Young (Concurrent Start) (G1 Evacuation Pause)
[2021-04-19T22:01:03.577+0500][gc,task       ] GC(3) Using 4 workers of 4 for evacuation
[2021-04-19T22:01:03.586+0500][gc,phases     ] GC(3)   Pre Evacuate Collection Set: 0.1ms
[2021-04-19T22:01:03.586+0500][gc,phases     ] GC(3)   Evacuate Collection Set: 8.5ms
[2021-04-19T22:01:03.586+0500][gc,phases     ] GC(3)   Post Evacuate Collection Set: 0.4ms
[2021-04-19T22:01:03.586+0500][gc,phases     ] GC(3)   Other: 0.3ms
[2021-04-19T22:01:03.586+0500][gc,heap       ] GC(3) Eden regions: 49->0(46)
[2021-04-19T22:01:03.586+0500][gc,heap       ] GC(3) Survivor regions: 2->5(7)
[2021-04-19T22:01:03.586+0500][gc,heap       ] GC(3) Old regions: 9->9
[2021-04-19T22:01:03.586+0500][gc,heap       ] GC(3) Humongous regions: 129->129
[2021-04-19T22:01:03.586+0500][gc,metaspace  ] GC(3) Metaspace: 30116K->30116K(1077248K)
[2021-04-19T22:01:03.586+0500][gc            ] GC(3) Pause Young (Concurrent Start) (G1 Evacuation Pause) 186M->140M(1024M) 9.481ms
[2021-04-19T22:01:03.586+0500][gc,cpu        ] GC(3) User=0.03s Sys=0.00s Real=0.01s
[2021-04-19T22:01:03.586+0500][gc            ] GC(4) Concurrent Cycle
[2021-04-19T22:01:03.586+0500][gc,marking    ] GC(4) Concurrent Clear Claimed Marks
[2021-04-19T22:01:03.586+0500][gc,marking    ] GC(4) Concurrent Clear Claimed Marks 0.060ms
[2021-04-19T22:01:03.586+0500][gc,marking    ] GC(4) Concurrent Scan Root Regions
[2021-04-19T22:01:03.590+0500][gc,marking    ] GC(4) Concurrent Scan Root Regions 4.120ms
[2021-04-19T22:01:03.590+0500][gc,marking    ] GC(4) Concurrent Mark (6.394s)
[2021-04-19T22:01:03.590+0500][gc,marking    ] GC(4) Concurrent Mark From Roots
[2021-04-19T22:01:03.590+0500][gc,task       ] GC(4) Using 1 workers of 1 for marking
[2021-04-19T22:01:03.603+0500][gc,marking    ] GC(4) Concurrent Mark From Roots 12.801ms
[2021-04-19T22:01:03.603+0500][gc,marking    ] GC(4) Concurrent Preclean
[2021-04-19T22:01:03.603+0500][gc,marking    ] GC(4) Concurrent Preclean 0.139ms
[2021-04-19T22:01:03.603+0500][gc,marking    ] GC(4) Concurrent Mark (6.394s, 6.407s) 13.042ms
[2021-04-19T22:01:03.604+0500][gc,start      ] GC(4) Pause Remark
[2021-04-19T22:01:03.610+0500][gc,stringtable] GC(4) Cleaned string and symbol table, strings: 9197 processed, 10 removed, symbols: 73194 processed, 18 removed
[2021-04-19T22:01:03.610+0500][gc            ] GC(4) Pause Remark 141M->141M(1024M) 6.453ms
[2021-04-19T22:01:03.610+0500][gc,cpu        ] GC(4) User=0.03s Sys=0.01s Real=0.01s
[2021-04-19T22:01:03.610+0500][gc,marking    ] GC(4) Concurrent Rebuild Remembered Sets
[2021-04-19T22:01:03.618+0500][gc,marking    ] GC(4) Concurrent Rebuild Remembered Sets 8.106ms
[2021-04-19T22:01:03.620+0500][gc,start      ] GC(4) Pause Cleanup
[2021-04-19T22:01:03.621+0500][gc            ] GC(4) Pause Cleanup 142M->142M(1024M) 0.356ms
[2021-04-19T22:01:03.621+0500][gc,cpu        ] GC(4) User=0.00s Sys=0.00s Real=0.00s
[2021-04-19T22:01:03.621+0500][gc,marking    ] GC(4) Concurrent Cleanup for Next Mark
[2021-04-19T22:01:03.634+0500][gc,marking    ] GC(4) Concurrent Cleanup for Next Mark 13.515ms
[2021-04-19T22:01:03.634+0500][gc            ] GC(4) Concurrent Cycle 48.312ms
[2021-04-19T22:01:32.441+0500][gc,start      ] GC(5) Pause Young (Normal) (G1 Evacuation Pause)
[2021-04-19T22:01:32.441+0500][gc,task       ] GC(5) Using 4 workers of 4 for evacuation
[2021-04-19T22:01:32.457+0500][gc,phases     ] GC(5)   Pre Evacuate Collection Set: 0.0ms
[2021-04-19T22:01:32.457+0500][gc,phases     ] GC(5)   Evacuate Collection Set: 14.7ms
[2021-04-19T22:01:32.457+0500][gc,phases     ] GC(5)   Post Evacuate Collection Set: 0.6ms
[2021-04-19T22:01:32.457+0500][gc,phases     ] GC(5)   Other: 0.2ms
[2021-04-19T22:01:32.457+0500][gc,heap       ] GC(5) Eden regions: 46->0(44)
[2021-04-19T22:01:32.457+0500][gc,heap       ] GC(5) Survivor regions: 5->7(7)
[2021-04-19T22:01:32.457+0500][gc,heap       ] GC(5) Old regions: 9->10
[2021-04-19T22:01:32.457+0500][gc,heap       ] GC(5) Humongous regions: 129->129
[2021-04-19T22:01:32.457+0500][gc,metaspace  ] GC(5) Metaspace: 37256K->37256K(1083392K)
[2021-04-19T22:01:32.457+0500][gc            ] GC(5) Pause Young (Normal) (G1 Evacuation Pause) 186M->143M(1024M) 15.641ms
[2021-04-19T22:01:32.457+0500][gc,cpu        ] GC(5) User=0.04s Sys=0.00s Real=0.02s
[2021-04-19T22:21:32.789+0500][gc,start      ] GC(6) Pause Young (Normal) (G1 Evacuation Pause)
[2021-04-19T22:21:32.790+0500][gc,task       ] GC(6) Using 4 workers of 4 for evacuation
[2021-04-19T22:21:32.802+0500][gc,phases     ] GC(6)   Pre Evacuate Collection Set: 0.0ms
[2021-04-19T22:21:32.802+0500][gc,phases     ] GC(6)   Evacuate Collection Set: 11.6ms
[2021-04-19T22:21:32.802+0500][gc,phases     ] GC(6)   Post Evacuate Collection Set: 0.7ms
[2021-04-19T22:21:32.802+0500][gc,phases     ] GC(6)   Other: 0.7ms
[2021-04-19T22:21:32.802+0500][gc,heap       ] GC(6) Eden regions: 44->0(48)
[2021-04-19T22:21:32.802+0500][gc,heap       ] GC(6) Survivor regions: 7->3(7)
[2021-04-19T22:21:32.802+0500][gc,heap       ] GC(6) Old regions: 10->13
[2021-04-19T22:21:32.802+0500][gc,heap       ] GC(6) Humongous regions: 129->129
[2021-04-19T22:21:32.802+0500][gc,metaspace  ] GC(6) Metaspace: 38475K->38475K(1083392K)
[2021-04-19T22:21:32.803+0500][gc            ] GC(6) Pause Young (Normal) (G1 Evacuation Pause) 187M->143M(1024M) 13.131ms
[2021-04-19T22:21:32.803+0500][gc,cpu        ] GC(6) User=0.04s Sys=0.00s Real=0.01s
[2021-04-19T22:48:55.868+0500][gc,start      ] GC(7) Pause Young (Normal) (G1 Evacuation Pause)
[2021-04-19T22:48:55.890+0500][gc,task       ] GC(7) Using 4 workers of 4 for evacuation
[2021-04-19T22:48:55.896+0500][gc,phases     ] GC(7)   Pre Evacuate Collection Set: 0.0ms
[2021-04-19T22:48:55.896+0500][gc,phases     ] GC(7)   Evacuate Collection Set: 4.7ms
[2021-04-19T22:48:55.896+0500][gc,phases     ] GC(7)   Post Evacuate Collection Set: 1.0ms
[2021-04-19T22:48:55.896+0500][gc,phases     ] GC(7)   Other: 22.4ms
[2021-04-19T22:48:55.896+0500][gc,heap       ] GC(7) Eden regions: 48->0(48)
[2021-04-19T22:48:55.896+0500][gc,heap       ] GC(7) Survivor regions: 3->3(7)
[2021-04-19T22:48:55.896+0500][gc,heap       ] GC(7) Old regions: 13->13
[2021-04-19T22:48:55.896+0500][gc,heap       ] GC(7) Humongous regions: 129->129
[2021-04-19T22:48:55.896+0500][gc,metaspace  ] GC(7) Metaspace: 38615K->38615K(1085440K)
[2021-04-19T22:48:55.896+0500][gc            ] GC(7) Pause Young (Normal) (G1 Evacuation Pause) 191M->143M(1024M) 28.301ms
[2021-04-19T22:48:55.896+0500][gc,cpu        ] GC(7) User=0.02s Sys=0.00s Real=0.02s
[2021-04-19T23:16:45.868+0500][gc,start      ] GC(8) Pause Young (Normal) (G1 Evacuation Pause)
[2021-04-19T23:16:45.868+0500][gc,task       ] GC(8) Using 4 workers of 4 for evacuation
[2021-04-19T23:16:45.877+0500][gc,phases     ] GC(8)   Pre Evacuate Collection Set: 0.0ms
[2021-04-19T23:16:45.877+0500][gc,phases     ] GC(8)   Evacuate Collection Set: 6.6ms
[2021-04-19T23:16:45.877+0500][gc,phases     ] GC(8)   Post Evacuate Collection Set: 1.9ms
[2021-04-19T23:16:45.877+0500][gc,phases     ] GC(8)   Other: 0.4ms
[2021-04-19T23:16:45.877+0500][gc,heap       ] GC(8) Eden regions: 48->0(48)
[2021-04-19T23:16:45.877+0500][gc,heap       ] GC(8) Survivor regions: 3->3(7)
[2021-04-19T23:16:45.877+0500][gc,heap       ] GC(8) Old regions: 13->13
[2021-04-19T23:16:45.877+0500][gc,heap       ] GC(8) Humongous regions: 129->129
[2021-04-19T23:16:45.877+0500][gc,metaspace  ] GC(8) Metaspace: 38698K->38698K(1085440K)
[2021-04-19T23:16:45.877+0500][gc            ] GC(8) Pause Young (Normal) (G1 Evacuation Pause) 191M->143M(1024M) 8.987ms
[2021-04-19T23:16:45.877+0500][gc,cpu        ] GC(8) User=0.02s Sys=0.00s Real=0.01s
[2021-04-19T23:44:40.868+0500][gc,start      ] GC(9) Pause Young (Normal) (G1 Evacuation Pause)
[2021-04-19T23:44:40.892+0500][gc,task       ] GC(9) Using 4 workers of 4 for evacuation
[2021-04-19T23:44:40.910+0500][gc,phases     ] GC(9)   Pre Evacuate Collection Set: 0.3ms
[2021-04-19T23:44:40.910+0500][gc,phases     ] GC(9)   Evacuate Collection Set: 15.5ms
[2021-04-19T23:44:40.910+0500][gc,phases     ] GC(9)   Post Evacuate Collection Set: 1.8ms
[2021-04-19T23:44:40.910+0500][gc,phases     ] GC(9)   Other: 24.5ms
[2021-04-19T23:44:40.910+0500][gc,heap       ] GC(9) Eden regions: 48->0(48)
[2021-04-19T23:44:40.910+0500][gc,heap       ] GC(9) Survivor regions: 3->3(7)
[2021-04-19T23:44:40.910+0500][gc,heap       ] GC(9) Old regions: 13->13
[2021-04-19T23:44:40.910+0500][gc,heap       ] GC(9) Humongous regions: 129->129
[2021-04-19T23:44:40.910+0500][gc,metaspace  ] GC(9) Metaspace: 38733K->38733K(1085440K)
[2021-04-19T23:44:40.910+0500][gc            ] GC(9) Pause Young (Normal) (G1 Evacuation Pause) 191M->143M(1024M) 42.383ms
[2021-04-19T23:44:40.910+0500][gc,cpu        ] GC(9) User=0.02s Sys=0.00s Real=0.04s
[2021-04-20T00:12:35.868+0500][gc,start      ] GC(10) Pause Young (Normal) (G1 Evacuation Pause)
[2021-04-20T00:12:35.868+0500][gc,task       ] GC(10) Using 4 workers of 4 for evacuation
[2021-04-20T00:12:35.878+0500][gc,phases     ] GC(10)   Pre Evacuate Collection Set: 0.1ms
[2021-04-20T00:12:35.878+0500][gc,phases     ] GC(10)   Evacuate Collection Set: 8.1ms
[2021-04-20T00:12:35.878+0500][gc,phases     ] GC(10)   Post Evacuate Collection Set: 0.7ms
[2021-04-20T00:12:35.878+0500][gc,phases     ] GC(10)   Other: 0.6ms
[2021-04-20T00:12:35.878+0500][gc,heap       ] GC(10) Eden regions: 48->0(48)
[2021-04-20T00:12:35.878+0500][gc,heap       ] GC(10) Survivor regions: 3->3(7)
[2021-04-20T00:12:35.878+0500][gc,heap       ] GC(10) Old regions: 13->13
[2021-04-20T00:12:35.878+0500][gc,heap       ] GC(10) Humongous regions: 129->129
[2021-04-20T00:12:35.878+0500][gc,metaspace  ] GC(10) Metaspace: 38791K->38791K(1085440K)
[2021-04-20T00:12:35.878+0500][gc            ] GC(10) Pause Young (Normal) (G1 Evacuation Pause) 191M->143M(1024M) 9.469ms
[2021-04-20T00:12:35.878+0500][gc,cpu        ] GC(10) User=0.03s Sys=0.00s Real=0.01s
[2021-04-20T00:40:55.868+0500][gc,start      ] GC(11) Pause Young (Normal) (G1 Evacuation Pause)
[2021-04-20T00:40:55.868+0500][gc,task       ] GC(11) Using 4 workers of 4 for evacuation
[2021-04-20T00:40:55.877+0500][gc,phases     ] GC(11)   Pre Evacuate Collection Set: 0.1ms
[2021-04-20T00:40:55.877+0500][gc,phases     ] GC(11)   Evacuate Collection Set: 7.8ms
[2021-04-20T00:40:55.877+0500][gc,phases     ] GC(11)   Post Evacuate Collection Set: 0.9ms
[2021-04-20T00:40:55.877+0500][gc,phases     ] GC(11)   Other: 0.6ms
[2021-04-20T00:40:55.878+0500][gc,heap       ] GC(11) Eden regions: 48->0(50)
[2021-04-20T00:40:55.878+0500][gc,heap       ] GC(11) Survivor regions: 3->3(7)
[2021-04-20T00:40:55.878+0500][gc,heap       ] GC(11) Old regions: 13->13
[2021-04-20T00:40:55.878+0500][gc,heap       ] GC(11) Humongous regions: 129->129
[2021-04-20T00:40:55.878+0500][gc,metaspace  ] GC(11) Metaspace: 38802K->38802K(1085440K)
[2021-04-20T00:40:55.878+0500][gc            ] GC(11) Pause Young (Normal) (G1 Evacuation Pause) 191M->143M(1024M) 9.397ms
[2021-04-20T00:40:55.878+0500][gc,cpu        ] GC(11) User=0.02s Sys=0.01s Real=0.01s
[2021-04-20T01:31:42.813+0500][gc,start      ] GC(12) Pause Young (Normal) (G1 Evacuation Pause)
[2021-04-20T01:31:42.845+0500][gc,task       ] GC(12) Using 4 workers of 4 for evacuation
[2021-04-20T01:31:42.920+0500][gc,mmu        ] GC(12) MMU target violated: 21.0ms (20.0ms/21.0ms)
[2021-04-20T01:31:42.920+0500][gc,phases     ] GC(12)   Pre Evacuate Collection Set: 0.2ms
[2021-04-20T01:31:42.920+0500][gc,phases     ] GC(12)   Evacuate Collection Set: 72.4ms
[2021-04-20T01:31:42.920+0500][gc,phases     ] GC(12)   Post Evacuate Collection Set: 1.6ms
[2021-04-20T01:31:42.920+0500][gc,phases     ] GC(12)   Other: 32.6ms
[2021-04-20T01:31:42.920+0500][gc,heap       ] GC(12) Eden regions: 50->0(48)
[2021-04-20T01:31:42.920+0500][gc,heap       ] GC(12) Survivor regions: 3->3(7)
[2021-04-20T01:31:42.920+0500][gc,heap       ] GC(12) Old regions: 13->13
[2021-04-20T01:31:42.920+0500][gc,heap       ] GC(12) Humongous regions: 129->129
[2021-04-20T01:31:42.920+0500][gc,metaspace  ] GC(12) Metaspace: 38818K->38818K(1085440K)
[2021-04-20T01:31:42.947+0500][gc            ] GC(12) Pause Young (Normal) (G1 Evacuation Pause) 193M->143M(1024M) 133.543ms
[2021-04-20T01:31:42.947+0500][gc,cpu        ] GC(12) User=0.09s Sys=0.00s Real=0.13s
[2021-04-20T04:29:32.179+0500][gc,start      ] GC(13) Pause Young (Normal) (G1 Evacuation Pause)
[2021-04-20T04:29:32.208+0500][gc,task       ] GC(13) Using 4 workers of 4 for evacuation
[2021-04-20T04:29:32.262+0500][gc,mmu        ] GC(13) MMU target violated: 21.0ms (20.0ms/21.0ms)
[2021-04-20T04:29:32.262+0500][gc,phases     ] GC(13)   Pre Evacuate Collection Set: 0.1ms
[2021-04-20T04:29:32.262+0500][gc,phases     ] GC(13)   Evacuate Collection Set: 38.9ms
[2021-04-20T04:29:32.262+0500][gc,phases     ] GC(13)   Post Evacuate Collection Set: 14.6ms
[2021-04-20T04:29:32.262+0500][gc,phases     ] GC(13)   Other: 29.3ms
[2021-04-20T04:29:32.262+0500][gc,heap       ] GC(13) Eden regions: 48->0(48)
[2021-04-20T04:29:32.262+0500][gc,heap       ] GC(13) Survivor regions: 3->3(7)
[2021-04-20T04:29:32.262+0500][gc,heap       ] GC(13) Old regions: 13->13
[2021-04-20T04:29:32.262+0500][gc,heap       ] GC(13) Humongous regions: 129->129
[2021-04-20T04:29:32.262+0500][gc,metaspace  ] GC(13) Metaspace: 38828K->38828K(1085440K)
[2021-04-20T04:29:32.262+0500][gc            ] GC(13) Pause Young (Normal) (G1 Evacuation Pause) 191M->143M(1024M) 83.285ms
[2021-04-20T04:29:32.262+0500][gc,cpu        ] GC(13) User=0.04s Sys=0.01s Real=0.08s
[2021-04-20T11:24:18.389+0500][gc,start      ] GC(14) Pause Young (Normal) (G1 Evacuation Pause)
[2021-04-20T11:24:18.539+0500][gc,task       ] GC(14) Using 4 workers of 4 for evacuation
[2021-04-20T11:24:19.631+0500][gc,mmu        ] GC(14) MMU target violated: 21.0ms (20.0ms/21.0ms)
[2021-04-20T11:24:19.631+0500][gc,phases     ] GC(14)   Pre Evacuate Collection Set: 0.0ms
[2021-04-20T11:24:19.631+0500][gc,phases     ] GC(14)   Evacuate Collection Set: 1090.6ms
[2021-04-20T11:24:19.631+0500][gc,phases     ] GC(14)   Post Evacuate Collection Set: 0.7ms
[2021-04-20T11:24:19.759+0500][gc,phases     ] GC(14)   Other: 319.1ms
[2021-04-20T11:24:19.760+0500][gc,heap       ] GC(14) Eden regions: 48->0(48)
[2021-04-20T11:24:19.760+0500][gc,heap       ] GC(14) Survivor regions: 3->3(7)
[2021-04-20T11:24:19.760+0500][gc,heap       ] GC(14) Old regions: 13->13
[2021-04-20T11:24:19.760+0500][gc,heap       ] GC(14) Humongous regions: 129->129
[2021-04-20T11:24:19.760+0500][gc,metaspace  ] GC(14) Metaspace: 38830K->38830K(1085440K)
[2021-04-20T11:24:19.984+0500][gc            ] GC(14) Pause Young (Normal) (G1 Evacuation Pause) 191M->143M(1024M) 1504.303ms
[2021-04-20T11:24:19.984+0500][gc,cpu        ] GC(14) User=0.21s Sys=0.00s Real=1.60s
[2021-04-20T11:38:42.817+0500][gc,heap,exit  ] Heap
[2021-04-20T11:38:43.026+0500][gc,heap,exit  ]  garbage-first heap   total 1048576K, used 177335K [0x00000000c0000000, 0x0000000100000000)
[2021-04-20T11:38:43.026+0500][gc,heap,exit  ]   region size 1024K, 35 young (35840K), 3 survivors (3072K)
[2021-04-20T11:38:43.026+0500][gc,heap,exit  ]  Metaspace       used 39456K, capacity 41558K, committed 41728K, reserved 1085440K
[2021-04-20T11:38:43.026+0500][gc,heap,exit  ]   class space    used 4795K, capacity 5793K, committed 5888K, reserved 1048576K
