[2021-04-20T20:53:08.453+0500][gc,heap] Heap region size: 1M
[2021-04-20T20:53:08.463+0500][gc     ] Using G1
[2021-04-20T20:53:08.463+0500][gc,heap,coops] Heap address: 0x00000000c0000000, size: 1024 MB, Compressed Oops mode: 32-bit
[2021-04-20T20:53:08.464+0500][gc,cds       ] Mark closed archive regions in map: [0x00000000fff00000, 0x00000000fff6aff8]
[2021-04-20T20:53:08.464+0500][gc,cds       ] Mark open archive regions in map: [0x00000000ffe00000, 0x00000000ffe46ff8]
[2021-04-20T20:53:25.011+0500][gc,start     ] GC(0) Pause Young (Normal) (G1 Evacuation Pause)
[2021-04-20T20:53:25.012+0500][gc,task      ] GC(0) Using 4 workers of 4 for evacuation
[2021-04-20T20:53:25.027+0500][gc,phases    ] GC(0)   Pre Evacuate Collection Set: 0.1ms
[2021-04-20T20:53:25.027+0500][gc,phases    ] GC(0)   Evacuate Collection Set: 13.8ms
[2021-04-20T20:53:25.027+0500][gc,phases    ] GC(0)   Post Evacuate Collection Set: 0.5ms
[2021-04-20T20:53:25.027+0500][gc,phases    ] GC(0)   Other: 2.0ms
[2021-04-20T20:53:25.027+0500][gc,heap      ] GC(0) Eden regions: 51->0(44)
[2021-04-20T20:53:25.027+0500][gc,heap      ] GC(0) Survivor regions: 0->7(7)
[2021-04-20T20:53:25.027+0500][gc,heap      ] GC(0) Old regions: 2->2
[2021-04-20T20:53:25.027+0500][gc,heap      ] GC(0) Humongous regions: 0->0
[2021-04-20T20:53:25.027+0500][gc,metaspace ] GC(0) Metaspace: 15451K->15451K(1062912K)
[2021-04-20T20:53:25.027+0500][gc           ] GC(0) Pause Young (Normal) (G1 Evacuation Pause) 51M->6M(1024M) 16.423ms
[2021-04-20T20:53:25.027+0500][gc,cpu       ] GC(0) User=0.05s Sys=0.01s Real=0.02s
[2021-04-20T20:53:27.798+0500][gc,start     ] GC(1) Pause Young (Concurrent Start) (Metadata GC Threshold)
[2021-04-20T20:53:27.798+0500][gc,task      ] GC(1) Using 4 workers of 4 for evacuation
[2021-04-20T20:53:27.815+0500][gc,phases    ] GC(1)   Pre Evacuate Collection Set: 0.1ms
[2021-04-20T20:53:27.815+0500][gc,phases    ] GC(1)   Evacuate Collection Set: 15.7ms
[2021-04-20T20:53:27.815+0500][gc,phases    ] GC(1)   Post Evacuate Collection Set: 0.4ms
[2021-04-20T20:53:27.815+0500][gc,phases    ] GC(1)   Other: 0.7ms
[2021-04-20T20:53:27.815+0500][gc,heap      ] GC(1) Eden regions: 22->0(49)
[2021-04-20T20:53:27.815+0500][gc,heap      ] GC(1) Survivor regions: 7->2(7)
[2021-04-20T20:53:27.815+0500][gc,heap      ] GC(1) Old regions: 2->9
[2021-04-20T20:53:27.815+0500][gc,heap      ] GC(1) Humongous regions: 129->129
[2021-04-20T20:53:27.815+0500][gc,metaspace ] GC(1) Metaspace: 20575K->20575K(1067008K)
[2021-04-20T20:53:27.815+0500][gc           ] GC(1) Pause Young (Concurrent Start) (Metadata GC Threshold) 157M->137M(1024M) 16.912ms
[2021-04-20T20:53:27.815+0500][gc,cpu       ] GC(1) User=0.04s Sys=0.00s Real=0.02s
[2021-04-20T20:53:27.815+0500][gc           ] GC(2) Concurrent Cycle
[2021-04-20T20:53:27.815+0500][gc,marking   ] GC(2) Concurrent Clear Claimed Marks
[2021-04-20T20:53:27.815+0500][gc,marking   ] GC(2) Concurrent Clear Claimed Marks 0.046ms
[2021-04-20T20:53:27.815+0500][gc,marking   ] GC(2) Concurrent Scan Root Regions
[2021-04-20T20:53:27.816+0500][gc,marking   ] GC(2) Concurrent Scan Root Regions 0.861ms
[2021-04-20T20:53:27.816+0500][gc,marking   ] GC(2) Concurrent Mark (19.468s)
[2021-04-20T20:53:27.816+0500][gc,marking   ] GC(2) Concurrent Mark From Roots
[2021-04-20T20:53:27.816+0500][gc,task      ] GC(2) Using 1 workers of 1 for marking
[2021-04-20T20:53:27.834+0500][gc,marking   ] GC(2) Concurrent Mark From Roots 18.553ms
[2021-04-20T20:53:27.834+0500][gc,marking   ] GC(2) Concurrent Preclean
[2021-04-20T20:53:27.835+0500][gc,marking   ] GC(2) Concurrent Preclean 0.096ms
[2021-04-20T20:53:27.835+0500][gc,marking   ] GC(2) Concurrent Mark (19.468s, 19.487s) 18.738ms
[2021-04-20T20:53:27.835+0500][gc,start     ] GC(2) Pause Remark
[2021-04-20T20:53:27.837+0500][gc,stringtable] GC(2) Cleaned string and symbol table, strings: 4974 processed, 0 removed, symbols: 50563 processed, 42 removed
[2021-04-20T20:53:27.837+0500][gc            ] GC(2) Pause Remark 138M->138M(1024M) 2.472ms
[2021-04-20T20:53:27.837+0500][gc,cpu        ] GC(2) User=0.00s Sys=0.00s Real=0.00s
[2021-04-20T20:53:27.837+0500][gc,marking    ] GC(2) Concurrent Rebuild Remembered Sets
[2021-04-20T20:53:27.843+0500][gc,marking    ] GC(2) Concurrent Rebuild Remembered Sets 5.363ms
[2021-04-20T20:53:27.843+0500][gc,start      ] GC(2) Pause Cleanup
[2021-04-20T20:53:27.843+0500][gc            ] GC(2) Pause Cleanup 138M->138M(1024M) 0.226ms
[2021-04-20T20:53:27.843+0500][gc,cpu        ] GC(2) User=0.00s Sys=0.00s Real=0.00s
[2021-04-20T20:53:27.843+0500][gc,marking    ] GC(2) Concurrent Cleanup for Next Mark
[2021-04-20T20:53:27.851+0500][gc,marking    ] GC(2) Concurrent Cleanup for Next Mark 8.128ms
[2021-04-20T20:53:27.852+0500][gc            ] GC(2) Concurrent Cycle 36.710ms
[2021-04-20T20:53:29.696+0500][gc,start      ] GC(3) Pause Young (Normal) (G1 Evacuation Pause)
[2021-04-20T20:53:29.697+0500][gc,task       ] GC(3) Using 4 workers of 4 for evacuation
[2021-04-20T20:53:29.706+0500][gc,phases     ] GC(3)   Pre Evacuate Collection Set: 0.0ms
[2021-04-20T20:53:29.706+0500][gc,phases     ] GC(3)   Evacuate Collection Set: 9.2ms
[2021-04-20T20:53:29.707+0500][gc,phases     ] GC(3)   Post Evacuate Collection Set: 0.5ms
[2021-04-20T20:53:29.707+0500][gc,phases     ] GC(3)   Other: 0.3ms
[2021-04-20T20:53:29.707+0500][gc,heap       ] GC(3) Eden regions: 49->0(46)
[2021-04-20T20:53:29.707+0500][gc,heap       ] GC(3) Survivor regions: 2->5(7)
[2021-04-20T20:53:29.707+0500][gc,heap       ] GC(3) Old regions: 9->9
[2021-04-20T20:53:29.707+0500][gc,heap       ] GC(3) Humongous regions: 129->129
[2021-04-20T20:53:29.707+0500][gc,metaspace  ] GC(3) Metaspace: 29971K->29971K(1077248K)
[2021-04-20T20:53:29.707+0500][gc            ] GC(3) Pause Young (Normal) (G1 Evacuation Pause) 186M->140M(1024M) 10.146ms
[2021-04-20T20:53:29.707+0500][gc,cpu        ] GC(3) User=0.04s Sys=0.00s Real=0.01s
[2021-04-20T20:56:45.285+0500][gc,start      ] GC(4) Pause Young (Concurrent Start) (Metadata GC Threshold)
[2021-04-20T20:56:45.298+0500][gc,task       ] GC(4) Using 4 workers of 4 for evacuation
[2021-04-20T20:56:45.316+0500][gc,phases     ] GC(4)   Pre Evacuate Collection Set: 0.1ms
[2021-04-20T20:56:45.316+0500][gc,phases     ] GC(4)   Evacuate Collection Set: 16.4ms
[2021-04-20T20:56:45.316+0500][gc,phases     ] GC(4)   Post Evacuate Collection Set: 0.7ms
[2021-04-20T20:56:45.316+0500][gc,phases     ] GC(4)   Other: 13.6ms
[2021-04-20T20:56:45.316+0500][gc,heap       ] GC(4) Eden regions: 23->0(49)
[2021-04-20T20:56:45.316+0500][gc,heap       ] GC(4) Survivor regions: 5->2(7)
[2021-04-20T20:56:45.316+0500][gc,heap       ] GC(4) Old regions: 9->13
[2021-04-20T20:56:45.316+0500][gc,heap       ] GC(4) Humongous regions: 129->129
[2021-04-20T20:56:45.316+0500][gc,metaspace  ] GC(4) Metaspace: 34285K->34285K(1081344K)
[2021-04-20T20:56:45.316+0500][gc            ] GC(4) Pause Young (Concurrent Start) (Metadata GC Threshold) 162M->141M(1024M) 31.006ms
[2021-04-20T20:56:45.316+0500][gc,cpu        ] GC(4) User=0.04s Sys=0.00s Real=0.03s
[2021-04-20T20:56:45.316+0500][gc            ] GC(5) Concurrent Cycle
[2021-04-20T20:56:45.316+0500][gc,marking    ] GC(5) Concurrent Clear Claimed Marks
[2021-04-20T20:56:45.316+0500][gc,marking    ] GC(5) Concurrent Clear Claimed Marks 0.094ms
[2021-04-20T20:56:45.316+0500][gc,marking    ] GC(5) Concurrent Scan Root Regions
[2021-04-20T20:56:45.318+0500][gc,marking    ] GC(5) Concurrent Scan Root Regions 1.778ms
[2021-04-20T20:56:45.318+0500][gc,marking    ] GC(5) Concurrent Mark (216.970s)
[2021-04-20T20:56:45.318+0500][gc,marking    ] GC(5) Concurrent Mark From Roots
[2021-04-20T20:56:45.318+0500][gc,task       ] GC(5) Using 1 workers of 1 for marking
[2021-04-20T20:56:45.400+0500][gc,marking    ] GC(5) Concurrent Mark From Roots 82.108ms
[2021-04-20T20:56:45.400+0500][gc,marking    ] GC(5) Concurrent Preclean
[2021-04-20T20:56:45.400+0500][gc,marking    ] GC(5) Concurrent Preclean 0.122ms
[2021-04-20T20:56:45.400+0500][gc,marking    ] GC(5) Concurrent Mark (216.970s, 217.053s) 82.311ms
[2021-04-20T20:56:45.401+0500][gc,start      ] GC(5) Pause Remark
[2021-04-20T20:56:45.406+0500][gc,stringtable] GC(5) Cleaned string and symbol table, strings: 9883 processed, 10 removed, symbols: 79283 processed, 13 removed
[2021-04-20T20:56:45.407+0500][gc            ] GC(5) Pause Remark 143M->143M(1024M) 6.076ms
[2021-04-20T20:56:45.407+0500][gc,cpu        ] GC(5) User=0.02s Sys=0.00s Real=0.01s
[2021-04-20T20:56:45.407+0500][gc,marking    ] GC(5) Concurrent Rebuild Remembered Sets
[2021-04-20T20:56:45.423+0500][gc,marking    ] GC(5) Concurrent Rebuild Remembered Sets 15.458ms
[2021-04-20T20:56:45.423+0500][gc,start      ] GC(5) Pause Cleanup
[2021-04-20T20:56:45.424+0500][gc            ] GC(5) Pause Cleanup 143M->143M(1024M) 0.358ms
[2021-04-20T20:56:45.424+0500][gc,cpu        ] GC(5) User=0.00s Sys=0.00s Real=0.00s
[2021-04-20T20:56:45.424+0500][gc,marking    ] GC(5) Concurrent Cleanup for Next Mark
[2021-04-20T20:56:45.437+0500][gc,marking    ] GC(5) Concurrent Cleanup for Next Mark 13.232ms
[2021-04-20T20:56:45.437+0500][gc            ] GC(5) Concurrent Cycle 120.977ms
[2021-04-20T20:58:03.126+0500][gc,start      ] GC(6) Pause Young (Normal) (G1 Evacuation Pause)
[2021-04-20T20:58:03.126+0500][gc,task       ] GC(6) Using 4 workers of 4 for evacuation
[2021-04-20T20:58:03.139+0500][gc,phases     ] GC(6)   Pre Evacuate Collection Set: 0.0ms
[2021-04-20T20:58:03.139+0500][gc,phases     ] GC(6)   Evacuate Collection Set: 11.4ms
[2021-04-20T20:58:03.139+0500][gc,phases     ] GC(6)   Post Evacuate Collection Set: 0.6ms
[2021-04-20T20:58:03.139+0500][gc,phases     ] GC(6)   Other: 0.2ms
[2021-04-20T20:58:03.139+0500][gc,heap       ] GC(6) Eden regions: 49->0(47)
[2021-04-20T20:58:03.139+0500][gc,heap       ] GC(6) Survivor regions: 2->4(7)
[2021-04-20T20:58:03.139+0500][gc,heap       ] GC(6) Old regions: 13->13
[2021-04-20T20:58:03.139+0500][gc,heap       ] GC(6) Humongous regions: 129->129
[2021-04-20T20:58:03.139+0500][gc,metaspace  ] GC(6) Metaspace: 39074K->39074K(1085440K)
[2021-04-20T20:58:03.139+0500][gc            ] GC(6) Pause Young (Normal) (G1 Evacuation Pause) 190M->144M(1024M) 12.457ms
[2021-04-20T20:58:03.139+0500][gc,cpu        ] GC(6) User=0.02s Sys=0.00s Real=0.01s
[2021-04-20T21:17:51.299+0500][gc,start      ] GC(7) Pause Young (Normal) (G1 Evacuation Pause)
[2021-04-20T21:17:51.313+0500][gc,task       ] GC(7) Using 4 workers of 4 for evacuation
[2021-04-20T21:17:51.325+0500][gc,phases     ] GC(7)   Pre Evacuate Collection Set: 0.1ms
[2021-04-20T21:17:51.325+0500][gc,phases     ] GC(7)   Evacuate Collection Set: 11.6ms
[2021-04-20T21:17:51.325+0500][gc,phases     ] GC(7)   Post Evacuate Collection Set: 0.6ms
[2021-04-20T21:17:51.325+0500][gc,phases     ] GC(7)   Other: 14.6ms
[2021-04-20T21:17:51.325+0500][gc,heap       ] GC(7) Eden regions: 47->0(46)
[2021-04-20T21:17:51.325+0500][gc,heap       ] GC(7) Survivor regions: 4->5(7)
[2021-04-20T21:17:51.325+0500][gc,heap       ] GC(7) Old regions: 13->14
[2021-04-20T21:17:51.325+0500][gc,heap       ] GC(7) Humongous regions: 129->129
[2021-04-20T21:17:51.325+0500][gc,metaspace  ] GC(7) Metaspace: 39623K->39623K(1085440K)
[2021-04-20T21:17:51.325+0500][gc            ] GC(7) Pause Young (Normal) (G1 Evacuation Pause) 191M->145M(1024M) 26.924ms
[2021-04-20T21:17:51.325+0500][gc,cpu        ] GC(7) User=0.04s Sys=0.01s Real=0.03s
[2021-04-20T21:46:27.339+0500][gc,start      ] GC(8) Pause Young (Normal) (G1 Evacuation Pause)
[2021-04-20T21:46:27.382+0500][gc,task       ] GC(8) Using 4 workers of 4 for evacuation
[2021-04-20T21:46:27.424+0500][gc,mmu        ] GC(8) MMU target violated: 21.0ms (20.0ms/21.0ms)
[2021-04-20T21:46:27.424+0500][gc,phases     ] GC(8)   Pre Evacuate Collection Set: 17.0ms
[2021-04-20T21:46:27.424+0500][gc,phases     ] GC(8)   Evacuate Collection Set: 7.5ms
[2021-04-20T21:46:27.424+0500][gc,phases     ] GC(8)   Post Evacuate Collection Set: 17.3ms
[2021-04-20T21:46:27.424+0500][gc,phases     ] GC(8)   Other: 81.3ms
[2021-04-20T21:46:27.424+0500][gc,heap       ] GC(8) Eden regions: 46->0(49)
[2021-04-20T21:46:27.424+0500][gc,heap       ] GC(8) Survivor regions: 5->2(7)
[2021-04-20T21:46:27.424+0500][gc,heap       ] GC(8) Old regions: 14->17
[2021-04-20T21:46:27.424+0500][gc,heap       ] GC(8) Humongous regions: 129->129
[2021-04-20T21:46:27.424+0500][gc,metaspace  ] GC(8) Metaspace: 40023K->40023K(1085440K)
[2021-04-20T21:46:27.424+0500][gc            ] GC(8) Pause Young (Normal) (G1 Evacuation Pause) 191M->145M(1024M) 85.378ms
[2021-04-20T21:46:27.424+0500][gc,cpu        ] GC(8) User=0.03s Sys=0.00s Real=0.09s
[2021-04-20T22:14:28.964+0500][gc,start      ] GC(9) Pause Young (Normal) (G1 Evacuation Pause)
[2021-04-20T22:14:28.964+0500][gc,task       ] GC(9) Using 4 workers of 4 for evacuation
[2021-04-20T22:14:28.971+0500][gc,phases     ] GC(9)   Pre Evacuate Collection Set: 0.1ms
[2021-04-20T22:14:28.971+0500][gc,phases     ] GC(9)   Evacuate Collection Set: 5.8ms
[2021-04-20T22:14:28.971+0500][gc,phases     ] GC(9)   Post Evacuate Collection Set: 0.7ms
[2021-04-20T22:14:28.971+0500][gc,phases     ] GC(9)   Other: 0.6ms
[2021-04-20T22:14:28.971+0500][gc,heap       ] GC(9) Eden regions: 49->0(49)
[2021-04-20T22:14:28.971+0500][gc,heap       ] GC(9) Survivor regions: 2->2(7)
[2021-04-20T22:14:28.971+0500][gc,heap       ] GC(9) Old regions: 17->17
[2021-04-20T22:14:28.971+0500][gc,heap       ] GC(9) Humongous regions: 129->129
[2021-04-20T22:14:28.972+0500][gc,metaspace  ] GC(9) Metaspace: 40100K->40100K(1085440K)
[2021-04-20T22:14:28.972+0500][gc            ] GC(9) Pause Young (Normal) (G1 Evacuation Pause) 194M->145M(1024M) 7.426ms
[2021-04-20T22:14:28.972+0500][gc,cpu        ] GC(9) User=0.02s Sys=0.00s Real=0.00s
