[2020-12-29T15:32:39.078+0500][gc,heap] Heap region size: 1M
[2020-12-29T15:32:39.128+0500][gc     ] Using G1
[2020-12-29T15:32:39.128+0500][gc,heap,coops] Heap address: 0x00000000c0000000, size: 1024 MB, Compressed Oops mode: 32-bit
[2020-12-29T15:32:39.129+0500][gc,cds       ] Mark closed archive regions in map: [0x00000000fff00000, 0x00000000fff6aff8]
[2020-12-29T15:32:39.129+0500][gc,cds       ] Mark open archive regions in map: [0x00000000ffe00000, 0x00000000ffe46ff8]
[2020-12-29T15:33:07.390+0500][gc,start     ] GC(0) Pause Young (Normal) (G1 Evacuation Pause)
[2020-12-29T15:33:07.391+0500][gc,task      ] GC(0) Using 4 workers of 4 for evacuation
[2020-12-29T15:33:07.421+0500][gc,mmu       ] GC(0) MMU target violated: 21.0ms (20.0ms/21.0ms)
[2020-12-29T15:33:07.421+0500][gc,phases    ] GC(0)   Pre Evacuate Collection Set: 0.1ms
[2020-12-29T15:33:07.421+0500][gc,phases    ] GC(0)   Evacuate Collection Set: 28.0ms
[2020-12-29T15:33:07.421+0500][gc,phases    ] GC(0)   Post Evacuate Collection Set: 0.6ms
[2020-12-29T15:33:07.421+0500][gc,phases    ] GC(0)   Other: 2.2ms
[2020-12-29T15:33:07.421+0500][gc,heap      ] GC(0) Eden regions: 51->0(44)
[2020-12-29T15:33:07.421+0500][gc,heap      ] GC(0) Survivor regions: 0->7(7)
[2020-12-29T15:33:07.421+0500][gc,heap      ] GC(0) Old regions: 2->2
[2020-12-29T15:33:07.421+0500][gc,heap      ] GC(0) Humongous regions: 0->0
[2020-12-29T15:33:07.421+0500][gc,metaspace ] GC(0) Metaspace: 15472K->15472K(1062912K)
[2020-12-29T15:33:07.421+0500][gc           ] GC(0) Pause Young (Normal) (G1 Evacuation Pause) 51M->6M(1024M) 30.879ms
[2020-12-29T15:33:07.421+0500][gc,cpu       ] GC(0) User=0.07s Sys=0.01s Real=0.03s
[2020-12-29T15:33:13.344+0500][gc,start     ] GC(1) Pause Young (Concurrent Start) (Metadata GC Threshold)
[2020-12-29T15:33:13.344+0500][gc,task      ] GC(1) Using 4 workers of 4 for evacuation
[2020-12-29T15:33:13.381+0500][gc,mmu       ] GC(1) MMU target violated: 21.0ms (20.0ms/21.0ms)
[2020-12-29T15:33:13.381+0500][gc,phases    ] GC(1)   Pre Evacuate Collection Set: 0.1ms
[2020-12-29T15:33:13.381+0500][gc,phases    ] GC(1)   Evacuate Collection Set: 35.9ms
[2020-12-29T15:33:13.381+0500][gc,phases    ] GC(1)   Post Evacuate Collection Set: 1.0ms
[2020-12-29T15:33:13.381+0500][gc,phases    ] GC(1)   Other: 0.6ms
[2020-12-29T15:33:13.381+0500][gc,heap      ] GC(1) Eden regions: 23->0(49)
[2020-12-29T15:33:13.381+0500][gc,heap      ] GC(1) Survivor regions: 7->2(7)
[2020-12-29T15:33:13.381+0500][gc,heap      ] GC(1) Old regions: 2->9
[2020-12-29T15:33:13.381+0500][gc,heap      ] GC(1) Humongous regions: 129->129
[2020-12-29T15:33:13.381+0500][gc,metaspace ] GC(1) Metaspace: 20562K->20562K(1067008K)
[2020-12-29T15:33:13.382+0500][gc           ] GC(1) Pause Young (Concurrent Start) (Metadata GC Threshold) 158M->137M(1024M) 37.782ms
[2020-12-29T15:33:13.382+0500][gc,cpu       ] GC(1) User=0.10s Sys=0.01s Real=0.04s
[2020-12-29T15:33:13.382+0500][gc           ] GC(2) Concurrent Cycle
[2020-12-29T15:33:13.382+0500][gc,marking   ] GC(2) Concurrent Clear Claimed Marks
[2020-12-29T15:33:13.382+0500][gc,marking   ] GC(2) Concurrent Clear Claimed Marks 0.108ms
[2020-12-29T15:33:13.382+0500][gc,marking   ] GC(2) Concurrent Scan Root Regions
[2020-12-29T15:33:13.386+0500][gc,marking   ] GC(2) Concurrent Scan Root Regions 3.811ms
[2020-12-29T15:33:13.386+0500][gc,marking   ] GC(2) Concurrent Mark (34.334s)
[2020-12-29T15:33:13.386+0500][gc,marking   ] GC(2) Concurrent Mark From Roots
[2020-12-29T15:33:13.386+0500][gc,task      ] GC(2) Using 1 workers of 1 for marking
[2020-12-29T15:33:13.452+0500][gc,marking   ] GC(2) Concurrent Mark From Roots 65.763ms
[2020-12-29T15:33:13.452+0500][gc,marking   ] GC(2) Concurrent Preclean
[2020-12-29T15:33:13.452+0500][gc,marking   ] GC(2) Concurrent Preclean 0.158ms
[2020-12-29T15:33:13.452+0500][gc,marking   ] GC(2) Concurrent Mark (34.334s, 34.400s) 66.032ms
[2020-12-29T15:33:13.454+0500][gc,start     ] GC(2) Pause Remark
[2020-12-29T15:33:13.458+0500][gc,stringtable] GC(2) Cleaned string and symbol table, strings: 5045 processed, 0 removed, symbols: 50917 processed, 43 removed
[2020-12-29T15:33:13.459+0500][gc            ] GC(2) Pause Remark 138M->138M(1024M) 4.459ms
[2020-12-29T15:33:13.459+0500][gc,cpu        ] GC(2) User=0.01s Sys=0.01s Real=0.00s
[2020-12-29T15:33:13.459+0500][gc,marking    ] GC(2) Concurrent Rebuild Remembered Sets
[2020-12-29T15:33:13.468+0500][gc,marking    ] GC(2) Concurrent Rebuild Remembered Sets 9.490ms
[2020-12-29T15:33:13.468+0500][gc,start      ] GC(2) Pause Cleanup
[2020-12-29T15:33:13.468+0500][gc            ] GC(2) Pause Cleanup 138M->138M(1024M) 0.205ms
[2020-12-29T15:33:13.469+0500][gc,cpu        ] GC(2) User=0.00s Sys=0.00s Real=0.00s
[2020-12-29T15:33:13.469+0500][gc,marking    ] GC(2) Concurrent Cleanup for Next Mark
[2020-12-29T15:33:13.476+0500][gc,marking    ] GC(2) Concurrent Cleanup for Next Mark 7.846ms
[2020-12-29T15:33:13.476+0500][gc            ] GC(2) Concurrent Cycle 94.740ms
[2020-12-29T15:33:17.614+0500][gc,start      ] GC(3) Pause Young (Normal) (G1 Evacuation Pause)
[2020-12-29T15:33:17.614+0500][gc,task       ] GC(3) Using 4 workers of 4 for evacuation
[2020-12-29T15:33:17.630+0500][gc,phases     ] GC(3)   Pre Evacuate Collection Set: 0.0ms
[2020-12-29T15:33:17.631+0500][gc,phases     ] GC(3)   Evacuate Collection Set: 16.0ms
[2020-12-29T15:33:17.631+0500][gc,phases     ] GC(3)   Post Evacuate Collection Set: 0.4ms
[2020-12-29T15:33:17.631+0500][gc,phases     ] GC(3)   Other: 0.2ms
[2020-12-29T15:33:17.631+0500][gc,heap       ] GC(3) Eden regions: 49->0(46)
[2020-12-29T15:33:17.631+0500][gc,heap       ] GC(3) Survivor regions: 2->5(7)
[2020-12-29T15:33:17.631+0500][gc,heap       ] GC(3) Old regions: 9->9
[2020-12-29T15:33:17.631+0500][gc,heap       ] GC(3) Humongous regions: 129->129
[2020-12-29T15:33:17.631+0500][gc,metaspace  ] GC(3) Metaspace: 30187K->30187K(1077248K)
[2020-12-29T15:33:17.631+0500][gc            ] GC(3) Pause Young (Normal) (G1 Evacuation Pause) 186M->140M(1024M) 17.384ms
[2020-12-29T15:33:17.631+0500][gc,cpu        ] GC(3) User=0.01s Sys=0.01s Real=0.02s
[2020-12-29T15:34:05.737+0500][gc,start      ] GC(4) Pause Young (Concurrent Start) (Metadata GC Threshold)
[2020-12-29T15:34:05.737+0500][gc,task       ] GC(4) Using 4 workers of 4 for evacuation
[2020-12-29T15:34:05.770+0500][gc,mmu        ] GC(4) MMU target violated: 21.0ms (20.0ms/21.0ms)
[2020-12-29T15:34:05.770+0500][gc,phases     ] GC(4)   Pre Evacuate Collection Set: 0.1ms
[2020-12-29T15:34:05.770+0500][gc,phases     ] GC(4)   Evacuate Collection Set: 31.0ms
[2020-12-29T15:34:05.770+0500][gc,phases     ] GC(4)   Post Evacuate Collection Set: 1.9ms
[2020-12-29T15:34:05.770+0500][gc,phases     ] GC(4)   Other: 0.3ms
[2020-12-29T15:34:05.770+0500][gc,heap       ] GC(4) Eden regions: 24->0(45)
[2020-12-29T15:34:05.770+0500][gc,heap       ] GC(4) Survivor regions: 5->6(7)
[2020-12-29T15:34:05.770+0500][gc,heap       ] GC(4) Old regions: 9->10
[2020-12-29T15:34:05.770+0500][gc,heap       ] GC(4) Humongous regions: 129->129
[2020-12-29T15:34:05.770+0500][gc,metaspace  ] GC(4) Metaspace: 34588K->34588K(1081344K)
[2020-12-29T15:34:05.770+0500][gc            ] GC(4) Pause Young (Concurrent Start) (Metadata GC Threshold) 163M->142M(1024M) 33.389ms
[2020-12-29T15:34:05.770+0500][gc,cpu        ] GC(4) User=0.05s Sys=0.00s Real=0.03s
[2020-12-29T15:34:05.771+0500][gc            ] GC(5) Concurrent Cycle
[2020-12-29T15:34:05.771+0500][gc,marking    ] GC(5) Concurrent Clear Claimed Marks
[2020-12-29T15:34:05.771+0500][gc,marking    ] GC(5) Concurrent Clear Claimed Marks 0.130ms
[2020-12-29T15:34:05.771+0500][gc,marking    ] GC(5) Concurrent Scan Root Regions
[2020-12-29T15:34:05.776+0500][gc,marking    ] GC(5) Concurrent Scan Root Regions 5.297ms
[2020-12-29T15:34:05.776+0500][gc,marking    ] GC(5) Concurrent Mark (86.724s)
[2020-12-29T15:34:05.776+0500][gc,marking    ] GC(5) Concurrent Mark From Roots
[2020-12-29T15:34:05.776+0500][gc,task       ] GC(5) Using 1 workers of 1 for marking
[2020-12-29T15:34:05.788+0500][gc,marking    ] GC(5) Concurrent Mark From Roots 12.457ms
[2020-12-29T15:34:05.788+0500][gc,marking    ] GC(5) Concurrent Preclean
[2020-12-29T15:34:05.789+0500][gc,marking    ] GC(5) Concurrent Preclean 0.092ms
[2020-12-29T15:34:05.789+0500][gc,marking    ] GC(5) Concurrent Mark (86.724s, 86.737s) 12.609ms
[2020-12-29T15:34:05.808+0500][gc,start      ] GC(5) Pause Remark
[2020-12-29T15:34:05.814+0500][gc,stringtable] GC(5) Cleaned string and symbol table, strings: 10230 processed, 9 removed, symbols: 80288 processed, 20 removed
[2020-12-29T15:34:05.814+0500][gc            ] GC(5) Pause Remark 143M->143M(1024M) 5.381ms
[2020-12-29T15:34:05.814+0500][gc,cpu        ] GC(5) User=0.01s Sys=0.00s Real=0.00s
[2020-12-29T15:34:05.814+0500][gc,marking    ] GC(5) Concurrent Rebuild Remembered Sets
[2020-12-29T15:34:05.820+0500][gc,marking    ] GC(5) Concurrent Rebuild Remembered Sets 5.692ms
[2020-12-29T15:34:05.820+0500][gc,start      ] GC(5) Pause Cleanup
[2020-12-29T15:34:05.820+0500][gc            ] GC(5) Pause Cleanup 143M->143M(1024M) 0.130ms
[2020-12-29T15:34:05.820+0500][gc,cpu        ] GC(5) User=0.00s Sys=0.00s Real=0.00s
[2020-12-29T15:34:05.820+0500][gc,marking    ] GC(5) Concurrent Cleanup for Next Mark
[2020-12-29T15:34:05.839+0500][gc,marking    ] GC(5) Concurrent Cleanup for Next Mark 18.820ms
[2020-12-29T15:34:05.839+0500][gc            ] GC(5) Concurrent Cycle 68.507ms
[2020-12-29T23:02:02.687+0500][gc,start      ] GC(6) Pause Young (Normal) (G1 Evacuation Pause)
[2020-12-29T23:02:02.688+0500][gc,task       ] GC(6) Using 4 workers of 4 for evacuation
[2020-12-29T23:02:02.719+0500][gc,mmu        ] GC(6) MMU target violated: 21.0ms (20.0ms/21.0ms)
[2020-12-29T23:02:02.719+0500][gc,phases     ] GC(6)   Pre Evacuate Collection Set: 0.1ms
[2020-12-29T23:02:02.719+0500][gc,phases     ] GC(6)   Evacuate Collection Set: 30.1ms
[2020-12-29T23:02:02.719+0500][gc,phases     ] GC(6)   Post Evacuate Collection Set: 1.0ms
[2020-12-29T23:02:02.719+0500][gc,phases     ] GC(6)   Other: 0.9ms
[2020-12-29T23:02:02.719+0500][gc,heap       ] GC(6) Eden regions: 45->0(48)
[2020-12-29T23:02:02.719+0500][gc,heap       ] GC(6) Survivor regions: 6->3(7)
[2020-12-29T23:02:02.719+0500][gc,heap       ] GC(6) Old regions: 10->13
[2020-12-29T23:02:02.719+0500][gc,heap       ] GC(6) Humongous regions: 129->129
[2020-12-29T23:02:02.719+0500][gc,metaspace  ] GC(6) Metaspace: 38778K->38778K(1085440K)
[2020-12-29T23:02:02.719+0500][gc            ] GC(6) Pause Young (Normal) (G1 Evacuation Pause) 187M->143M(1024M) 31.987ms
[2020-12-29T23:02:02.719+0500][gc,cpu        ] GC(6) User=0.11s Sys=0.01s Real=0.03s
[2020-12-29T23:47:23.375+0500][gc,start      ] GC(7) Pause Young (Normal) (G1 Evacuation Pause)
[2020-12-29T23:47:23.393+0500][gc,task       ] GC(7) Using 4 workers of 4 for evacuation
[2020-12-29T23:47:23.416+0500][gc,mmu        ] GC(7) MMU target violated: 21.0ms (20.0ms/21.0ms)
[2020-12-29T23:47:23.416+0500][gc,phases     ] GC(7)   Pre Evacuate Collection Set: 0.1ms
[2020-12-29T23:47:23.416+0500][gc,phases     ] GC(7)   Evacuate Collection Set: 20.4ms
[2020-12-29T23:47:23.416+0500][gc,phases     ] GC(7)   Post Evacuate Collection Set: 1.8ms
[2020-12-29T23:47:23.416+0500][gc,phases     ] GC(7)   Other: 18.8ms
[2020-12-29T23:47:23.416+0500][gc,heap       ] GC(7) Eden regions: 48->0(47)
[2020-12-29T23:47:23.416+0500][gc,heap       ] GC(7) Survivor regions: 3->4(7)
[2020-12-29T23:47:23.416+0500][gc,heap       ] GC(7) Old regions: 13->13
[2020-12-29T23:47:23.416+0500][gc,heap       ] GC(7) Humongous regions: 129->129
[2020-12-29T23:47:23.416+0500][gc,metaspace  ] GC(7) Metaspace: 39074K->39074K(1085440K)
[2020-12-29T23:47:23.416+0500][gc            ] GC(7) Pause Young (Normal) (G1 Evacuation Pause) 191M->143M(1024M) 41.293ms
[2020-12-29T23:47:23.416+0500][gc,cpu        ] GC(7) User=0.08s Sys=0.00s Real=0.04s
[2020-12-30T00:25:41.669+0500][gc,start      ] GC(8) Pause Young (Normal) (G1 Evacuation Pause)
[2020-12-30T00:25:41.669+0500][gc,task       ] GC(8) Using 4 workers of 4 for evacuation
[2020-12-30T00:25:41.710+0500][gc,mmu        ] GC(8) MMU target violated: 21.0ms (20.0ms/21.0ms)
[2020-12-30T00:25:41.710+0500][gc,phases     ] GC(8)   Pre Evacuate Collection Set: 0.1ms
[2020-12-30T00:25:41.710+0500][gc,phases     ] GC(8)   Evacuate Collection Set: 34.6ms
[2020-12-30T00:25:41.710+0500][gc,phases     ] GC(8)   Post Evacuate Collection Set: 5.9ms
[2020-12-30T00:25:41.710+0500][gc,phases     ] GC(8)   Other: 0.9ms
[2020-12-30T00:25:41.710+0500][gc,heap       ] GC(8) Eden regions: 47->0(48)
[2020-12-30T00:25:41.710+0500][gc,heap       ] GC(8) Survivor regions: 4->3(7)
[2020-12-30T00:25:41.710+0500][gc,heap       ] GC(8) Old regions: 13->13
[2020-12-30T00:25:41.710+0500][gc,heap       ] GC(8) Humongous regions: 129->129
[2020-12-30T00:25:41.710+0500][gc,metaspace  ] GC(8) Metaspace: 39172K->39172K(1085440K)
[2020-12-30T00:25:41.710+0500][gc            ] GC(8) Pause Young (Normal) (G1 Evacuation Pause) 190M->143M(1024M) 41.799ms
[2020-12-30T00:25:41.711+0500][gc,cpu        ] GC(8) User=0.09s Sys=0.00s Real=0.04s
[2020-12-30T00:52:19.636+0500][gc,start      ] GC(9) Pause Young (Normal) (G1 Evacuation Pause)
[2020-12-30T00:52:19.636+0500][gc,task       ] GC(9) Using 4 workers of 4 for evacuation
[2020-12-30T00:52:19.698+0500][gc,mmu        ] GC(9) MMU target violated: 21.0ms (20.0ms/21.0ms)
[2020-12-30T00:52:19.699+0500][gc,phases     ] GC(9)   Pre Evacuate Collection Set: 0.1ms
[2020-12-30T00:52:19.699+0500][gc,phases     ] GC(9)   Evacuate Collection Set: 56.4ms
[2020-12-30T00:52:19.699+0500][gc,phases     ] GC(9)   Post Evacuate Collection Set: 4.6ms
[2020-12-30T00:52:19.699+0500][gc,phases     ] GC(9)   Other: 1.8ms
[2020-12-30T00:52:19.699+0500][gc,heap       ] GC(9) Eden regions: 48->0(48)
[2020-12-30T00:52:19.699+0500][gc,heap       ] GC(9) Survivor regions: 3->3(7)
[2020-12-30T00:52:19.699+0500][gc,heap       ] GC(9) Old regions: 13->13
[2020-12-30T00:52:19.699+0500][gc,heap       ] GC(9) Humongous regions: 129->129
[2020-12-30T00:52:19.699+0500][gc,metaspace  ] GC(9) Metaspace: 39237K->39237K(1085440K)
[2020-12-30T00:52:19.699+0500][gc            ] GC(9) Pause Young (Normal) (G1 Evacuation Pause) 191M->143M(1024M) 63.173ms
[2020-12-30T00:52:19.699+0500][gc,cpu        ] GC(9) User=0.08s Sys=0.01s Real=0.06s
[2020-12-30T01:18:46.668+0500][gc,start      ] GC(10) Pause Young (Normal) (G1 Evacuation Pause)
[2020-12-30T01:18:46.668+0500][gc,task       ] GC(10) Using 4 workers of 4 for evacuation
[2020-12-30T01:18:46.679+0500][gc,phases     ] GC(10)   Pre Evacuate Collection Set: 0.0ms
[2020-12-30T01:18:46.680+0500][gc,phases     ] GC(10)   Evacuate Collection Set: 8.1ms
[2020-12-30T01:18:46.680+0500][gc,phases     ] GC(10)   Post Evacuate Collection Set: 3.0ms
[2020-12-30T01:18:46.680+0500][gc,phases     ] GC(10)   Other: 0.3ms
[2020-12-30T01:18:46.680+0500][gc,heap       ] GC(10) Eden regions: 48->0(48)
[2020-12-30T01:18:46.680+0500][gc,heap       ] GC(10) Survivor regions: 3->3(7)
[2020-12-30T01:18:46.680+0500][gc,heap       ] GC(10) Old regions: 13->13
[2020-12-30T01:18:46.680+0500][gc,heap       ] GC(10) Humongous regions: 129->129
[2020-12-30T01:18:46.680+0500][gc,metaspace  ] GC(10) Metaspace: 39278K->39278K(1085440K)
[2020-12-30T01:18:46.680+0500][gc            ] GC(10) Pause Young (Normal) (G1 Evacuation Pause) 191M->143M(1024M) 11.750ms
[2020-12-30T01:18:46.680+0500][gc,cpu        ] GC(10) User=0.04s Sys=0.00s Real=0.01s
[2020-12-30T01:45:16.669+0500][gc,start      ] GC(11) Pause Young (Normal) (G1 Evacuation Pause)
[2020-12-30T01:45:16.669+0500][gc,task       ] GC(11) Using 4 workers of 4 for evacuation
[2020-12-30T01:45:16.677+0500][gc,phases     ] GC(11)   Pre Evacuate Collection Set: 0.0ms
[2020-12-30T01:45:16.677+0500][gc,phases     ] GC(11)   Evacuate Collection Set: 7.7ms
[2020-12-30T01:45:16.677+0500][gc,phases     ] GC(11)   Post Evacuate Collection Set: 0.5ms
[2020-12-30T01:45:16.677+0500][gc,phases     ] GC(11)   Other: 0.5ms
[2020-12-30T01:45:16.677+0500][gc,heap       ] GC(11) Eden regions: 48->0(48)
[2020-12-30T01:45:16.677+0500][gc,heap       ] GC(11) Survivor regions: 3->3(7)
[2020-12-30T01:45:16.677+0500][gc,heap       ] GC(11) Old regions: 13->13
[2020-12-30T01:45:16.677+0500][gc,heap       ] GC(11) Humongous regions: 129->129
[2020-12-30T01:45:16.677+0500][gc,metaspace  ] GC(11) Metaspace: 39324K->39324K(1085440K)
[2020-12-30T01:45:16.677+0500][gc            ] GC(11) Pause Young (Normal) (G1 Evacuation Pause) 191M->143M(1024M) 8.807ms
[2020-12-30T01:45:16.677+0500][gc,cpu        ] GC(11) User=0.03s Sys=0.00s Real=0.01s
[2020-12-30T02:11:51.290+0500][gc,start      ] GC(12) Pause Young (Normal) (G1 Evacuation Pause)
[2020-12-30T02:11:51.315+0500][gc,task       ] GC(12) Using 4 workers of 4 for evacuation
[2020-12-30T02:11:51.335+0500][gc,mmu        ] GC(12) MMU target violated: 20.3ms (20.0ms/21.0ms)
[2020-12-30T02:11:51.335+0500][gc,phases     ] GC(12)   Pre Evacuate Collection Set: 0.0ms
[2020-12-30T02:11:51.335+0500][gc,phases     ] GC(12)   Evacuate Collection Set: 18.9ms
[2020-12-30T02:11:51.335+0500][gc,phases     ] GC(12)   Post Evacuate Collection Set: 1.3ms
[2020-12-30T02:11:51.335+0500][gc,phases     ] GC(12)   Other: 24.8ms
[2020-12-30T02:11:51.335+0500][gc,heap       ] GC(12) Eden regions: 48->0(48)
[2020-12-30T02:11:51.335+0500][gc,heap       ] GC(12) Survivor regions: 3->3(7)
[2020-12-30T02:11:51.335+0500][gc,heap       ] GC(12) Old regions: 13->13
[2020-12-30T02:11:51.335+0500][gc,heap       ] GC(12) Humongous regions: 129->129
[2020-12-30T02:11:51.335+0500][gc,metaspace  ] GC(12) Metaspace: 39325K->39325K(1085440K)
[2020-12-30T02:11:51.335+0500][gc            ] GC(12) Pause Young (Normal) (G1 Evacuation Pause) 191M->143M(1024M) 45.107ms
[2020-12-30T02:11:51.335+0500][gc,cpu        ] GC(12) User=0.04s Sys=0.00s Real=0.05s
[2020-12-30T02:38:31.536+0500][gc,start      ] GC(13) Pause Young (Normal) (G1 Evacuation Pause)
[2020-12-30T02:38:31.547+0500][gc,task       ] GC(13) Using 4 workers of 4 for evacuation
[2020-12-30T02:38:31.576+0500][gc,mmu        ] GC(13) MMU target violated: 21.0ms (20.0ms/21.0ms)
[2020-12-30T02:38:31.576+0500][gc,phases     ] GC(13)   Pre Evacuate Collection Set: 0.1ms
[2020-12-30T02:38:31.576+0500][gc,phases     ] GC(13)   Evacuate Collection Set: 24.8ms
[2020-12-30T02:38:31.576+0500][gc,phases     ] GC(13)   Post Evacuate Collection Set: 4.4ms
[2020-12-30T02:38:31.576+0500][gc,phases     ] GC(13)   Other: 10.8ms
[2020-12-30T02:38:31.576+0500][gc,heap       ] GC(13) Eden regions: 48->0(48)
[2020-12-30T02:38:31.576+0500][gc,heap       ] GC(13) Survivor regions: 3->3(7)
[2020-12-30T02:38:31.576+0500][gc,heap       ] GC(13) Old regions: 13->13
[2020-12-30T02:38:31.577+0500][gc,heap       ] GC(13) Humongous regions: 129->129
[2020-12-30T02:38:31.577+0500][gc,metaspace  ] GC(13) Metaspace: 39353K->39353K(1085440K)
[2020-12-30T02:38:31.577+0500][gc            ] GC(13) Pause Young (Normal) (G1 Evacuation Pause) 191M->143M(1024M) 40.266ms
[2020-12-30T02:38:31.577+0500][gc,cpu        ] GC(13) User=0.07s Sys=0.01s Real=0.04s
[2020-12-30T11:04:34.617+0500][gc,start      ] GC(14) Pause Young (Normal) (G1 Evacuation Pause)
[2020-12-30T11:04:34.617+0500][gc,task       ] GC(14) Using 4 workers of 4 for evacuation
[2020-12-30T11:04:34.626+0500][gc,phases     ] GC(14)   Pre Evacuate Collection Set: 0.0ms
[2020-12-30T11:04:34.626+0500][gc,phases     ] GC(14)   Evacuate Collection Set: 8.5ms
[2020-12-30T11:04:34.626+0500][gc,phases     ] GC(14)   Post Evacuate Collection Set: 0.6ms
[2020-12-30T11:04:34.626+0500][gc,phases     ] GC(14)   Other: 0.6ms
[2020-12-30T11:04:34.626+0500][gc,heap       ] GC(14) Eden regions: 48->0(47)
[2020-12-30T11:04:34.626+0500][gc,heap       ] GC(14) Survivor regions: 3->4(7)
[2020-12-30T11:04:34.626+0500][gc,heap       ] GC(14) Old regions: 13->13
[2020-12-30T11:04:34.626+0500][gc,heap       ] GC(14) Humongous regions: 129->129
[2020-12-30T11:04:34.626+0500][gc,metaspace  ] GC(14) Metaspace: 39362K->39362K(1085440K)
[2020-12-30T11:04:34.626+0500][gc            ] GC(14) Pause Young (Normal) (G1 Evacuation Pause) 191M->143M(1024M) 9.743ms
[2020-12-30T11:04:34.626+0500][gc,cpu        ] GC(14) User=0.04s Sys=0.00s Real=0.01s
[2020-12-30T11:31:16.391+0500][gc,start      ] GC(15) Pause Young (Normal) (G1 Evacuation Pause)
[2020-12-30T11:31:16.391+0500][gc,task       ] GC(15) Using 4 workers of 4 for evacuation
[2020-12-30T11:31:16.399+0500][gc,phases     ] GC(15)   Pre Evacuate Collection Set: 0.0ms
[2020-12-30T11:31:16.399+0500][gc,phases     ] GC(15)   Evacuate Collection Set: 7.6ms
[2020-12-30T11:31:16.399+0500][gc,phases     ] GC(15)   Post Evacuate Collection Set: 0.5ms
[2020-12-30T11:31:16.399+0500][gc,phases     ] GC(15)   Other: 0.5ms
[2020-12-30T11:31:16.399+0500][gc,heap       ] GC(15) Eden regions: 47->0(48)
[2020-12-30T11:31:16.399+0500][gc,heap       ] GC(15) Survivor regions: 4->3(7)
[2020-12-30T11:31:16.399+0500][gc,heap       ] GC(15) Old regions: 13->13
[2020-12-30T11:31:16.399+0500][gc,heap       ] GC(15) Humongous regions: 129->129
[2020-12-30T11:31:16.399+0500][gc,metaspace  ] GC(15) Metaspace: 39365K->39365K(1085440K)
[2020-12-30T11:31:16.399+0500][gc            ] GC(15) Pause Young (Normal) (G1 Evacuation Pause) 190M->143M(1024M) 8.673ms
[2020-12-30T11:31:16.399+0500][gc,cpu        ] GC(15) User=0.03s Sys=0.00s Real=0.01s
[2020-12-30T11:58:25.189+0500][gc,start      ] GC(16) Pause Young (Normal) (G1 Evacuation Pause)
[2020-12-30T11:58:25.189+0500][gc,task       ] GC(16) Using 4 workers of 4 for evacuation
[2020-12-30T11:58:25.212+0500][gc,mmu        ] GC(16) MMU target violated: 21.0ms (20.0ms/21.0ms)
[2020-12-30T11:58:25.212+0500][gc,phases     ] GC(16)   Pre Evacuate Collection Set: 0.0ms
[2020-12-30T11:58:25.212+0500][gc,phases     ] GC(16)   Evacuate Collection Set: 20.2ms
[2020-12-30T11:58:25.212+0500][gc,phases     ] GC(16)   Post Evacuate Collection Set: 1.8ms
[2020-12-30T11:58:25.212+0500][gc,phases     ] GC(16)   Other: 0.8ms
[2020-12-30T11:58:25.212+0500][gc,heap       ] GC(16) Eden regions: 48->0(48)
[2020-12-30T11:58:25.212+0500][gc,heap       ] GC(16) Survivor regions: 3->3(7)
[2020-12-30T11:58:25.212+0500][gc,heap       ] GC(16) Old regions: 13->13
[2020-12-30T11:58:25.212+0500][gc,heap       ] GC(16) Humongous regions: 129->129
[2020-12-30T11:58:25.212+0500][gc,metaspace  ] GC(16) Metaspace: 39384K->39384K(1085440K)
[2020-12-30T11:58:25.212+0500][gc            ] GC(16) Pause Young (Normal) (G1 Evacuation Pause) 191M->143M(1024M) 23.086ms
[2020-12-30T11:58:25.212+0500][gc,cpu        ] GC(16) User=0.08s Sys=0.00s Real=0.02s
[2020-12-30T12:25:39.616+0500][gc,start      ] GC(17) Pause Young (Normal) (G1 Evacuation Pause)
[2020-12-30T12:25:39.617+0500][gc,task       ] GC(17) Using 4 workers of 4 for evacuation
[2020-12-30T12:25:39.624+0500][gc,phases     ] GC(17)   Pre Evacuate Collection Set: 0.0ms
[2020-12-30T12:25:39.624+0500][gc,phases     ] GC(17)   Evacuate Collection Set: 6.3ms
[2020-12-30T12:25:39.624+0500][gc,phases     ] GC(17)   Post Evacuate Collection Set: 0.6ms
[2020-12-30T12:25:39.624+0500][gc,phases     ] GC(17)   Other: 0.5ms
[2020-12-30T12:25:39.624+0500][gc,heap       ] GC(17) Eden regions: 48->0(49)
[2020-12-30T12:25:39.624+0500][gc,heap       ] GC(17) Survivor regions: 3->3(7)
[2020-12-30T12:25:39.624+0500][gc,heap       ] GC(17) Old regions: 13->13
[2020-12-30T12:25:39.624+0500][gc,heap       ] GC(17) Humongous regions: 129->129
[2020-12-30T12:25:39.624+0500][gc,metaspace  ] GC(17) Metaspace: 39384K->39384K(1085440K)
[2020-12-30T12:25:39.624+0500][gc            ] GC(17) Pause Young (Normal) (G1 Evacuation Pause) 191M->143M(1024M) 7.498ms
[2020-12-30T12:25:39.624+0500][gc,cpu        ] GC(17) User=0.02s Sys=0.00s Real=0.01s
[2020-12-30T12:53:14.616+0500][gc,start      ] GC(18) Pause Young (Normal) (G1 Evacuation Pause)
[2020-12-30T12:53:14.616+0500][gc,task       ] GC(18) Using 4 workers of 4 for evacuation
[2020-12-30T12:53:14.640+0500][gc,mmu        ] GC(18) MMU target violated: 21.0ms (20.0ms/21.0ms)
[2020-12-30T12:53:14.640+0500][gc,phases     ] GC(18)   Pre Evacuate Collection Set: 0.1ms
[2020-12-30T12:53:14.640+0500][gc,phases     ] GC(18)   Evacuate Collection Set: 20.9ms
[2020-12-30T12:53:14.640+0500][gc,phases     ] GC(18)   Post Evacuate Collection Set: 1.9ms
[2020-12-30T12:53:14.640+0500][gc,phases     ] GC(18)   Other: 0.8ms
[2020-12-30T12:53:14.640+0500][gc,heap       ] GC(18) Eden regions: 49->0(48)
[2020-12-30T12:53:14.640+0500][gc,heap       ] GC(18) Survivor regions: 3->3(7)
[2020-12-30T12:53:14.640+0500][gc,heap       ] GC(18) Old regions: 13->13
[2020-12-30T12:53:14.640+0500][gc,heap       ] GC(18) Humongous regions: 129->129
[2020-12-30T12:53:14.640+0500][gc,metaspace  ] GC(18) Metaspace: 39391K->39391K(1085440K)
[2020-12-30T12:53:14.640+0500][gc            ] GC(18) Pause Young (Normal) (G1 Evacuation Pause) 192M->143M(1024M) 23.967ms
[2020-12-30T12:53:14.640+0500][gc,cpu        ] GC(18) User=0.09s Sys=0.00s Real=0.02s
[2020-12-30T13:20:22.436+0500][gc,start      ] GC(19) Pause Young (Normal) (G1 Evacuation Pause)
[2020-12-30T13:20:22.436+0500][gc,task       ] GC(19) Using 4 workers of 4 for evacuation
[2020-12-30T13:20:22.461+0500][gc,mmu        ] GC(19) MMU target violated: 21.0ms (20.0ms/21.0ms)
[2020-12-30T13:20:22.461+0500][gc,phases     ] GC(19)   Pre Evacuate Collection Set: 0.1ms
[2020-12-30T13:20:22.461+0500][gc,phases     ] GC(19)   Evacuate Collection Set: 20.0ms
[2020-12-30T13:20:22.461+0500][gc,phases     ] GC(19)   Post Evacuate Collection Set: 4.2ms
[2020-12-30T13:20:22.461+0500][gc,phases     ] GC(19)   Other: 0.9ms
[2020-12-30T13:20:22.461+0500][gc,heap       ] GC(19) Eden regions: 48->0(48)
[2020-12-30T13:20:22.461+0500][gc,heap       ] GC(19) Survivor regions: 3->3(7)
[2020-12-30T13:20:22.461+0500][gc,heap       ] GC(19) Old regions: 13->13
[2020-12-30T13:20:22.461+0500][gc,heap       ] GC(19) Humongous regions: 129->129
[2020-12-30T13:20:22.461+0500][gc,metaspace  ] GC(19) Metaspace: 39392K->39392K(1085440K)
[2020-12-30T13:20:22.461+0500][gc            ] GC(19) Pause Young (Normal) (G1 Evacuation Pause) 191M->143M(1024M) 25.339ms
[2020-12-30T13:20:22.461+0500][gc,cpu        ] GC(19) User=0.07s Sys=0.00s Real=0.02s
[2020-12-30T14:31:07.616+0500][gc,start      ] GC(20) Pause Young (Normal) (G1 Evacuation Pause)
[2020-12-30T14:31:07.632+0500][gc,task       ] GC(20) Using 4 workers of 4 for evacuation
[2020-12-30T14:31:07.658+0500][gc,mmu        ] GC(20) MMU target violated: 21.0ms (20.0ms/21.0ms)
[2020-12-30T14:31:07.659+0500][gc,phases     ] GC(20)   Pre Evacuate Collection Set: 0.0ms
[2020-12-30T14:31:07.659+0500][gc,phases     ] GC(20)   Evacuate Collection Set: 22.7ms
[2020-12-30T14:31:07.659+0500][gc,phases     ] GC(20)   Post Evacuate Collection Set: 3.7ms
[2020-12-30T14:31:07.659+0500][gc,phases     ] GC(20)   Other: 15.9ms
[2020-12-30T14:31:07.659+0500][gc,heap       ] GC(20) Eden regions: 48->0(49)
[2020-12-30T14:31:07.659+0500][gc,heap       ] GC(20) Survivor regions: 3->2(7)
[2020-12-30T14:31:07.659+0500][gc,heap       ] GC(20) Old regions: 13->14
[2020-12-30T14:31:07.659+0500][gc,heap       ] GC(20) Humongous regions: 129->129
[2020-12-30T14:31:07.659+0500][gc,metaspace  ] GC(20) Metaspace: 39396K->39396K(1085440K)
[2020-12-30T14:31:07.659+0500][gc            ] GC(20) Pause Young (Normal) (G1 Evacuation Pause) 191M->143M(1024M) 42.596ms
[2020-12-30T14:31:07.659+0500][gc,cpu        ] GC(20) User=0.09s Sys=0.00s Real=0.04s
[2020-12-30T15:16:58.604+0500][gc,start      ] GC(21) Pause Young (Normal) (G1 Evacuation Pause)
[2020-12-30T15:16:58.604+0500][gc,task       ] GC(21) Using 4 workers of 4 for evacuation
[2020-12-30T15:16:58.621+0500][gc,phases     ] GC(21)   Pre Evacuate Collection Set: 0.0ms
[2020-12-30T15:16:58.621+0500][gc,phases     ] GC(21)   Evacuate Collection Set: 13.7ms
[2020-12-30T15:16:58.621+0500][gc,phases     ] GC(21)   Post Evacuate Collection Set: 2.7ms
[2020-12-30T15:16:58.621+0500][gc,phases     ] GC(21)   Other: 0.5ms
[2020-12-30T15:16:58.621+0500][gc,heap       ] GC(21) Eden regions: 49->0(50)
[2020-12-30T15:16:58.621+0500][gc,heap       ] GC(21) Survivor regions: 2->1(7)
[2020-12-30T15:16:58.621+0500][gc,heap       ] GC(21) Old regions: 14->16
[2020-12-30T15:16:58.621+0500][gc,heap       ] GC(21) Humongous regions: 129->129
[2020-12-30T15:16:58.621+0500][gc,metaspace  ] GC(21) Metaspace: 39407K->39407K(1085440K)
[2020-12-30T15:16:58.621+0500][gc            ] GC(21) Pause Young (Normal) (G1 Evacuation Pause) 192M->143M(1024M) 16.984ms
[2020-12-30T15:16:58.621+0500][gc,cpu        ] GC(21) User=0.03s Sys=0.00s Real=0.02s
[2020-12-30T15:45:23.968+0500][gc,start      ] GC(22) Pause Young (Normal) (G1 Evacuation Pause)
[2020-12-30T15:45:23.980+0500][gc,task       ] GC(22) Using 4 workers of 4 for evacuation
[2020-12-30T15:45:23.988+0500][gc,phases     ] GC(22)   Pre Evacuate Collection Set: 0.1ms
[2020-12-30T15:45:23.988+0500][gc,phases     ] GC(22)   Evacuate Collection Set: 5.9ms
[2020-12-30T15:45:23.988+0500][gc,phases     ] GC(22)   Post Evacuate Collection Set: 1.3ms
[2020-12-30T15:45:23.988+0500][gc,phases     ] GC(22)   Other: 13.1ms
[2020-12-30T15:45:23.988+0500][gc,heap       ] GC(22) Eden regions: 50->0(53)
[2020-12-30T15:45:23.988+0500][gc,heap       ] GC(22) Survivor regions: 1->1(7)
[2020-12-30T15:45:23.989+0500][gc,heap       ] GC(22) Old regions: 16->16
[2020-12-30T15:45:23.989+0500][gc,heap       ] GC(22) Humongous regions: 129->129
[2020-12-30T15:45:23.989+0500][gc,metaspace  ] GC(22) Metaspace: 39410K->39410K(1085440K)
[2020-12-30T15:45:23.989+0500][gc            ] GC(22) Pause Young (Normal) (G1 Evacuation Pause) 193M->143M(1024M) 20.723ms
[2020-12-30T15:45:23.989+0500][gc,cpu        ] GC(22) User=0.02s Sys=0.00s Real=0.02s
[2020-12-30T17:00:12.080+0500][gc,start      ] GC(23) Pause Young (Normal) (G1 Evacuation Pause)
[2020-12-30T17:00:12.080+0500][gc,task       ] GC(23) Using 4 workers of 4 for evacuation
[2020-12-30T17:00:12.083+0500][gc,phases     ] GC(23)   Pre Evacuate Collection Set: 0.0ms
[2020-12-30T17:00:12.083+0500][gc,phases     ] GC(23)   Evacuate Collection Set: 1.6ms
[2020-12-30T17:00:12.083+0500][gc,phases     ] GC(23)   Post Evacuate Collection Set: 0.8ms
[2020-12-30T17:00:12.083+0500][gc,phases     ] GC(23)   Other: 0.7ms
[2020-12-30T17:00:12.083+0500][gc,heap       ] GC(23) Eden regions: 53->0(106)
[2020-12-30T17:00:12.084+0500][gc,heap       ] GC(23) Survivor regions: 1->1(7)
[2020-12-30T17:00:12.084+0500][gc,heap       ] GC(23) Old regions: 16->16
[2020-12-30T17:00:12.084+0500][gc,heap       ] GC(23) Humongous regions: 129->129
[2020-12-30T17:00:12.084+0500][gc,metaspace  ] GC(23) Metaspace: 39411K->39411K(1085440K)
[2020-12-30T17:00:12.084+0500][gc            ] GC(23) Pause Young (Normal) (G1 Evacuation Pause) 196M->143M(1024M) 3.255ms
[2020-12-30T17:00:12.084+0500][gc,cpu        ] GC(23) User=0.01s Sys=0.00s Real=0.00s
[2020-12-30T18:00:47.873+0500][gc,start      ] GC(24) Pause Young (Normal) (G1 Evacuation Pause)
[2020-12-30T18:00:47.879+0500][gc,task       ] GC(24) Using 4 workers of 4 for evacuation
[2020-12-30T18:00:47.885+0500][gc,phases     ] GC(24)   Pre Evacuate Collection Set: 0.1ms
[2020-12-30T18:00:47.885+0500][gc,phases     ] GC(24)   Evacuate Collection Set: 3.7ms
[2020-12-30T18:00:47.885+0500][gc,phases     ] GC(24)   Post Evacuate Collection Set: 1.8ms
[2020-12-30T18:00:47.886+0500][gc,phases     ] GC(24)   Other: 7.3ms
[2020-12-30T18:00:47.886+0500][gc,heap       ] GC(24) Eden regions: 106->0(170)
[2020-12-30T18:00:47.886+0500][gc,heap       ] GC(24) Survivor regions: 1->1(14)
[2020-12-30T18:00:47.886+0500][gc,heap       ] GC(24) Old regions: 16->16
[2020-12-30T18:00:47.886+0500][gc,heap       ] GC(24) Humongous regions: 129->129
[2020-12-30T18:00:47.886+0500][gc,metaspace  ] GC(24) Metaspace: 39436K->39436K(1085440K)
[2020-12-30T18:00:47.886+0500][gc            ] GC(24) Pause Young (Normal) (G1 Evacuation Pause) 249M->143M(1024M) 13.327ms
[2020-12-30T18:00:47.886+0500][gc,cpu        ] GC(24) User=0.01s Sys=0.00s Real=0.02s
[2020-12-30T19:38:42.921+0500][gc,start      ] GC(25) Pause Young (Normal) (G1 Evacuation Pause)
[2020-12-30T19:38:42.921+0500][gc,task       ] GC(25) Using 4 workers of 4 for evacuation
[2020-12-30T19:38:42.927+0500][gc,phases     ] GC(25)   Pre Evacuate Collection Set: 0.0ms
[2020-12-30T19:38:42.927+0500][gc,phases     ] GC(25)   Evacuate Collection Set: 2.9ms
[2020-12-30T19:38:42.927+0500][gc,phases     ] GC(25)   Post Evacuate Collection Set: 2.0ms
[2020-12-30T19:38:42.927+0500][gc,phases     ] GC(25)   Other: 0.8ms
[2020-12-30T19:38:42.927+0500][gc,heap       ] GC(25) Eden regions: 170->0(263)
[2020-12-30T19:38:42.927+0500][gc,heap       ] GC(25) Survivor regions: 1->1(22)
[2020-12-30T19:38:42.927+0500][gc,heap       ] GC(25) Old regions: 16->16
[2020-12-30T19:38:42.927+0500][gc,heap       ] GC(25) Humongous regions: 129->129
[2020-12-30T19:38:42.927+0500][gc,metaspace  ] GC(25) Metaspace: 39442K->39442K(1085440K)
[2020-12-30T19:38:42.927+0500][gc            ] GC(25) Pause Young (Normal) (G1 Evacuation Pause) 313M->143M(1024M) 6.134ms
[2020-12-30T19:38:42.927+0500][gc,cpu        ] GC(25) User=0.01s Sys=0.00s Real=0.01s
[2020-12-30T22:10:37.703+0500][gc,start      ] GC(26) Pause Young (Normal) (G1 Evacuation Pause)
[2020-12-30T22:10:37.716+0500][gc,task       ] GC(26) Using 4 workers of 4 for evacuation
[2020-12-30T22:10:37.723+0500][gc,phases     ] GC(26)   Pre Evacuate Collection Set: 0.0ms
[2020-12-30T22:10:37.723+0500][gc,phases     ] GC(26)   Evacuate Collection Set: 3.1ms
[2020-12-30T22:10:37.723+0500][gc,phases     ] GC(26)   Post Evacuate Collection Set: 2.9ms
[2020-12-30T22:10:37.723+0500][gc,phases     ] GC(26)   Other: 14.2ms
[2020-12-30T22:10:37.724+0500][gc,heap       ] GC(26) Eden regions: 263->0(342)
[2020-12-30T22:10:37.724+0500][gc,heap       ] GC(26) Survivor regions: 1->1(33)
[2020-12-30T22:10:37.724+0500][gc,heap       ] GC(26) Old regions: 16->16
[2020-12-30T22:10:37.724+0500][gc,heap       ] GC(26) Humongous regions: 129->129
[2020-12-30T22:10:37.724+0500][gc,metaspace  ] GC(26) Metaspace: 39474K->39474K(1085440K)
[2020-12-30T22:10:37.724+0500][gc            ] GC(26) Pause Young (Normal) (G1 Evacuation Pause) 406M->143M(1024M) 20.934ms
[2020-12-30T22:10:37.724+0500][gc,cpu        ] GC(26) User=0.02s Sys=0.00s Real=0.02s
[2020-12-31T01:28:17.998+0500][gc,start      ] GC(27) Pause Young (Normal) (G1 Evacuation Pause)
[2020-12-31T01:28:17.998+0500][gc,task       ] GC(27) Using 4 workers of 4 for evacuation
[2020-12-31T01:28:18.003+0500][gc,phases     ] GC(27)   Pre Evacuate Collection Set: 0.0ms
[2020-12-31T01:28:18.003+0500][gc,phases     ] GC(27)   Evacuate Collection Set: 2.6ms
[2020-12-31T01:28:18.003+0500][gc,phases     ] GC(27)   Post Evacuate Collection Set: 1.6ms
[2020-12-31T01:28:18.003+0500][gc,phases     ] GC(27)   Other: 0.8ms
[2020-12-31T01:28:18.004+0500][gc,heap       ] GC(27) Eden regions: 342->0(424)
[2020-12-31T01:28:18.004+0500][gc,heap       ] GC(27) Survivor regions: 1->1(43)
[2020-12-31T01:28:18.004+0500][gc,heap       ] GC(27) Old regions: 16->16
[2020-12-31T01:28:18.004+0500][gc,heap       ] GC(27) Humongous regions: 129->129
[2020-12-31T01:28:18.004+0500][gc,metaspace  ] GC(27) Metaspace: 39494K->39494K(1085440K)
[2020-12-31T01:28:18.004+0500][gc            ] GC(27) Pause Young (Normal) (G1 Evacuation Pause) 485M->143M(1024M) 5.405ms
[2020-12-31T01:28:18.004+0500][gc,cpu        ] GC(27) User=0.01s Sys=0.01s Real=0.00s
