[2020-12-23T09:37:35.882+0500][gc,heap] Heap region size: 1M
[2020-12-23T09:37:35.917+0500][gc     ] Using G1
[2020-12-23T09:37:35.917+0500][gc,heap,coops] Heap address: 0x00000000c0000000, size: 1024 MB, Compressed Oops mode: 32-bit
[2020-12-23T09:37:35.917+0500][gc,cds       ] Mark closed archive regions in map: [0x00000000fff00000, 0x00000000fff69ff8]
[2020-12-23T09:37:35.917+0500][gc,cds       ] Mark open archive regions in map: [0x00000000ffe00000, 0x00000000ffe46ff8]
[2020-12-23T09:37:52.478+0500][gc,start     ] GC(0) Pause Young (Normal) (G1 Evacuation Pause)
[2020-12-23T09:37:52.479+0500][gc,task      ] GC(0) Using 4 workers of 4 for evacuation
[2020-12-23T09:37:52.532+0500][gc,mmu       ] GC(0) MMU target violated: 21.0ms (20.0ms/21.0ms)
[2020-12-23T09:37:52.532+0500][gc,phases    ] GC(0)   Pre Evacuate Collection Set: 0.1ms
[2020-12-23T09:37:52.532+0500][gc,phases    ] GC(0)   Evacuate Collection Set: 51.7ms
[2020-12-23T09:37:52.532+0500][gc,phases    ] GC(0)   Post Evacuate Collection Set: 0.7ms
[2020-12-23T09:37:52.532+0500][gc,phases    ] GC(0)   Other: 2.3ms
[2020-12-23T09:37:52.532+0500][gc,heap      ] GC(0) Eden regions: 51->0(44)
[2020-12-23T09:37:52.532+0500][gc,heap      ] GC(0) Survivor regions: 0->7(7)
[2020-12-23T09:37:52.532+0500][gc,heap      ] GC(0) Old regions: 2->2
[2020-12-23T09:37:52.532+0500][gc,heap      ] GC(0) Humongous regions: 0->0
[2020-12-23T09:37:52.532+0500][gc,metaspace ] GC(0) Metaspace: 15533K->15533K(1062912K)
[2020-12-23T09:37:52.532+0500][gc           ] GC(0) Pause Young (Normal) (G1 Evacuation Pause) 51M->6M(1024M) 54.817ms
[2020-12-23T09:37:52.532+0500][gc,cpu       ] GC(0) User=0.15s Sys=0.01s Real=0.06s
[2020-12-23T09:37:54.191+0500][gc,start     ] GC(1) Pause Young (Concurrent Start) (Metadata GC Threshold)
[2020-12-23T09:37:54.191+0500][gc,task      ] GC(1) Using 4 workers of 4 for evacuation
[2020-12-23T09:37:54.273+0500][gc,mmu       ] GC(1) MMU target violated: 21.0ms (20.0ms/21.0ms)
[2020-12-23T09:37:54.273+0500][gc,phases    ] GC(1)   Pre Evacuate Collection Set: 0.2ms
[2020-12-23T09:37:54.273+0500][gc,phases    ] GC(1)   Evacuate Collection Set: 79.7ms
[2020-12-23T09:37:54.273+0500][gc,phases    ] GC(1)   Post Evacuate Collection Set: 1.0ms
[2020-12-23T09:37:54.273+0500][gc,phases    ] GC(1)   Other: 1.0ms
[2020-12-23T09:37:54.273+0500][gc,heap      ] GC(1) Eden regions: 22->0(49)
[2020-12-23T09:37:54.273+0500][gc,heap      ] GC(1) Survivor regions: 7->2(7)
[2020-12-23T09:37:54.273+0500][gc,heap      ] GC(1) Old regions: 2->9
[2020-12-23T09:37:54.273+0500][gc,heap      ] GC(1) Humongous regions: 129->129
[2020-12-23T09:37:54.273+0500][gc,metaspace ] GC(1) Metaspace: 20626K->20626K(1067008K)
[2020-12-23T09:37:54.273+0500][gc           ] GC(1) Pause Young (Concurrent Start) (Metadata GC Threshold) 157M->137M(1024M) 82.046ms
[2020-12-23T09:37:54.273+0500][gc,cpu       ] GC(1) User=0.15s Sys=0.03s Real=0.08s
[2020-12-23T09:37:54.273+0500][gc           ] GC(2) Concurrent Cycle
[2020-12-23T09:37:54.273+0500][gc,marking   ] GC(2) Concurrent Clear Claimed Marks
[2020-12-23T09:37:54.273+0500][gc,marking   ] GC(2) Concurrent Clear Claimed Marks 0.090ms
[2020-12-23T09:37:54.274+0500][gc,marking   ] GC(2) Concurrent Scan Root Regions
[2020-12-23T09:37:54.280+0500][gc,marking   ] GC(2) Concurrent Scan Root Regions 6.030ms
[2020-12-23T09:37:54.280+0500][gc,marking   ] GC(2) Concurrent Mark (18.404s)
[2020-12-23T09:37:54.280+0500][gc,marking   ] GC(2) Concurrent Mark From Roots
[2020-12-23T09:37:54.280+0500][gc,task      ] GC(2) Using 1 workers of 1 for marking
[2020-12-23T09:37:54.304+0500][gc,marking   ] GC(2) Concurrent Mark From Roots 24.430ms
[2020-12-23T09:37:54.304+0500][gc,marking   ] GC(2) Concurrent Preclean
[2020-12-23T09:37:54.304+0500][gc,marking   ] GC(2) Concurrent Preclean 0.162ms
[2020-12-23T09:37:54.304+0500][gc,marking   ] GC(2) Concurrent Mark (18.404s, 18.429s) 24.703ms
[2020-12-23T09:37:54.304+0500][gc,start     ] GC(2) Pause Remark
[2020-12-23T09:37:54.308+0500][gc,stringtable] GC(2) Cleaned string and symbol table, strings: 4993 processed, 0 removed, symbols: 50827 processed, 44 removed
[2020-12-23T09:37:54.309+0500][gc            ] GC(2) Pause Remark 137M->137M(1024M) 4.247ms
[2020-12-23T09:37:54.309+0500][gc,cpu        ] GC(2) User=0.02s Sys=0.00s Real=0.01s
[2020-12-23T09:37:54.309+0500][gc,marking    ] GC(2) Concurrent Rebuild Remembered Sets
[2020-12-23T09:37:54.316+0500][gc,marking    ] GC(2) Concurrent Rebuild Remembered Sets 7.733ms
[2020-12-23T09:37:54.320+0500][gc,start      ] GC(2) Pause Cleanup
[2020-12-23T09:37:54.320+0500][gc            ] GC(2) Pause Cleanup 138M->138M(1024M) 0.307ms
[2020-12-23T09:37:54.320+0500][gc,cpu        ] GC(2) User=0.00s Sys=0.00s Real=0.00s
[2020-12-23T09:37:54.320+0500][gc,marking    ] GC(2) Concurrent Cleanup for Next Mark
[2020-12-23T09:37:54.328+0500][gc,marking    ] GC(2) Concurrent Cleanup for Next Mark 8.289ms
[2020-12-23T09:37:54.328+0500][gc            ] GC(2) Concurrent Cycle 55.017ms
[2020-12-23T09:37:56.157+0500][gc,start      ] GC(3) Pause Young (Normal) (G1 Evacuation Pause)
[2020-12-23T09:37:56.157+0500][gc,task       ] GC(3) Using 4 workers of 4 for evacuation
[2020-12-23T09:37:56.165+0500][gc,phases     ] GC(3)   Pre Evacuate Collection Set: 0.0ms
[2020-12-23T09:37:56.165+0500][gc,phases     ] GC(3)   Evacuate Collection Set: 7.4ms
[2020-12-23T09:37:56.165+0500][gc,phases     ] GC(3)   Post Evacuate Collection Set: 0.4ms
[2020-12-23T09:37:56.165+0500][gc,phases     ] GC(3)   Other: 0.1ms
[2020-12-23T09:37:56.165+0500][gc,heap       ] GC(3) Eden regions: 49->0(46)
[2020-12-23T09:37:56.165+0500][gc,heap       ] GC(3) Survivor regions: 2->5(7)
[2020-12-23T09:37:56.165+0500][gc,heap       ] GC(3) Old regions: 9->9
[2020-12-23T09:37:56.165+0500][gc,heap       ] GC(3) Humongous regions: 129->129
[2020-12-23T09:37:56.165+0500][gc,metaspace  ] GC(3) Metaspace: 30016K->30016K(1077248K)
[2020-12-23T09:37:56.165+0500][gc            ] GC(3) Pause Young (Normal) (G1 Evacuation Pause) 186M->140M(1024M) 7.935ms
[2020-12-23T09:37:56.165+0500][gc,cpu        ] GC(3) User=0.03s Sys=0.00s Real=0.01s
