[2021-03-11T17:45:48.060+0500][gc,heap] Heap region size: 1M
[2021-03-11T17:45:48.071+0500][gc     ] Using G1
[2021-03-11T17:45:48.071+0500][gc,heap,coops] Heap address: 0x00000000c0000000, size: 1024 MB, Compressed Oops mode: 32-bit
[2021-03-11T17:45:48.071+0500][gc,cds       ] Mark closed archive regions in map: [0x00000000fff00000, 0x00000000fff6aff8]
[2021-03-11T17:45:48.071+0500][gc,cds       ] Mark open archive regions in map: [0x00000000ffe00000, 0x00000000ffe46ff8]
[2021-03-11T17:45:51.704+0500][gc,start     ] GC(0) Pause Young (Normal) (G1 Evacuation Pause)
[2021-03-11T17:45:51.705+0500][gc,task      ] GC(0) Using 4 workers of 4 for evacuation
[2021-03-11T17:45:51.720+0500][gc,phases    ] GC(0)   Pre Evacuate Collection Set: 0.0ms
[2021-03-11T17:45:51.720+0500][gc,phases    ] GC(0)   Evacuate Collection Set: 14.0ms
[2021-03-11T17:45:51.720+0500][gc,phases    ] GC(0)   Post Evacuate Collection Set: 0.6ms
[2021-03-11T17:45:51.720+0500][gc,phases    ] GC(0)   Other: 1.8ms
[2021-03-11T17:45:51.720+0500][gc,heap      ] GC(0) Eden regions: 51->0(44)
[2021-03-11T17:45:51.720+0500][gc,heap      ] GC(0) Survivor regions: 0->7(7)
[2021-03-11T17:45:51.720+0500][gc,heap      ] GC(0) Old regions: 2->2
[2021-03-11T17:45:51.720+0500][gc,heap      ] GC(0) Humongous regions: 0->0
[2021-03-11T17:45:51.720+0500][gc,metaspace ] GC(0) Metaspace: 15452K->15452K(1062912K)
[2021-03-11T17:45:51.720+0500][gc           ] GC(0) Pause Young (Normal) (G1 Evacuation Pause) 51M->6M(1024M) 16.465ms
[2021-03-11T17:45:51.720+0500][gc,cpu       ] GC(0) User=0.05s Sys=0.01s Real=0.01s
[2021-03-11T17:45:52.644+0500][gc,start     ] GC(1) Pause Young (Concurrent Start) (Metadata GC Threshold)
[2021-03-11T17:45:52.644+0500][gc,task      ] GC(1) Using 4 workers of 4 for evacuation
[2021-03-11T17:45:52.657+0500][gc,phases    ] GC(1)   Pre Evacuate Collection Set: 0.1ms
[2021-03-11T17:45:52.657+0500][gc,phases    ] GC(1)   Evacuate Collection Set: 12.2ms
[2021-03-11T17:45:52.657+0500][gc,phases    ] GC(1)   Post Evacuate Collection Set: 0.4ms
[2021-03-11T17:45:52.657+0500][gc,phases    ] GC(1)   Other: 0.6ms
[2021-03-11T17:45:52.657+0500][gc,heap      ] GC(1) Eden regions: 22->0(49)
[2021-03-11T17:45:52.657+0500][gc,heap      ] GC(1) Survivor regions: 7->2(7)
[2021-03-11T17:45:52.657+0500][gc,heap      ] GC(1) Old regions: 2->9
[2021-03-11T17:45:52.657+0500][gc,heap      ] GC(1) Humongous regions: 129->129
[2021-03-11T17:45:52.657+0500][gc,metaspace ] GC(1) Metaspace: 20532K->20532K(1067008K)
[2021-03-11T17:45:52.657+0500][gc           ] GC(1) Pause Young (Concurrent Start) (Metadata GC Threshold) 157M->137M(1024M) 13.332ms
[2021-03-11T17:45:52.657+0500][gc,cpu       ] GC(1) User=0.04s Sys=0.00s Real=0.01s
[2021-03-11T17:45:52.657+0500][gc           ] GC(2) Concurrent Cycle
[2021-03-11T17:45:52.657+0500][gc,marking   ] GC(2) Concurrent Clear Claimed Marks
[2021-03-11T17:45:52.657+0500][gc,marking   ] GC(2) Concurrent Clear Claimed Marks 0.045ms
[2021-03-11T17:45:52.657+0500][gc,marking   ] GC(2) Concurrent Scan Root Regions
[2021-03-11T17:45:52.658+0500][gc,marking   ] GC(2) Concurrent Scan Root Regions 0.951ms
[2021-03-11T17:45:52.658+0500][gc,marking   ] GC(2) Concurrent Mark (4.609s)
[2021-03-11T17:45:52.658+0500][gc,marking   ] GC(2) Concurrent Mark From Roots
[2021-03-11T17:45:52.658+0500][gc,task      ] GC(2) Using 1 workers of 1 for marking
[2021-03-11T17:45:52.672+0500][gc,marking   ] GC(2) Concurrent Mark From Roots 13.680ms
[2021-03-11T17:45:52.672+0500][gc,marking   ] GC(2) Concurrent Preclean
[2021-03-11T17:45:52.672+0500][gc,marking   ] GC(2) Concurrent Preclean 0.117ms
[2021-03-11T17:45:52.672+0500][gc,marking   ] GC(2) Concurrent Mark (4.609s, 4.623s) 13.870ms
[2021-03-11T17:45:52.672+0500][gc,start     ] GC(2) Pause Remark
[2021-03-11T17:45:52.678+0500][gc,stringtable] GC(2) Cleaned string and symbol table, strings: 5009 processed, 0 removed, symbols: 50757 processed, 44 removed
[2021-03-11T17:45:52.678+0500][gc            ] GC(2) Pause Remark 138M->138M(1024M) 5.579ms
[2021-03-11T17:45:52.678+0500][gc,cpu        ] GC(2) User=0.02s Sys=0.00s Real=0.00s
[2021-03-11T17:45:52.678+0500][gc,marking    ] GC(2) Concurrent Rebuild Remembered Sets
[2021-03-11T17:45:52.683+0500][gc,marking    ] GC(2) Concurrent Rebuild Remembered Sets 5.530ms
[2021-03-11T17:45:52.684+0500][gc,start      ] GC(2) Pause Cleanup
[2021-03-11T17:45:52.684+0500][gc            ] GC(2) Pause Cleanup 138M->138M(1024M) 0.487ms
[2021-03-11T17:45:52.684+0500][gc,cpu        ] GC(2) User=0.00s Sys=0.00s Real=0.00s
[2021-03-11T17:45:52.684+0500][gc,marking    ] GC(2) Concurrent Cleanup for Next Mark
[2021-03-11T17:45:52.693+0500][gc,marking    ] GC(2) Concurrent Cleanup for Next Mark 8.763ms
[2021-03-11T17:45:52.693+0500][gc            ] GC(2) Concurrent Cycle 35.899ms
[2021-03-11T17:45:54.144+0500][gc,start      ] GC(3) Pause Young (Normal) (G1 Evacuation Pause)
[2021-03-11T17:45:54.144+0500][gc,task       ] GC(3) Using 4 workers of 4 for evacuation
[2021-03-11T17:45:54.152+0500][gc,phases     ] GC(3)   Pre Evacuate Collection Set: 0.0ms
[2021-03-11T17:45:54.152+0500][gc,phases     ] GC(3)   Evacuate Collection Set: 7.5ms
[2021-03-11T17:45:54.152+0500][gc,phases     ] GC(3)   Post Evacuate Collection Set: 0.5ms
[2021-03-11T17:45:54.152+0500][gc,phases     ] GC(3)   Other: 0.4ms
[2021-03-11T17:45:54.152+0500][gc,heap       ] GC(3) Eden regions: 49->0(46)
[2021-03-11T17:45:54.152+0500][gc,heap       ] GC(3) Survivor regions: 2->5(7)
[2021-03-11T17:45:54.152+0500][gc,heap       ] GC(3) Old regions: 9->9
[2021-03-11T17:45:54.152+0500][gc,heap       ] GC(3) Humongous regions: 129->129
[2021-03-11T17:45:54.152+0500][gc,metaspace  ] GC(3) Metaspace: 30224K->30224K(1077248K)
[2021-03-11T17:45:54.152+0500][gc            ] GC(3) Pause Young (Normal) (G1 Evacuation Pause) 186M->140M(1024M) 8.586ms
[2021-03-11T17:45:54.152+0500][gc,cpu        ] GC(3) User=0.03s Sys=0.00s Real=0.01s
[2021-03-11T17:46:39.874+0500][gc,start      ] GC(4) Pause Young (Concurrent Start) (Metadata GC Threshold)
[2021-03-11T17:46:39.874+0500][gc,task       ] GC(4) Using 4 workers of 4 for evacuation
[2021-03-11T17:46:39.896+0500][gc,mmu        ] GC(4) MMU target violated: 21.0ms (20.0ms/21.0ms)
[2021-03-11T17:46:39.896+0500][gc,phases     ] GC(4)   Pre Evacuate Collection Set: 0.1ms
[2021-03-11T17:46:39.896+0500][gc,phases     ] GC(4)   Evacuate Collection Set: 21.1ms
[2021-03-11T17:46:39.896+0500][gc,phases     ] GC(4)   Post Evacuate Collection Set: 0.4ms
[2021-03-11T17:46:39.896+0500][gc,phases     ] GC(4)   Other: 0.4ms
[2021-03-11T17:46:39.896+0500][gc,heap       ] GC(4) Eden regions: 23->0(46)
[2021-03-11T17:46:39.896+0500][gc,heap       ] GC(4) Survivor regions: 5->5(7)
[2021-03-11T17:46:39.896+0500][gc,heap       ] GC(4) Old regions: 9->10
[2021-03-11T17:46:39.896+0500][gc,heap       ] GC(4) Humongous regions: 129->129
[2021-03-11T17:46:39.896+0500][gc,metaspace  ] GC(4) Metaspace: 34402K->34402K(1081344K)
[2021-03-11T17:46:39.896+0500][gc            ] GC(4) Pause Young (Concurrent Start) (Metadata GC Threshold) 163M->141M(1024M) 22.086ms
[2021-03-11T17:46:39.896+0500][gc,cpu        ] GC(4) User=0.06s Sys=0.00s Real=0.02s
[2021-03-11T17:46:39.896+0500][gc            ] GC(5) Concurrent Cycle
[2021-03-11T17:46:39.896+0500][gc,marking    ] GC(5) Concurrent Clear Claimed Marks
[2021-03-11T17:46:39.896+0500][gc,marking    ] GC(5) Concurrent Clear Claimed Marks 0.076ms
[2021-03-11T17:46:39.896+0500][gc,marking    ] GC(5) Concurrent Scan Root Regions
[2021-03-11T17:46:39.905+0500][gc,marking    ] GC(5) Concurrent Scan Root Regions 8.388ms
[2021-03-11T17:46:39.905+0500][gc,marking    ] GC(5) Concurrent Mark (51.855s)
[2021-03-11T17:46:39.905+0500][gc,marking    ] GC(5) Concurrent Mark From Roots
[2021-03-11T17:46:39.905+0500][gc,task       ] GC(5) Using 1 workers of 1 for marking
[2021-03-11T17:46:39.926+0500][gc,marking    ] GC(5) Concurrent Mark From Roots 21.088ms
[2021-03-11T17:46:39.926+0500][gc,marking    ] GC(5) Concurrent Preclean
[2021-03-11T17:46:39.926+0500][gc,marking    ] GC(5) Concurrent Preclean 0.153ms
[2021-03-11T17:46:39.926+0500][gc,marking    ] GC(5) Concurrent Mark (51.855s, 51.877s) 21.339ms
[2021-03-11T17:46:39.926+0500][gc,start      ] GC(5) Pause Remark
[2021-03-11T17:46:39.931+0500][gc,stringtable] GC(5) Cleaned string and symbol table, strings: 10192 processed, 9 removed, symbols: 79876 processed, 15 removed
[2021-03-11T17:46:39.932+0500][gc            ] GC(5) Pause Remark 142M->142M(1024M) 5.227ms
[2021-03-11T17:46:39.932+0500][gc,cpu        ] GC(5) User=0.01s Sys=0.00s Real=0.01s
[2021-03-11T17:46:39.932+0500][gc,marking    ] GC(5) Concurrent Rebuild Remembered Sets
[2021-03-11T17:46:39.942+0500][gc,marking    ] GC(5) Concurrent Rebuild Remembered Sets 10.326ms
[2021-03-11T17:46:39.942+0500][gc,start      ] GC(5) Pause Cleanup
[2021-03-11T17:46:39.942+0500][gc            ] GC(5) Pause Cleanup 142M->142M(1024M) 0.289ms
[2021-03-11T17:46:39.943+0500][gc,cpu        ] GC(5) User=0.00s Sys=0.00s Real=0.00s
[2021-03-11T17:46:39.943+0500][gc,marking    ] GC(5) Concurrent Cleanup for Next Mark
[2021-03-11T17:46:39.969+0500][gc,marking    ] GC(5) Concurrent Cleanup for Next Mark 26.673ms
[2021-03-11T17:46:39.969+0500][gc            ] GC(5) Concurrent Cycle 73.089ms
[2021-03-11T17:48:19.481+0500][gc,heap,exit  ] Heap
[2021-03-11T17:48:19.481+0500][gc,heap,exit  ]  garbage-first heap   total 1048576K, used 186319K [0x00000000c0000000, 0x0000000100000000)
[2021-03-11T17:48:19.481+0500][gc,heap,exit  ]   region size 1024K, 47 young (48128K), 5 survivors (5120K)
[2021-03-11T17:48:19.481+0500][gc,heap,exit  ]  Metaspace       used 38774K, capacity 40769K, committed 40832K, reserved 1085440K
[2021-03-11T17:48:19.481+0500][gc,heap,exit  ]   class space    used 4763K, capacity 5719K, committed 5760K, reserved 1048576K
