[2020-12-20T11:23:43.706+0500][gc,heap] Heap region size: 1M
[2020-12-20T11:23:43.730+0500][gc     ] Using G1
[2020-12-20T11:23:43.730+0500][gc,heap,coops] Heap address: 0x00000000c0000000, size: 1024 MB, Compressed Oops mode: 32-bit
[2020-12-20T11:23:43.730+0500][gc,cds       ] Mark closed archive regions in map: [0x00000000fff00000, 0x00000000fff69ff8]
[2020-12-20T11:23:43.730+0500][gc,cds       ] Mark open archive regions in map: [0x00000000ffe00000, 0x00000000ffe46ff8]
[2020-12-20T11:23:56.073+0500][gc,start     ] GC(0) Pause Young (Normal) (G1 Evacuation Pause)
[2020-12-20T11:23:56.073+0500][gc,task      ] GC(0) Using 4 workers of 4 for evacuation
[2020-12-20T11:23:56.086+0500][gc,phases    ] GC(0)   Pre Evacuate Collection Set: 0.0ms
[2020-12-20T11:23:56.086+0500][gc,phases    ] GC(0)   Evacuate Collection Set: 11.9ms
[2020-12-20T11:23:56.086+0500][gc,phases    ] GC(0)   Post Evacuate Collection Set: 0.4ms
[2020-12-20T11:23:56.086+0500][gc,phases    ] GC(0)   Other: 0.4ms
[2020-12-20T11:23:56.086+0500][gc,heap      ] GC(0) Eden regions: 51->0(44)
[2020-12-20T11:23:56.086+0500][gc,heap      ] GC(0) Survivor regions: 0->7(7)
[2020-12-20T11:23:56.086+0500][gc,heap      ] GC(0) Old regions: 2->2
[2020-12-20T11:23:56.086+0500][gc,heap      ] GC(0) Humongous regions: 0->0
[2020-12-20T11:23:56.086+0500][gc,metaspace ] GC(0) Metaspace: 15503K->15503K(1062912K)
[2020-12-20T11:23:56.086+0500][gc           ] GC(0) Pause Young (Normal) (G1 Evacuation Pause) 51M->7M(1024M) 12.817ms
[2020-12-20T11:23:56.086+0500][gc,cpu       ] GC(0) User=0.04s Sys=0.00s Real=0.01s
[2020-12-20T11:23:58.003+0500][gc,start     ] GC(1) Pause Young (Concurrent Start) (Metadata GC Threshold)
[2020-12-20T11:23:58.003+0500][gc,task      ] GC(1) Using 4 workers of 4 for evacuation
[2020-12-20T11:23:58.066+0500][gc,mmu       ] GC(1) MMU target violated: 21.0ms (20.0ms/21.0ms)
[2020-12-20T11:23:58.066+0500][gc,phases    ] GC(1)   Pre Evacuate Collection Set: 0.1ms
[2020-12-20T11:23:58.066+0500][gc,phases    ] GC(1)   Evacuate Collection Set: 60.3ms
[2020-12-20T11:23:58.066+0500][gc,phases    ] GC(1)   Post Evacuate Collection Set: 1.3ms
[2020-12-20T11:23:58.066+0500][gc,phases    ] GC(1)   Other: 1.0ms
[2020-12-20T11:23:58.066+0500][gc,heap      ] GC(1) Eden regions: 21->0(50)
[2020-12-20T11:23:58.066+0500][gc,heap      ] GC(1) Survivor regions: 7->1(7)
[2020-12-20T11:23:58.066+0500][gc,heap      ] GC(1) Old regions: 2->9
[2020-12-20T11:23:58.066+0500][gc,heap      ] GC(1) Humongous regions: 0->0
[2020-12-20T11:23:58.066+0500][gc,metaspace ] GC(1) Metaspace: 20588K->20588K(1067008K)
[2020-12-20T11:23:58.066+0500][gc           ] GC(1) Pause Young (Concurrent Start) (Metadata GC Threshold) 27M->7M(1024M) 63.099ms
[2020-12-20T11:23:58.066+0500][gc,cpu       ] GC(1) User=0.16s Sys=0.02s Real=0.06s
[2020-12-20T11:23:58.066+0500][gc           ] GC(2) Concurrent Cycle
[2020-12-20T11:23:58.066+0500][gc,marking   ] GC(2) Concurrent Clear Claimed Marks
[2020-12-20T11:23:58.067+0500][gc,marking   ] GC(2) Concurrent Clear Claimed Marks 0.149ms
[2020-12-20T11:23:58.067+0500][gc,marking   ] GC(2) Concurrent Scan Root Regions
[2020-12-20T11:23:58.072+0500][gc,marking   ] GC(2) Concurrent Scan Root Regions 5.272ms
[2020-12-20T11:23:58.072+0500][gc,marking   ] GC(2) Concurrent Mark (14.370s)
[2020-12-20T11:23:58.072+0500][gc,marking   ] GC(2) Concurrent Mark From Roots
[2020-12-20T11:23:58.072+0500][gc,task      ] GC(2) Using 1 workers of 1 for marking
[2020-12-20T11:23:58.117+0500][gc,marking   ] GC(2) Concurrent Mark From Roots 45.008ms
[2020-12-20T11:23:58.117+0500][gc,marking   ] GC(2) Concurrent Preclean
[2020-12-20T11:23:58.117+0500][gc,marking   ] GC(2) Concurrent Preclean 0.248ms
[2020-12-20T11:23:58.117+0500][gc,marking   ] GC(2) Concurrent Mark (14.370s, 14.416s) 45.408ms
[2020-12-20T11:23:58.118+0500][gc,start     ] GC(2) Pause Remark
[2020-12-20T11:23:58.123+0500][gc,stringtable] GC(2) Cleaned string and symbol table, strings: 4904 processed, 0 removed, symbols: 51424 processed, 46 removed
[2020-12-20T11:23:58.123+0500][gc            ] GC(2) Pause Remark 8M->8M(1024M) 5.578ms
[2020-12-20T11:23:58.123+0500][gc,cpu        ] GC(2) User=0.01s Sys=0.00s Real=0.01s
[2020-12-20T11:23:58.123+0500][gc,marking    ] GC(2) Concurrent Rebuild Remembered Sets
[2020-12-20T11:23:58.136+0500][gc,marking    ] GC(2) Concurrent Rebuild Remembered Sets 12.272ms
[2020-12-20T11:23:58.136+0500][gc,start      ] GC(2) Pause Cleanup
[2020-12-20T11:23:58.136+0500][gc            ] GC(2) Pause Cleanup 8M->8M(1024M) 0.363ms
[2020-12-20T11:23:58.136+0500][gc,cpu        ] GC(2) User=0.00s Sys=0.00s Real=0.00s
[2020-12-20T11:23:58.136+0500][gc,marking    ] GC(2) Concurrent Cleanup for Next Mark
[2020-12-20T11:23:58.146+0500][gc,marking    ] GC(2) Concurrent Cleanup for Next Mark 9.938ms
[2020-12-20T11:23:58.146+0500][gc            ] GC(2) Concurrent Cycle 80.022ms
[2020-12-20T11:24:05.070+0500][gc,start      ] GC(3) Pause Young (Normal) (G1 Evacuation Pause)
[2020-12-20T11:24:05.070+0500][gc,task       ] GC(3) Using 4 workers of 4 for evacuation
[2020-12-20T11:24:05.094+0500][gc,mmu        ] GC(3) MMU target violated: 21.0ms (20.0ms/21.0ms)
[2020-12-20T11:24:05.095+0500][gc,phases     ] GC(3)   Pre Evacuate Collection Set: 0.1ms
[2020-12-20T11:24:05.095+0500][gc,phases     ] GC(3)   Evacuate Collection Set: 23.5ms
[2020-12-20T11:24:05.095+0500][gc,phases     ] GC(3)   Post Evacuate Collection Set: 0.9ms
[2020-12-20T11:24:05.095+0500][gc,phases     ] GC(3)   Other: 0.6ms
[2020-12-20T11:24:05.095+0500][gc,heap       ] GC(3) Eden regions: 50->0(46)
[2020-12-20T11:24:05.095+0500][gc,heap       ] GC(3) Survivor regions: 1->5(7)
[2020-12-20T11:24:05.095+0500][gc,heap       ] GC(3) Old regions: 9->9
[2020-12-20T11:24:05.095+0500][gc,heap       ] GC(3) Humongous regions: 129->129
[2020-12-20T11:24:05.095+0500][gc,metaspace  ] GC(3) Metaspace: 28531K->28531K(1075200K)
[2020-12-20T11:24:05.095+0500][gc            ] GC(3) Pause Young (Normal) (G1 Evacuation Pause) 186M->140M(1024M) 25.153ms
[2020-12-20T11:24:05.095+0500][gc,cpu        ] GC(3) User=0.08s Sys=0.00s Real=0.03s
[2020-12-20T11:24:06.331+0500][gc,start      ] GC(4) Pause Young (Concurrent Start) (Metadata GC Threshold)
[2020-12-20T11:24:06.331+0500][gc,task       ] GC(4) Using 4 workers of 4 for evacuation
[2020-12-20T11:24:06.342+0500][gc,phases     ] GC(4)   Pre Evacuate Collection Set: 0.1ms
[2020-12-20T11:24:06.343+0500][gc,phases     ] GC(4)   Evacuate Collection Set: 10.5ms
[2020-12-20T11:24:06.343+0500][gc,phases     ] GC(4)   Post Evacuate Collection Set: 0.5ms
[2020-12-20T11:24:06.343+0500][gc,phases     ] GC(4)   Other: 0.2ms
[2020-12-20T11:24:06.343+0500][gc,heap       ] GC(4) Eden regions: 28->0(49)
[2020-12-20T11:24:06.343+0500][gc,heap       ] GC(4) Survivor regions: 5->2(7)
[2020-12-20T11:24:06.343+0500][gc,heap       ] GC(4) Old regions: 9->13
[2020-12-20T11:24:06.343+0500][gc,heap       ] GC(4) Humongous regions: 129->129
[2020-12-20T11:24:06.343+0500][gc,metaspace  ] GC(4) Metaspace: 34566K->34566K(1081344K)
[2020-12-20T11:24:06.343+0500][gc            ] GC(4) Pause Young (Concurrent Start) (Metadata GC Threshold) 167M->141M(1024M) 11.466ms
[2020-12-20T11:24:06.343+0500][gc,cpu        ] GC(4) User=0.04s Sys=0.00s Real=0.01s
[2020-12-20T11:24:06.343+0500][gc            ] GC(5) Concurrent Cycle
[2020-12-20T11:24:06.343+0500][gc,marking    ] GC(5) Concurrent Clear Claimed Marks
[2020-12-20T11:24:06.343+0500][gc,marking    ] GC(5) Concurrent Clear Claimed Marks 0.094ms
[2020-12-20T11:24:06.343+0500][gc,marking    ] GC(5) Concurrent Scan Root Regions
[2020-12-20T11:24:06.345+0500][gc,marking    ] GC(5) Concurrent Scan Root Regions 2.457ms
[2020-12-20T11:24:06.345+0500][gc,marking    ] GC(5) Concurrent Mark (22.644s)
[2020-12-20T11:24:06.345+0500][gc,marking    ] GC(5) Concurrent Mark From Roots
[2020-12-20T11:24:06.345+0500][gc,task       ] GC(5) Using 1 workers of 1 for marking
[2020-12-20T11:24:06.376+0500][gc,marking    ] GC(5) Concurrent Mark From Roots 30.513ms
[2020-12-20T11:24:06.376+0500][gc,marking    ] GC(5) Concurrent Preclean
[2020-12-20T11:24:06.376+0500][gc,marking    ] GC(5) Concurrent Preclean 0.140ms
[2020-12-20T11:24:06.376+0500][gc,marking    ] GC(5) Concurrent Mark (22.644s, 22.674s) 30.711ms
[2020-12-20T11:24:06.376+0500][gc,start      ] GC(5) Pause Remark
[2020-12-20T11:24:06.384+0500][gc,stringtable] GC(5) Cleaned string and symbol table, strings: 10506 processed, 10 removed, symbols: 80836 processed, 13 removed
[2020-12-20T11:24:06.385+0500][gc            ] GC(5) Pause Remark 143M->143M(1024M) 8.697ms
[2020-12-20T11:24:06.385+0500][gc,cpu        ] GC(5) User=0.02s Sys=0.00s Real=0.01s
[2020-12-20T11:24:06.385+0500][gc,marking    ] GC(5) Concurrent Rebuild Remembered Sets
[2020-12-20T11:24:06.400+0500][gc,marking    ] GC(5) Concurrent Rebuild Remembered Sets 14.754ms
[2020-12-20T11:24:06.400+0500][gc,start      ] GC(5) Pause Cleanup
[2020-12-20T11:24:06.401+0500][gc            ] GC(5) Pause Cleanup 143M->143M(1024M) 0.411ms
[2020-12-20T11:24:06.401+0500][gc,cpu        ] GC(5) User=0.00s Sys=0.00s Real=0.00s
[2020-12-20T11:24:06.401+0500][gc,marking    ] GC(5) Concurrent Cleanup for Next Mark
[2020-12-20T11:24:06.407+0500][gc,marking    ] GC(5) Concurrent Cleanup for Next Mark 6.637ms
[2020-12-20T11:24:06.408+0500][gc            ] GC(5) Concurrent Cycle 64.700ms
[2020-12-20T11:41:58.390+0500][gc,start      ] GC(6) Pause Young (Normal) (G1 Evacuation Pause)
[2020-12-20T11:41:58.390+0500][gc,task       ] GC(6) Using 4 workers of 4 for evacuation
[2020-12-20T11:41:58.414+0500][gc,mmu        ] GC(6) MMU target violated: 21.0ms (20.0ms/21.0ms)
[2020-12-20T11:41:58.415+0500][gc,phases     ] GC(6)   Pre Evacuate Collection Set: 0.1ms
[2020-12-20T11:41:58.415+0500][gc,phases     ] GC(6)   Evacuate Collection Set: 22.1ms
[2020-12-20T11:41:58.415+0500][gc,phases     ] GC(6)   Post Evacuate Collection Set: 1.5ms
[2020-12-20T11:41:58.415+0500][gc,phases     ] GC(6)   Other: 0.7ms
[2020-12-20T11:41:58.415+0500][gc,heap       ] GC(6) Eden regions: 49->0(48)
[2020-12-20T11:41:58.415+0500][gc,heap       ] GC(6) Survivor regions: 2->3(7)
[2020-12-20T11:41:58.415+0500][gc,heap       ] GC(6) Old regions: 13->13
[2020-12-20T11:41:58.415+0500][gc,heap       ] GC(6) Humongous regions: 177->129
[2020-12-20T11:41:58.415+0500][gc,metaspace  ] GC(6) Metaspace: 36604K->36604K(1083392K)
[2020-12-20T11:41:58.415+0500][gc            ] GC(6) Pause Young (Normal) (G1 Evacuation Pause) 238M->142M(1024M) 24.577ms
[2020-12-20T11:41:58.415+0500][gc,cpu        ] GC(6) User=0.07s Sys=0.01s Real=0.02s
[2020-12-20T12:08:08.389+0500][gc,start      ] GC(7) Pause Young (Normal) (G1 Evacuation Pause)
[2020-12-20T12:08:08.389+0500][gc,task       ] GC(7) Using 4 workers of 4 for evacuation
[2020-12-20T12:08:08.398+0500][gc,phases     ] GC(7)   Pre Evacuate Collection Set: 0.1ms
[2020-12-20T12:08:08.398+0500][gc,phases     ] GC(7)   Evacuate Collection Set: 4.8ms
[2020-12-20T12:08:08.398+0500][gc,phases     ] GC(7)   Post Evacuate Collection Set: 3.4ms
[2020-12-20T12:08:08.398+0500][gc,phases     ] GC(7)   Other: 0.2ms
[2020-12-20T12:08:08.398+0500][gc,heap       ] GC(7) Eden regions: 48->0(48)
[2020-12-20T12:08:08.398+0500][gc,heap       ] GC(7) Survivor regions: 3->3(7)
[2020-12-20T12:08:08.398+0500][gc,heap       ] GC(7) Old regions: 13->13
[2020-12-20T12:08:08.398+0500][gc,heap       ] GC(7) Humongous regions: 129->129
[2020-12-20T12:08:08.398+0500][gc,metaspace  ] GC(7) Metaspace: 36753K->36753K(1083392K)
[2020-12-20T12:08:08.398+0500][gc            ] GC(7) Pause Young (Normal) (G1 Evacuation Pause) 190M->142M(1024M) 8.638ms
[2020-12-20T12:08:08.398+0500][gc,cpu        ] GC(7) User=0.01s Sys=0.00s Real=0.01s
