[2020-12-23T02:27:02.896+0500][gc,heap] Heap region size: 1M
[2020-12-23T02:27:02.902+0500][gc     ] Using G1
[2020-12-23T02:27:02.902+0500][gc,heap,coops] Heap address: 0x00000000c0000000, size: 1024 MB, Compressed Oops mode: 32-bit
[2020-12-23T02:27:02.902+0500][gc,cds       ] Mark closed archive regions in map: [0x00000000fff00000, 0x00000000fff69ff8]
[2020-12-23T02:27:02.902+0500][gc,cds       ] Mark open archive regions in map: [0x00000000ffe00000, 0x00000000ffe46ff8]
[2020-12-23T02:27:04.326+0500][gc,start     ] GC(0) Pause Young (Normal) (G1 Evacuation Pause)
[2020-12-23T02:27:04.327+0500][gc,task      ] GC(0) Using 4 workers of 4 for evacuation
[2020-12-23T02:27:04.341+0500][gc,phases    ] GC(0)   Pre Evacuate Collection Set: 0.0ms
[2020-12-23T02:27:04.341+0500][gc,phases    ] GC(0)   Evacuate Collection Set: 13.5ms
[2020-12-23T02:27:04.341+0500][gc,phases    ] GC(0)   Post Evacuate Collection Set: 0.4ms
[2020-12-23T02:27:04.341+0500][gc,phases    ] GC(0)   Other: 0.7ms
[2020-12-23T02:27:04.341+0500][gc,heap      ] GC(0) Eden regions: 51->0(44)
[2020-12-23T02:27:04.341+0500][gc,heap      ] GC(0) Survivor regions: 0->7(7)
[2020-12-23T02:27:04.341+0500][gc,heap      ] GC(0) Old regions: 2->2
[2020-12-23T02:27:04.341+0500][gc,heap      ] GC(0) Humongous regions: 0->0
[2020-12-23T02:27:04.341+0500][gc,metaspace ] GC(0) Metaspace: 15577K->15577K(1062912K)
[2020-12-23T02:27:04.341+0500][gc           ] GC(0) Pause Young (Normal) (G1 Evacuation Pause) 51M->6M(1024M) 14.700ms
[2020-12-23T02:27:04.341+0500][gc,cpu       ] GC(0) User=0.04s Sys=0.01s Real=0.02s
[2020-12-23T02:27:04.898+0500][gc,start     ] GC(1) Pause Young (Concurrent Start) (GCLocker Initiated GC)
[2020-12-23T02:27:04.898+0500][gc,task      ] GC(1) Using 4 workers of 4 for evacuation
[2020-12-23T02:27:04.909+0500][gc,phases    ] GC(1)   Pre Evacuate Collection Set: 0.0ms
[2020-12-23T02:27:04.909+0500][gc,phases    ] GC(1)   Evacuate Collection Set: 10.5ms
[2020-12-23T02:27:04.909+0500][gc,phases    ] GC(1)   Post Evacuate Collection Set: 0.3ms
[2020-12-23T02:27:04.909+0500][gc,phases    ] GC(1)   Other: 0.2ms
[2020-12-23T02:27:04.909+0500][gc,heap      ] GC(1) Eden regions: 21->0(49)
[2020-12-23T02:27:04.909+0500][gc,heap      ] GC(1) Survivor regions: 7->2(7)
[2020-12-23T02:27:04.909+0500][gc,heap      ] GC(1) Old regions: 2->9
[2020-12-23T02:27:04.909+0500][gc,heap      ] GC(1) Humongous regions: 129->129
[2020-12-23T02:27:04.909+0500][gc,metaspace ] GC(1) Metaspace: 20574K->20574K(1069056K)
[2020-12-23T02:27:04.909+0500][gc           ] GC(1) Pause Young (Concurrent Start) (GCLocker Initiated GC) 156M->137M(1024M) 11.102ms
[2020-12-23T02:27:04.909+0500][gc,cpu       ] GC(1) User=0.04s Sys=0.00s Real=0.01s
[2020-12-23T02:27:04.909+0500][gc           ] GC(2) Concurrent Cycle
[2020-12-23T02:27:04.909+0500][gc,marking   ] GC(2) Concurrent Clear Claimed Marks
[2020-12-23T02:27:04.909+0500][gc,marking   ] GC(2) Concurrent Clear Claimed Marks 0.042ms
[2020-12-23T02:27:04.909+0500][gc,marking   ] GC(2) Concurrent Scan Root Regions
[2020-12-23T02:27:04.910+0500][gc,marking   ] GC(2) Concurrent Scan Root Regions 0.897ms
[2020-12-23T02:27:04.910+0500][gc,marking   ] GC(2) Concurrent Mark (2.017s)
[2020-12-23T02:27:04.910+0500][gc,marking   ] GC(2) Concurrent Mark From Roots
[2020-12-23T02:27:04.910+0500][gc,task      ] GC(2) Using 1 workers of 1 for marking
[2020-12-23T02:27:04.920+0500][gc,marking   ] GC(2) Concurrent Mark From Roots 9.472ms
[2020-12-23T02:27:04.920+0500][gc,marking   ] GC(2) Concurrent Preclean
[2020-12-23T02:27:04.920+0500][gc,marking   ] GC(2) Concurrent Preclean 0.114ms
[2020-12-23T02:27:04.920+0500][gc,marking   ] GC(2) Concurrent Mark (2.017s, 2.027s) 9.643ms
[2020-12-23T02:27:04.921+0500][gc,start     ] GC(2) Pause Remark
[2020-12-23T02:27:04.924+0500][gc,stringtable] GC(2) Cleaned string and symbol table, strings: 5002 processed, 0 removed, symbols: 50756 processed, 44 removed
[2020-12-23T02:27:04.925+0500][gc            ] GC(2) Pause Remark 138M->138M(1024M) 4.122ms
[2020-12-23T02:27:04.925+0500][gc,cpu        ] GC(2) User=0.01s Sys=0.00s Real=0.00s
[2020-12-23T02:27:04.925+0500][gc,marking    ] GC(2) Concurrent Rebuild Remembered Sets
[2020-12-23T02:27:04.930+0500][gc,marking    ] GC(2) Concurrent Rebuild Remembered Sets 5.403ms
[2020-12-23T02:27:04.931+0500][gc,start      ] GC(2) Pause Cleanup
[2020-12-23T02:27:04.931+0500][gc            ] GC(2) Pause Cleanup 139M->139M(1024M) 0.180ms
[2020-12-23T02:27:04.931+0500][gc,cpu        ] GC(2) User=0.00s Sys=0.00s Real=0.00s
[2020-12-23T02:27:04.931+0500][gc,marking    ] GC(2) Concurrent Cleanup for Next Mark
[2020-12-23T02:27:04.934+0500][gc,marking    ] GC(2) Concurrent Cleanup for Next Mark 2.644ms
[2020-12-23T02:27:04.934+0500][gc            ] GC(2) Concurrent Cycle 24.427ms
[2020-12-23T02:27:05.627+0500][gc,start      ] GC(3) Pause Young (Normal) (G1 Evacuation Pause)
[2020-12-23T02:27:05.627+0500][gc,task       ] GC(3) Using 4 workers of 4 for evacuation
[2020-12-23T02:27:05.632+0500][gc,phases     ] GC(3)   Pre Evacuate Collection Set: 0.0ms
[2020-12-23T02:27:05.632+0500][gc,phases     ] GC(3)   Evacuate Collection Set: 5.2ms
[2020-12-23T02:27:05.632+0500][gc,phases     ] GC(3)   Post Evacuate Collection Set: 0.3ms
[2020-12-23T02:27:05.632+0500][gc,phases     ] GC(3)   Other: 0.1ms
[2020-12-23T02:27:05.632+0500][gc,heap       ] GC(3) Eden regions: 49->0(46)
[2020-12-23T02:27:05.632+0500][gc,heap       ] GC(3) Survivor regions: 2->5(7)
[2020-12-23T02:27:05.632+0500][gc,heap       ] GC(3) Old regions: 9->9
[2020-12-23T02:27:05.632+0500][gc,heap       ] GC(3) Humongous regions: 129->129
[2020-12-23T02:27:05.632+0500][gc,metaspace  ] GC(3) Metaspace: 30232K->30232K(1077248K)
[2020-12-23T02:27:05.632+0500][gc            ] GC(3) Pause Young (Normal) (G1 Evacuation Pause) 186M->140M(1024M) 5.665ms
[2020-12-23T02:27:05.632+0500][gc,cpu        ] GC(3) User=0.02s Sys=0.00s Real=0.01s
[2020-12-23T02:40:00.383+0500][gc,start      ] GC(4) Pause Young (Concurrent Start) (Metadata GC Threshold)
[2020-12-23T02:40:00.383+0500][gc,task       ] GC(4) Using 4 workers of 4 for evacuation
[2020-12-23T02:40:00.395+0500][gc,phases     ] GC(4)   Pre Evacuate Collection Set: 0.1ms
[2020-12-23T02:40:00.395+0500][gc,phases     ] GC(4)   Evacuate Collection Set: 11.3ms
[2020-12-23T02:40:00.395+0500][gc,phases     ] GC(4)   Post Evacuate Collection Set: 0.4ms
[2020-12-23T02:40:00.395+0500][gc,phases     ] GC(4)   Other: 0.2ms
[2020-12-23T02:40:00.395+0500][gc,heap       ] GC(4) Eden regions: 25->0(49)
[2020-12-23T02:40:00.395+0500][gc,heap       ] GC(4) Survivor regions: 5->2(7)
[2020-12-23T02:40:00.395+0500][gc,heap       ] GC(4) Old regions: 9->13
[2020-12-23T02:40:00.395+0500][gc,heap       ] GC(4) Humongous regions: 129->129
[2020-12-23T02:40:00.395+0500][gc,metaspace  ] GC(4) Metaspace: 34319K->34319K(1081344K)
[2020-12-23T02:40:00.395+0500][gc            ] GC(4) Pause Young (Concurrent Start) (Metadata GC Threshold) 164M->141M(1024M) 12.114ms
[2020-12-23T02:40:00.395+0500][gc,cpu        ] GC(4) User=0.02s Sys=0.00s Real=0.01s
[2020-12-23T02:40:00.396+0500][gc            ] GC(5) Concurrent Cycle
[2020-12-23T02:40:00.396+0500][gc,marking    ] GC(5) Concurrent Clear Claimed Marks
[2020-12-23T02:40:00.396+0500][gc,marking    ] GC(5) Concurrent Clear Claimed Marks 0.064ms
[2020-12-23T02:40:00.396+0500][gc,marking    ] GC(5) Concurrent Scan Root Regions
[2020-12-23T02:40:00.397+0500][gc,marking    ] GC(5) Concurrent Scan Root Regions 1.177ms
[2020-12-23T02:40:00.397+0500][gc,marking    ] GC(5) Concurrent Mark (777.504s)
[2020-12-23T02:40:00.397+0500][gc,marking    ] GC(5) Concurrent Mark From Roots
[2020-12-23T02:40:00.397+0500][gc,task       ] GC(5) Using 1 workers of 1 for marking
[2020-12-23T02:40:00.431+0500][gc,marking    ] GC(5) Concurrent Mark From Roots 34.214ms
[2020-12-23T02:40:00.431+0500][gc,marking    ] GC(5) Concurrent Preclean
[2020-12-23T02:40:00.431+0500][gc,marking    ] GC(5) Concurrent Preclean 0.106ms
[2020-12-23T02:40:00.431+0500][gc,marking    ] GC(5) Concurrent Mark (777.504s, 777.538s) 34.383ms
[2020-12-23T02:40:00.432+0500][gc,start      ] GC(5) Pause Remark
[2020-12-23T02:40:00.437+0500][gc,stringtable] GC(5) Cleaned string and symbol table, strings: 10433 processed, 10 removed, symbols: 80100 processed, 14 removed
[2020-12-23T02:40:00.438+0500][gc            ] GC(5) Pause Remark 143M->143M(1024M) 5.281ms
[2020-12-23T02:40:00.438+0500][gc,cpu        ] GC(5) User=0.01s Sys=0.00s Real=0.00s
[2020-12-23T02:40:00.438+0500][gc,marking    ] GC(5) Concurrent Rebuild Remembered Sets
[2020-12-23T02:40:00.485+0500][gc,marking    ] GC(5) Concurrent Rebuild Remembered Sets 47.549ms
[2020-12-23T02:40:00.489+0500][gc,start      ] GC(5) Pause Cleanup
[2020-12-23T02:40:00.490+0500][gc            ] GC(5) Pause Cleanup 145M->145M(1024M) 0.298ms
[2020-12-23T02:40:00.490+0500][gc,cpu        ] GC(5) User=0.00s Sys=0.00s Real=0.00s
[2020-12-23T02:40:00.490+0500][gc,marking    ] GC(5) Concurrent Cleanup for Next Mark
[2020-12-23T02:40:00.496+0500][gc,marking    ] GC(5) Concurrent Cleanup for Next Mark 6.706ms
[2020-12-23T02:40:00.496+0500][gc            ] GC(5) Concurrent Cycle 100.978ms
[2020-12-23T02:48:43.269+0500][gc,start      ] GC(6) Pause Young (Normal) (G1 Evacuation Pause)
[2020-12-23T02:48:43.269+0500][gc,task       ] GC(6) Using 4 workers of 4 for evacuation
[2020-12-23T02:48:43.276+0500][gc,phases     ] GC(6)   Pre Evacuate Collection Set: 0.1ms
[2020-12-23T02:48:43.276+0500][gc,phases     ] GC(6)   Evacuate Collection Set: 6.8ms
[2020-12-23T02:48:43.276+0500][gc,phases     ] GC(6)   Post Evacuate Collection Set: 0.5ms
[2020-12-23T02:48:43.276+0500][gc,phases     ] GC(6)   Other: 0.3ms
[2020-12-23T02:48:43.276+0500][gc,heap       ] GC(6) Eden regions: 49->0(47)
[2020-12-23T02:48:43.276+0500][gc,heap       ] GC(6) Survivor regions: 2->4(7)
[2020-12-23T02:48:43.276+0500][gc,heap       ] GC(6) Old regions: 13->13
[2020-12-23T02:48:43.276+0500][gc,heap       ] GC(6) Humongous regions: 129->129
[2020-12-23T02:48:43.276+0500][gc,metaspace  ] GC(6) Metaspace: 38453K->38453K(1083392K)
[2020-12-23T02:48:43.276+0500][gc            ] GC(6) Pause Young (Normal) (G1 Evacuation Pause) 190M->143M(1024M) 7.772ms
[2020-12-23T02:48:43.276+0500][gc,cpu        ] GC(6) User=0.02s Sys=0.00s Real=0.01s
[2020-12-23T03:23:05.298+0500][gc,start      ] GC(7) Pause Young (Normal) (G1 Evacuation Pause)
[2020-12-23T03:23:05.298+0500][gc,task       ] GC(7) Using 4 workers of 4 for evacuation
[2020-12-23T03:23:05.307+0500][gc,phases     ] GC(7)   Pre Evacuate Collection Set: 0.1ms
[2020-12-23T03:23:05.307+0500][gc,phases     ] GC(7)   Evacuate Collection Set: 7.3ms
[2020-12-23T03:23:05.307+0500][gc,phases     ] GC(7)   Post Evacuate Collection Set: 1.2ms
[2020-12-23T03:23:05.307+0500][gc,phases     ] GC(7)   Other: 0.6ms
[2020-12-23T03:23:05.307+0500][gc,heap       ] GC(7) Eden regions: 47->0(47)
[2020-12-23T03:23:05.307+0500][gc,heap       ] GC(7) Survivor regions: 4->4(7)
[2020-12-23T03:23:05.307+0500][gc,heap       ] GC(7) Old regions: 13->13
[2020-12-23T03:23:05.307+0500][gc,heap       ] GC(7) Humongous regions: 129->129
[2020-12-23T03:23:05.307+0500][gc,metaspace  ] GC(7) Metaspace: 38640K->38640K(1085440K)
[2020-12-23T03:23:05.307+0500][gc            ] GC(7) Pause Young (Normal) (G1 Evacuation Pause) 190M->143M(1024M) 9.266ms
[2020-12-23T03:23:05.307+0500][gc,cpu        ] GC(7) User=0.03s Sys=0.00s Real=0.01s
[2020-12-23T03:58:00.099+0500][gc,start      ] GC(8) Pause Young (Normal) (G1 Evacuation Pause)
[2020-12-23T03:58:00.149+0500][gc,task       ] GC(8) Using 4 workers of 4 for evacuation
[2020-12-23T03:58:00.164+0500][gc,phases     ] GC(8)   Pre Evacuate Collection Set: 0.0ms
[2020-12-23T03:58:00.164+0500][gc,phases     ] GC(8)   Evacuate Collection Set: 10.9ms
[2020-12-23T03:58:00.164+0500][gc,phases     ] GC(8)   Post Evacuate Collection Set: 3.1ms
[2020-12-23T03:58:00.164+0500][gc,phases     ] GC(8)   Other: 50.5ms
[2020-12-23T03:58:00.164+0500][gc,heap       ] GC(8) Eden regions: 47->0(47)
[2020-12-23T03:58:00.164+0500][gc,heap       ] GC(8) Survivor regions: 4->4(7)
[2020-12-23T03:58:00.164+0500][gc,heap       ] GC(8) Old regions: 13->13
[2020-12-23T03:58:00.164+0500][gc,heap       ] GC(8) Humongous regions: 129->129
[2020-12-23T03:58:00.164+0500][gc,metaspace  ] GC(8) Metaspace: 38764K->38764K(1085440K)
[2020-12-23T03:58:00.164+0500][gc            ] GC(8) Pause Young (Normal) (G1 Evacuation Pause) 190M->143M(1024M) 64.689ms
[2020-12-23T03:58:00.164+0500][gc,cpu        ] GC(8) User=0.03s Sys=0.00s Real=0.07s
[2020-12-23T12:31:37.139+0500][gc,start      ] GC(9) Pause Young (Normal) (G1 Evacuation Pause)
[2020-12-23T12:31:37.139+0500][gc,task       ] GC(9) Using 4 workers of 4 for evacuation
[2020-12-23T12:31:37.158+0500][gc,phases     ] GC(9)   Pre Evacuate Collection Set: 0.0ms
[2020-12-23T12:31:37.158+0500][gc,phases     ] GC(9)   Evacuate Collection Set: 9.0ms
[2020-12-23T12:31:37.158+0500][gc,phases     ] GC(9)   Post Evacuate Collection Set: 9.9ms
[2020-12-23T12:31:37.158+0500][gc,phases     ] GC(9)   Other: 0.2ms
[2020-12-23T12:31:37.158+0500][gc,heap       ] GC(9) Eden regions: 47->0(47)
[2020-12-23T12:31:37.158+0500][gc,heap       ] GC(9) Survivor regions: 4->4(7)
[2020-12-23T12:31:37.158+0500][gc,heap       ] GC(9) Old regions: 13->13
[2020-12-23T12:31:37.158+0500][gc,heap       ] GC(9) Humongous regions: 129->129
[2020-12-23T12:31:37.158+0500][gc,metaspace  ] GC(9) Metaspace: 39020K->39020K(1085440K)
[2020-12-23T12:31:37.158+0500][gc            ] GC(9) Pause Young (Normal) (G1 Evacuation Pause) 190M->143M(1024M) 19.285ms
[2020-12-23T12:31:37.158+0500][gc,cpu        ] GC(9) User=0.04s Sys=0.00s Real=0.02s
[2020-12-23T22:26:12.316+0500][gc,start      ] GC(10) Pause Young (Normal) (G1 Evacuation Pause)
[2020-12-23T22:26:12.316+0500][gc,task       ] GC(10) Using 4 workers of 4 for evacuation
[2020-12-23T22:26:12.326+0500][gc,phases     ] GC(10)   Pre Evacuate Collection Set: 0.1ms
[2020-12-23T22:26:12.326+0500][gc,phases     ] GC(10)   Evacuate Collection Set: 9.0ms
[2020-12-23T22:26:12.326+0500][gc,phases     ] GC(10)   Post Evacuate Collection Set: 0.5ms
[2020-12-23T22:26:12.326+0500][gc,phases     ] GC(10)   Other: 0.5ms
[2020-12-23T22:26:12.326+0500][gc,heap       ] GC(10) Eden regions: 47->0(47)
[2020-12-23T22:26:12.326+0500][gc,heap       ] GC(10) Survivor regions: 4->4(7)
[2020-12-23T22:26:12.326+0500][gc,heap       ] GC(10) Old regions: 13->13
[2020-12-23T22:26:12.326+0500][gc,heap       ] GC(10) Humongous regions: 129->129
[2020-12-23T22:26:12.326+0500][gc,metaspace  ] GC(10) Metaspace: 39472K->39472K(1085440K)
[2020-12-23T22:26:12.326+0500][gc            ] GC(10) Pause Young (Normal) (G1 Evacuation Pause) 190M->144M(1024M) 10.102ms
[2020-12-23T22:26:12.326+0500][gc,cpu        ] GC(10) User=0.04s Sys=0.00s Real=0.01s
[2020-12-23T22:51:57.391+0500][gc,start      ] GC(11) Pause Young (Normal) (G1 Evacuation Pause)
[2020-12-23T22:51:57.391+0500][gc,task       ] GC(11) Using 4 workers of 4 for evacuation
[2020-12-23T22:51:57.417+0500][gc,mmu        ] GC(11) MMU target violated: 21.0ms (20.0ms/21.0ms)
[2020-12-23T22:51:57.417+0500][gc,phases     ] GC(11)   Pre Evacuate Collection Set: 0.1ms
[2020-12-23T22:51:57.417+0500][gc,phases     ] GC(11)   Evacuate Collection Set: 24.0ms
[2020-12-23T22:51:57.417+0500][gc,phases     ] GC(11)   Post Evacuate Collection Set: 1.4ms
[2020-12-23T22:51:57.417+0500][gc,phases     ] GC(11)   Other: 0.8ms
[2020-12-23T22:51:57.417+0500][gc,heap       ] GC(11) Eden regions: 47->0(47)
[2020-12-23T22:51:57.417+0500][gc,heap       ] GC(11) Survivor regions: 4->4(7)
[2020-12-23T22:51:57.417+0500][gc,heap       ] GC(11) Old regions: 13->13
[2020-12-23T22:51:57.417+0500][gc,heap       ] GC(11) Humongous regions: 129->129
[2020-12-23T22:51:57.417+0500][gc,metaspace  ] GC(11) Metaspace: 39491K->39491K(1085440K)
[2020-12-23T22:51:57.417+0500][gc            ] GC(11) Pause Young (Normal) (G1 Evacuation Pause) 191M->143M(1024M) 26.318ms
[2020-12-23T22:51:57.417+0500][gc,cpu        ] GC(11) User=0.09s Sys=0.00s Real=0.03s
[2020-12-24T07:26:15.223+0500][gc,start      ] GC(12) Pause Young (Normal) (G1 Evacuation Pause)
[2020-12-24T07:26:15.223+0500][gc,task       ] GC(12) Using 4 workers of 4 for evacuation
[2020-12-24T07:26:15.229+0500][gc,phases     ] GC(12)   Pre Evacuate Collection Set: 0.0ms
[2020-12-24T07:26:15.229+0500][gc,phases     ] GC(12)   Evacuate Collection Set: 5.4ms
[2020-12-24T07:26:15.229+0500][gc,phases     ] GC(12)   Post Evacuate Collection Set: 0.5ms
[2020-12-24T07:26:15.229+0500][gc,phases     ] GC(12)   Other: 0.2ms
[2020-12-24T07:26:15.229+0500][gc,heap       ] GC(12) Eden regions: 47->0(47)
[2020-12-24T07:26:15.229+0500][gc,heap       ] GC(12) Survivor regions: 4->4(7)
[2020-12-24T07:26:15.229+0500][gc,heap       ] GC(12) Old regions: 13->13
[2020-12-24T07:26:15.229+0500][gc,heap       ] GC(12) Humongous regions: 129->129
[2020-12-24T07:26:15.229+0500][gc,metaspace  ] GC(12) Metaspace: 39524K->39524K(1085440K)
[2020-12-24T07:26:15.229+0500][gc            ] GC(12) Pause Young (Normal) (G1 Evacuation Pause) 190M->144M(1024M) 6.269ms
[2020-12-24T07:26:15.229+0500][gc,cpu        ] GC(12) User=0.02s Sys=0.00s Real=0.01s
[2020-12-24T07:52:40.224+0500][gc,start      ] GC(13) Pause Young (Normal) (G1 Evacuation Pause)
[2020-12-24T07:52:40.224+0500][gc,task       ] GC(13) Using 4 workers of 4 for evacuation
[2020-12-24T07:52:40.233+0500][gc,phases     ] GC(13)   Pre Evacuate Collection Set: 0.1ms
[2020-12-24T07:52:40.233+0500][gc,phases     ] GC(13)   Evacuate Collection Set: 8.1ms
[2020-12-24T07:52:40.233+0500][gc,phases     ] GC(13)   Post Evacuate Collection Set: 0.6ms
[2020-12-24T07:52:40.233+0500][gc,phases     ] GC(13)   Other: 0.5ms
[2020-12-24T07:52:40.233+0500][gc,heap       ] GC(13) Eden regions: 47->0(48)
[2020-12-24T07:52:40.233+0500][gc,heap       ] GC(13) Survivor regions: 4->4(7)
[2020-12-24T07:52:40.233+0500][gc,heap       ] GC(13) Old regions: 13->13
[2020-12-24T07:52:40.233+0500][gc,heap       ] GC(13) Humongous regions: 129->129
[2020-12-24T07:52:40.233+0500][gc,metaspace  ] GC(13) Metaspace: 39530K->39530K(1085440K)
[2020-12-24T07:52:40.233+0500][gc            ] GC(13) Pause Young (Normal) (G1 Evacuation Pause) 191M->144M(1024M) 9.234ms
[2020-12-24T07:52:40.233+0500][gc,cpu        ] GC(13) User=0.03s Sys=0.00s Real=0.01s
[2020-12-24T08:19:51.827+0500][gc,start      ] GC(14) Pause Young (Normal) (G1 Evacuation Pause)
[2020-12-24T08:19:51.827+0500][gc,task       ] GC(14) Using 4 workers of 4 for evacuation
[2020-12-24T08:19:51.836+0500][gc,phases     ] GC(14)   Pre Evacuate Collection Set: 0.1ms
[2020-12-24T08:19:51.836+0500][gc,phases     ] GC(14)   Evacuate Collection Set: 8.0ms
[2020-12-24T08:19:51.836+0500][gc,phases     ] GC(14)   Post Evacuate Collection Set: 0.6ms
[2020-12-24T08:19:51.836+0500][gc,phases     ] GC(14)   Other: 0.6ms
[2020-12-24T08:19:51.836+0500][gc,heap       ] GC(14) Eden regions: 48->0(55)
[2020-12-24T08:19:51.836+0500][gc,heap       ] GC(14) Survivor regions: 4->4(7)
[2020-12-24T08:19:51.836+0500][gc,heap       ] GC(14) Old regions: 13->13
[2020-12-24T08:19:51.836+0500][gc,heap       ] GC(14) Humongous regions: 129->129
[2020-12-24T08:19:51.836+0500][gc,metaspace  ] GC(14) Metaspace: 39536K->39536K(1085440K)
[2020-12-24T08:19:51.836+0500][gc            ] GC(14) Pause Young (Normal) (G1 Evacuation Pause) 192M->143M(1024M) 9.165ms
[2020-12-24T08:19:51.836+0500][gc,cpu        ] GC(14) User=0.03s Sys=0.00s Real=0.02s
[2020-12-24T12:35:52.507+0500][gc,start      ] GC(15) Pause Young (Normal) (G1 Evacuation Pause)
[2020-12-24T12:35:52.507+0500][gc,task       ] GC(15) Using 4 workers of 4 for evacuation
[2020-12-24T12:35:52.528+0500][gc,mmu        ] GC(15) MMU target violated: 21.0ms (20.0ms/21.0ms)
[2020-12-24T12:35:52.528+0500][gc,phases     ] GC(15)   Pre Evacuate Collection Set: 0.1ms
[2020-12-24T12:35:52.528+0500][gc,phases     ] GC(15)   Evacuate Collection Set: 19.8ms
[2020-12-24T12:35:52.528+0500][gc,phases     ] GC(15)   Post Evacuate Collection Set: 1.1ms
[2020-12-24T12:35:52.529+0500][gc,phases     ] GC(15)   Other: 0.7ms
[2020-12-24T12:35:52.529+0500][gc,heap       ] GC(15) Eden regions: 55->0(54)
[2020-12-24T12:35:52.529+0500][gc,heap       ] GC(15) Survivor regions: 4->4(8)
[2020-12-24T12:35:52.529+0500][gc,heap       ] GC(15) Old regions: 13->13
[2020-12-24T12:35:52.529+0500][gc,heap       ] GC(15) Humongous regions: 129->129
[2020-12-24T12:35:52.529+0500][gc,metaspace  ] GC(15) Metaspace: 39564K->39564K(1085440K)
[2020-12-24T12:35:52.529+0500][gc            ] GC(15) Pause Young (Normal) (G1 Evacuation Pause) 198M->144M(1024M) 21.644ms
[2020-12-24T12:35:52.529+0500][gc,cpu        ] GC(15) User=0.08s Sys=0.01s Real=0.02s
[2020-12-24T14:39:18.245+0500][gc,start      ] GC(16) Pause Young (Normal) (G1 Evacuation Pause)
[2020-12-24T14:39:18.245+0500][gc,task       ] GC(16) Using 4 workers of 4 for evacuation
[2020-12-24T14:39:18.274+0500][gc,mmu        ] GC(16) MMU target violated: 21.0ms (20.0ms/21.0ms)
[2020-12-24T14:39:18.274+0500][gc,phases     ] GC(16)   Pre Evacuate Collection Set: 0.1ms
[2020-12-24T14:39:18.274+0500][gc,phases     ] GC(16)   Evacuate Collection Set: 26.8ms
[2020-12-24T14:39:18.274+0500][gc,phases     ] GC(16)   Post Evacuate Collection Set: 1.9ms
[2020-12-24T14:39:18.274+0500][gc,phases     ] GC(16)   Other: 0.8ms
[2020-12-24T14:39:18.274+0500][gc,heap       ] GC(16) Eden regions: 54->0(47)
[2020-12-24T14:39:18.274+0500][gc,heap       ] GC(16) Survivor regions: 4->4(8)
[2020-12-24T14:39:18.274+0500][gc,heap       ] GC(16) Old regions: 13->13
[2020-12-24T14:39:18.275+0500][gc,heap       ] GC(16) Humongous regions: 129->129
[2020-12-24T14:39:18.275+0500][gc,metaspace  ] GC(16) Metaspace: 39565K->39565K(1085440K)
[2020-12-24T14:39:18.275+0500][gc            ] GC(16) Pause Young (Normal) (G1 Evacuation Pause) 198M->144M(1024M) 29.750ms
[2020-12-24T14:39:18.275+0500][gc,cpu        ] GC(16) User=0.09s Sys=0.00s Real=0.03s
[2020-12-24T15:16:03.132+0500][gc,start      ] GC(17) Pause Young (Normal) (G1 Evacuation Pause)
[2020-12-24T15:16:03.132+0500][gc,task       ] GC(17) Using 4 workers of 4 for evacuation
[2020-12-24T15:16:03.158+0500][gc,mmu        ] GC(17) MMU target violated: 21.0ms (20.0ms/21.0ms)
[2020-12-24T15:16:03.158+0500][gc,phases     ] GC(17)   Pre Evacuate Collection Set: 0.1ms
[2020-12-24T15:16:03.158+0500][gc,phases     ] GC(17)   Evacuate Collection Set: 24.2ms
[2020-12-24T15:16:03.158+0500][gc,phases     ] GC(17)   Post Evacuate Collection Set: 1.0ms
[2020-12-24T15:16:03.158+0500][gc,phases     ] GC(17)   Other: 0.6ms
[2020-12-24T15:16:03.158+0500][gc,heap       ] GC(17) Eden regions: 47->0(47)
[2020-12-24T15:16:03.158+0500][gc,heap       ] GC(17) Survivor regions: 4->4(7)
[2020-12-24T15:16:03.158+0500][gc,heap       ] GC(17) Old regions: 13->13
[2020-12-24T15:16:03.158+0500][gc,heap       ] GC(17) Humongous regions: 129->129
[2020-12-24T15:16:03.158+0500][gc,metaspace  ] GC(17) Metaspace: 39566K->39566K(1085440K)
[2020-12-24T15:16:03.158+0500][gc            ] GC(17) Pause Young (Normal) (G1 Evacuation Pause) 191M->144M(1024M) 26.057ms
[2020-12-24T15:16:03.158+0500][gc,cpu        ] GC(17) User=0.09s Sys=0.01s Real=0.03s
[2020-12-24T15:42:59.628+0500][gc,start      ] GC(18) Pause Young (Normal) (G1 Evacuation Pause)
[2020-12-24T15:42:59.628+0500][gc,task       ] GC(18) Using 4 workers of 4 for evacuation
[2020-12-24T15:42:59.658+0500][gc,mmu        ] GC(18) MMU target violated: 21.0ms (20.0ms/21.0ms)
[2020-12-24T15:42:59.658+0500][gc,phases     ] GC(18)   Pre Evacuate Collection Set: 0.0ms
[2020-12-24T15:42:59.658+0500][gc,phases     ] GC(18)   Evacuate Collection Set: 25.2ms
[2020-12-24T15:42:59.658+0500][gc,phases     ] GC(18)   Post Evacuate Collection Set: 3.9ms
[2020-12-24T15:42:59.658+0500][gc,phases     ] GC(18)   Other: 0.7ms
[2020-12-24T15:42:59.658+0500][gc,heap       ] GC(18) Eden regions: 47->0(47)
[2020-12-24T15:42:59.658+0500][gc,heap       ] GC(18) Survivor regions: 4->4(7)
[2020-12-24T15:42:59.658+0500][gc,heap       ] GC(18) Old regions: 13->13
[2020-12-24T15:42:59.658+0500][gc,heap       ] GC(18) Humongous regions: 129->129
[2020-12-24T15:42:59.658+0500][gc,metaspace  ] GC(18) Metaspace: 39569K->39569K(1085440K)
[2020-12-24T15:42:59.658+0500][gc            ] GC(18) Pause Young (Normal) (G1 Evacuation Pause) 191M->144M(1024M) 30.088ms
[2020-12-24T15:42:59.658+0500][gc,cpu        ] GC(18) User=0.10s Sys=0.00s Real=0.03s
[2020-12-24T19:12:59.841+0500][gc,start      ] GC(19) Pause Young (Normal) (G1 Evacuation Pause)
[2020-12-24T19:12:59.841+0500][gc,task       ] GC(19) Using 4 workers of 4 for evacuation
[2020-12-24T19:12:59.871+0500][gc,mmu        ] GC(19) MMU target violated: 21.0ms (20.0ms/21.0ms)
[2020-12-24T19:12:59.872+0500][gc,phases     ] GC(19)   Pre Evacuate Collection Set: 0.1ms
[2020-12-24T19:12:59.872+0500][gc,phases     ] GC(19)   Evacuate Collection Set: 28.1ms
[2020-12-24T19:12:59.872+0500][gc,phases     ] GC(19)   Post Evacuate Collection Set: 1.7ms
[2020-12-24T19:12:59.872+0500][gc,phases     ] GC(19)   Other: 0.8ms
[2020-12-24T19:12:59.872+0500][gc,heap       ] GC(19) Eden regions: 47->0(47)
[2020-12-24T19:12:59.872+0500][gc,heap       ] GC(19) Survivor regions: 4->4(7)
[2020-12-24T19:12:59.872+0500][gc,heap       ] GC(19) Old regions: 13->13
[2020-12-24T19:12:59.872+0500][gc,heap       ] GC(19) Humongous regions: 129->129
[2020-12-24T19:12:59.872+0500][gc,metaspace  ] GC(19) Metaspace: 39575K->39575K(1085440K)
[2020-12-24T19:12:59.872+0500][gc            ] GC(19) Pause Young (Normal) (G1 Evacuation Pause) 191M->144M(1024M) 30.865ms
[2020-12-24T19:12:59.872+0500][gc,cpu        ] GC(19) User=0.10s Sys=0.00s Real=0.03s
[2020-12-24T20:59:01.700+0500][gc,start      ] GC(20) Pause Young (Normal) (G1 Evacuation Pause)
[2020-12-24T20:59:01.700+0500][gc,task       ] GC(20) Using 4 workers of 4 for evacuation
[2020-12-24T20:59:01.710+0500][gc,phases     ] GC(20)   Pre Evacuate Collection Set: 0.1ms
[2020-12-24T20:59:01.710+0500][gc,phases     ] GC(20)   Evacuate Collection Set: 9.1ms
[2020-12-24T20:59:01.710+0500][gc,phases     ] GC(20)   Post Evacuate Collection Set: 0.5ms
[2020-12-24T20:59:01.710+0500][gc,phases     ] GC(20)   Other: 0.6ms
[2020-12-24T20:59:01.710+0500][gc,heap       ] GC(20) Eden regions: 47->0(48)
[2020-12-24T20:59:01.710+0500][gc,heap       ] GC(20) Survivor regions: 4->3(7)
[2020-12-24T20:59:01.710+0500][gc,heap       ] GC(20) Old regions: 13->14
[2020-12-24T20:59:01.710+0500][gc,heap       ] GC(20) Humongous regions: 129->129
[2020-12-24T20:59:01.710+0500][gc,metaspace  ] GC(20) Metaspace: 39576K->39576K(1085440K)
[2020-12-24T20:59:01.710+0500][gc            ] GC(20) Pause Young (Normal) (G1 Evacuation Pause) 191M->144M(1024M) 10.245ms
[2020-12-24T20:59:01.710+0500][gc,cpu        ] GC(20) User=0.04s Sys=0.00s Real=0.01s
[2020-12-24T21:26:27.523+0500][gc,start      ] GC(21) Pause Young (Normal) (G1 Evacuation Pause)
[2020-12-24T21:26:27.523+0500][gc,task       ] GC(21) Using 4 workers of 4 for evacuation
[2020-12-24T21:26:27.548+0500][gc,mmu        ] GC(21) MMU target violated: 21.0ms (20.0ms/21.0ms)
[2020-12-24T21:26:27.549+0500][gc,phases     ] GC(21)   Pre Evacuate Collection Set: 0.1ms
[2020-12-24T21:26:27.549+0500][gc,phases     ] GC(21)   Evacuate Collection Set: 23.7ms
[2020-12-24T21:26:27.549+0500][gc,phases     ] GC(21)   Post Evacuate Collection Set: 1.3ms
[2020-12-24T21:26:27.549+0500][gc,phases     ] GC(21)   Other: 1.0ms
[2020-12-24T21:26:27.549+0500][gc,heap       ] GC(21) Eden regions: 48->0(55)
[2020-12-24T21:26:27.549+0500][gc,heap       ] GC(21) Survivor regions: 3->2(7)
[2020-12-24T21:26:27.549+0500][gc,heap       ] GC(21) Old regions: 14->16
[2020-12-24T21:26:27.549+0500][gc,heap       ] GC(21) Humongous regions: 129->129
[2020-12-24T21:26:27.549+0500][gc,metaspace  ] GC(21) Metaspace: 39577K->39577K(1085440K)
[2020-12-24T21:26:27.549+0500][gc            ] GC(21) Pause Young (Normal) (G1 Evacuation Pause) 192M->144M(1024M) 26.421ms
[2020-12-24T21:26:27.549+0500][gc,cpu        ] GC(21) User=0.08s Sys=0.00s Real=0.03s
[2020-12-25T07:43:00.537+0500][gc,start      ] GC(22) Pause Young (Normal) (G1 Evacuation Pause)
[2020-12-25T07:43:00.537+0500][gc,task       ] GC(22) Using 4 workers of 4 for evacuation
[2020-12-25T07:43:00.550+0500][gc,phases     ] GC(22)   Pre Evacuate Collection Set: 0.1ms
[2020-12-25T07:43:00.550+0500][gc,phases     ] GC(22)   Evacuate Collection Set: 9.9ms
[2020-12-25T07:43:00.550+0500][gc,phases     ] GC(22)   Post Evacuate Collection Set: 1.8ms
[2020-12-25T07:43:00.550+0500][gc,phases     ] GC(22)   Other: 0.7ms
[2020-12-25T07:43:00.550+0500][gc,heap       ] GC(22) Eden regions: 55->0(61)
[2020-12-25T07:43:00.550+0500][gc,heap       ] GC(22) Survivor regions: 2->1(8)
[2020-12-25T07:43:00.550+0500][gc,heap       ] GC(22) Old regions: 16->16
[2020-12-25T07:43:00.550+0500][gc,heap       ] GC(22) Humongous regions: 129->129
[2020-12-25T07:43:00.550+0500][gc,metaspace  ] GC(22) Metaspace: 39600K->39600K(1085440K)
[2020-12-25T07:43:00.550+0500][gc            ] GC(22) Pause Young (Normal) (G1 Evacuation Pause) 199M->144M(1024M) 13.004ms
[2020-12-25T07:43:00.550+0500][gc,cpu        ] GC(22) User=0.04s Sys=0.01s Real=0.01s
[2020-12-25T16:42:16.597+0500][gc,start      ] GC(23) Pause Young (Normal) (G1 Evacuation Pause)
[2020-12-25T16:42:16.597+0500][gc,task       ] GC(23) Using 4 workers of 4 for evacuation
[2020-12-25T16:42:16.602+0500][gc,phases     ] GC(23)   Pre Evacuate Collection Set: 0.0ms
[2020-12-25T16:42:16.602+0500][gc,phases     ] GC(23)   Evacuate Collection Set: 4.4ms
[2020-12-25T16:42:16.602+0500][gc,phases     ] GC(23)   Post Evacuate Collection Set: 0.3ms
[2020-12-25T16:42:16.602+0500][gc,phases     ] GC(23)   Other: 0.5ms
[2020-12-25T16:42:16.602+0500][gc,heap       ] GC(23) Eden regions: 61->0(62)
[2020-12-25T16:42:16.602+0500][gc,heap       ] GC(23) Survivor regions: 1->1(8)
[2020-12-25T16:42:16.602+0500][gc,heap       ] GC(23) Old regions: 16->16
[2020-12-25T16:42:16.602+0500][gc,heap       ] GC(23) Humongous regions: 129->129
[2020-12-25T16:42:16.602+0500][gc,metaspace  ] GC(23) Metaspace: 39615K->39615K(1085440K)
[2020-12-25T16:42:16.602+0500][gc            ] GC(23) Pause Young (Normal) (G1 Evacuation Pause) 205M->144M(1024M) 5.204ms
[2020-12-25T16:42:16.602+0500][gc,cpu        ] GC(23) User=0.01s Sys=0.00s Real=0.00s
