[2021-04-05T10:18:02.471+0500][gc,heap] Heap region size: 1M
[2021-04-05T10:18:02.485+0500][gc     ] Using G1
[2021-04-05T10:18:02.485+0500][gc,heap,coops] Heap address: 0x00000000c0000000, size: 1024 MB, Compressed Oops mode: 32-bit
[2021-04-05T10:18:02.485+0500][gc,cds       ] Mark closed archive regions in map: [0x00000000fff00000, 0x00000000fff6aff8]
[2021-04-05T10:18:02.485+0500][gc,cds       ] Mark open archive regions in map: [0x00000000ffe00000, 0x00000000ffe46ff8]
[2021-04-05T10:18:06.351+0500][gc,start     ] GC(0) Pause Young (Normal) (G1 Evacuation Pause)
[2021-04-05T10:18:06.352+0500][gc,task      ] GC(0) Using 4 workers of 4 for evacuation
[2021-04-05T10:18:06.366+0500][gc,phases    ] GC(0)   Pre Evacuate Collection Set: 0.0ms
[2021-04-05T10:18:06.366+0500][gc,phases    ] GC(0)   Evacuate Collection Set: 13.6ms
[2021-04-05T10:18:06.366+0500][gc,phases    ] GC(0)   Post Evacuate Collection Set: 0.6ms
[2021-04-05T10:18:06.366+0500][gc,phases    ] GC(0)   Other: 0.6ms
[2021-04-05T10:18:06.366+0500][gc,heap      ] GC(0) Eden regions: 51->0(44)
[2021-04-05T10:18:06.366+0500][gc,heap      ] GC(0) Survivor regions: 0->7(7)
[2021-04-05T10:18:06.366+0500][gc,heap      ] GC(0) Old regions: 2->2
[2021-04-05T10:18:06.366+0500][gc,heap      ] GC(0) Humongous regions: 0->0
[2021-04-05T10:18:06.366+0500][gc,metaspace ] GC(0) Metaspace: 15447K->15447K(1062912K)
[2021-04-05T10:18:06.366+0500][gc           ] GC(0) Pause Young (Normal) (G1 Evacuation Pause) 51M->6M(1024M) 14.955ms
[2021-04-05T10:18:06.366+0500][gc,cpu       ] GC(0) User=0.05s Sys=0.00s Real=0.02s
[2021-04-05T10:18:07.372+0500][gc,start     ] GC(1) Pause Young (Concurrent Start) (Metadata GC Threshold)
[2021-04-05T10:18:07.372+0500][gc,task      ] GC(1) Using 4 workers of 4 for evacuation
[2021-04-05T10:18:07.387+0500][gc,phases    ] GC(1)   Pre Evacuate Collection Set: 0.1ms
[2021-04-05T10:18:07.387+0500][gc,phases    ] GC(1)   Evacuate Collection Set: 14.6ms
[2021-04-05T10:18:07.387+0500][gc,phases    ] GC(1)   Post Evacuate Collection Set: 0.6ms
[2021-04-05T10:18:07.387+0500][gc,phases    ] GC(1)   Other: 0.4ms
[2021-04-05T10:18:07.387+0500][gc,heap      ] GC(1) Eden regions: 22->0(49)
[2021-04-05T10:18:07.387+0500][gc,heap      ] GC(1) Survivor regions: 7->2(7)
[2021-04-05T10:18:07.387+0500][gc,heap      ] GC(1) Old regions: 2->9
[2021-04-05T10:18:07.387+0500][gc,heap      ] GC(1) Humongous regions: 129->129
[2021-04-05T10:18:07.387+0500][gc,metaspace ] GC(1) Metaspace: 20600K->20600K(1067008K)
[2021-04-05T10:18:07.387+0500][gc           ] GC(1) Pause Young (Concurrent Start) (Metadata GC Threshold) 157M->137M(1024M) 15.787ms
[2021-04-05T10:18:07.387+0500][gc,cpu       ] GC(1) User=0.04s Sys=0.01s Real=0.02s
[2021-04-05T10:18:07.387+0500][gc           ] GC(2) Concurrent Cycle
[2021-04-05T10:18:07.388+0500][gc,marking   ] GC(2) Concurrent Clear Claimed Marks
[2021-04-05T10:18:07.388+0500][gc,marking   ] GC(2) Concurrent Clear Claimed Marks 0.047ms
[2021-04-05T10:18:07.388+0500][gc,marking   ] GC(2) Concurrent Scan Root Regions
[2021-04-05T10:18:07.389+0500][gc,marking   ] GC(2) Concurrent Scan Root Regions 1.196ms
[2021-04-05T10:18:07.389+0500][gc,marking   ] GC(2) Concurrent Mark (4.922s)
[2021-04-05T10:18:07.389+0500][gc,marking   ] GC(2) Concurrent Mark From Roots
[2021-04-05T10:18:07.389+0500][gc,task      ] GC(2) Using 1 workers of 1 for marking
[2021-04-05T10:18:07.403+0500][gc,marking   ] GC(2) Concurrent Mark From Roots 14.546ms
[2021-04-05T10:18:07.403+0500][gc,marking   ] GC(2) Concurrent Preclean
[2021-04-05T10:18:07.404+0500][gc,marking   ] GC(2) Concurrent Preclean 0.112ms
[2021-04-05T10:18:07.404+0500][gc,marking   ] GC(2) Concurrent Mark (4.922s, 4.937s) 14.740ms
[2021-04-05T10:18:07.404+0500][gc,start     ] GC(2) Pause Remark
[2021-04-05T10:18:07.408+0500][gc,stringtable] GC(2) Cleaned string and symbol table, strings: 5028 processed, 0 removed, symbols: 50758 processed, 44 removed
[2021-04-05T10:18:07.408+0500][gc            ] GC(2) Pause Remark 138M->138M(1024M) 4.177ms
[2021-04-05T10:18:07.408+0500][gc,cpu        ] GC(2) User=0.01s Sys=0.00s Real=0.00s
[2021-04-05T10:18:07.408+0500][gc,marking    ] GC(2) Concurrent Rebuild Remembered Sets
[2021-04-05T10:18:07.414+0500][gc,marking    ] GC(2) Concurrent Rebuild Remembered Sets 5.695ms
[2021-04-05T10:18:07.414+0500][gc,start      ] GC(2) Pause Cleanup
[2021-04-05T10:18:07.414+0500][gc            ] GC(2) Pause Cleanup 138M->138M(1024M) 0.222ms
[2021-04-05T10:18:07.415+0500][gc,cpu        ] GC(2) User=0.00s Sys=0.00s Real=0.00s
[2021-04-05T10:18:07.415+0500][gc,marking    ] GC(2) Concurrent Cleanup for Next Mark
[2021-04-05T10:18:07.422+0500][gc,marking    ] GC(2) Concurrent Cleanup for Next Mark 7.593ms
[2021-04-05T10:18:07.422+0500][gc            ] GC(2) Concurrent Cycle 34.727ms
[2021-04-05T10:18:08.810+0500][gc,start      ] GC(3) Pause Young (Normal) (G1 Evacuation Pause)
[2021-04-05T10:18:08.810+0500][gc,task       ] GC(3) Using 4 workers of 4 for evacuation
[2021-04-05T10:18:08.824+0500][gc,phases     ] GC(3)   Pre Evacuate Collection Set: 0.0ms
[2021-04-05T10:18:08.825+0500][gc,phases     ] GC(3)   Evacuate Collection Set: 13.4ms
[2021-04-05T10:18:08.825+0500][gc,phases     ] GC(3)   Post Evacuate Collection Set: 0.6ms
[2021-04-05T10:18:08.825+0500][gc,phases     ] GC(3)   Other: 0.2ms
[2021-04-05T10:18:08.825+0500][gc,heap       ] GC(3) Eden regions: 49->0(46)
[2021-04-05T10:18:08.825+0500][gc,heap       ] GC(3) Survivor regions: 2->5(7)
[2021-04-05T10:18:08.825+0500][gc,heap       ] GC(3) Old regions: 9->9
[2021-04-05T10:18:08.825+0500][gc,heap       ] GC(3) Humongous regions: 129->129
[2021-04-05T10:18:08.825+0500][gc,metaspace  ] GC(3) Metaspace: 30086K->30086K(1077248K)
[2021-04-05T10:18:08.825+0500][gc            ] GC(3) Pause Young (Normal) (G1 Evacuation Pause) 186M->140M(1024M) 14.494ms
[2021-04-05T10:18:08.825+0500][gc,cpu        ] GC(3) User=0.04s Sys=0.00s Real=0.02s
[2021-04-05T10:21:54.479+0500][gc,start      ] GC(4) Pause Young (Concurrent Start) (Metadata GC Threshold)
[2021-04-05T10:21:54.480+0500][gc,task       ] GC(4) Using 4 workers of 4 for evacuation
[2021-04-05T10:21:54.502+0500][gc,mmu        ] GC(4) MMU target violated: 21.0ms (20.0ms/21.0ms)
[2021-04-05T10:21:54.502+0500][gc,phases     ] GC(4)   Pre Evacuate Collection Set: 0.1ms
[2021-04-05T10:21:54.502+0500][gc,phases     ] GC(4)   Evacuate Collection Set: 21.0ms
[2021-04-05T10:21:54.502+0500][gc,phases     ] GC(4)   Post Evacuate Collection Set: 0.6ms
[2021-04-05T10:21:54.502+0500][gc,phases     ] GC(4)   Other: 0.6ms
[2021-04-05T10:21:54.502+0500][gc,heap       ] GC(4) Eden regions: 25->0(46)
[2021-04-05T10:21:54.502+0500][gc,heap       ] GC(4) Survivor regions: 5->5(7)
[2021-04-05T10:21:54.502+0500][gc,heap       ] GC(4) Old regions: 9->10
[2021-04-05T10:21:54.502+0500][gc,heap       ] GC(4) Humongous regions: 129->129
[2021-04-05T10:21:54.502+0500][gc,metaspace  ] GC(4) Metaspace: 34392K->34392K(1081344K)
[2021-04-05T10:21:54.502+0500][gc            ] GC(4) Pause Young (Concurrent Start) (Metadata GC Threshold) 165M->142M(1024M) 22.345ms
[2021-04-05T10:21:54.502+0500][gc,cpu        ] GC(4) User=0.03s Sys=0.01s Real=0.02s
[2021-04-05T10:21:54.502+0500][gc            ] GC(5) Concurrent Cycle
[2021-04-05T10:21:54.502+0500][gc,marking    ] GC(5) Concurrent Clear Claimed Marks
[2021-04-05T10:21:54.502+0500][gc,marking    ] GC(5) Concurrent Clear Claimed Marks 0.094ms
[2021-04-05T10:21:54.502+0500][gc,marking    ] GC(5) Concurrent Scan Root Regions
[2021-04-05T10:21:54.509+0500][gc,marking    ] GC(5) Concurrent Scan Root Regions 6.610ms
[2021-04-05T10:21:54.509+0500][gc,marking    ] GC(5) Concurrent Mark (232.042s)
[2021-04-05T10:21:54.509+0500][gc,marking    ] GC(5) Concurrent Mark From Roots
[2021-04-05T10:21:54.509+0500][gc,task       ] GC(5) Using 1 workers of 1 for marking
[2021-04-05T10:21:54.528+0500][gc,marking    ] GC(5) Concurrent Mark From Roots 19.284ms
[2021-04-05T10:21:54.528+0500][gc,marking    ] GC(5) Concurrent Preclean
[2021-04-05T10:21:54.528+0500][gc,marking    ] GC(5) Concurrent Preclean 0.137ms
[2021-04-05T10:21:54.528+0500][gc,marking    ] GC(5) Concurrent Mark (232.042s, 232.061s) 19.540ms
[2021-04-05T10:21:54.528+0500][gc,start      ] GC(5) Pause Remark
[2021-04-05T10:21:54.534+0500][gc,stringtable] GC(5) Cleaned string and symbol table, strings: 10234 processed, 9 removed, symbols: 79875 processed, 15 removed
[2021-04-05T10:21:54.534+0500][gc            ] GC(5) Pause Remark 142M->142M(1024M) 5.911ms
[2021-04-05T10:21:54.534+0500][gc,cpu        ] GC(5) User=0.02s Sys=0.00s Real=0.01s
[2021-04-05T10:21:54.534+0500][gc,marking    ] GC(5) Concurrent Rebuild Remembered Sets
[2021-04-05T10:21:54.544+0500][gc,marking    ] GC(5) Concurrent Rebuild Remembered Sets 9.484ms
[2021-04-05T10:21:54.544+0500][gc,start      ] GC(5) Pause Cleanup
[2021-04-05T10:21:54.544+0500][gc            ] GC(5) Pause Cleanup 142M->142M(1024M) 0.181ms
[2021-04-05T10:21:54.544+0500][gc,cpu        ] GC(5) User=0.00s Sys=0.00s Real=0.00s
[2021-04-05T10:21:54.544+0500][gc,marking    ] GC(5) Concurrent Cleanup for Next Mark
[2021-04-05T10:21:54.554+0500][gc,marking    ] GC(5) Concurrent Cleanup for Next Mark 9.638ms
[2021-04-05T10:21:54.554+0500][gc            ] GC(5) Concurrent Cycle 52.071ms
[2021-04-05T10:22:38.192+0500][gc,heap,exit  ] Heap
[2021-04-05T10:22:38.192+0500][gc,heap,exit  ]  garbage-first heap   total 1048576K, used 180424K [0x00000000c0000000, 0x0000000100000000)
[2021-04-05T10:22:38.192+0500][gc,heap,exit  ]   region size 1024K, 41 young (41984K), 5 survivors (5120K)
[2021-04-05T10:22:38.192+0500][gc,heap,exit  ]  Metaspace       used 38496K, capacity 40439K, committed 40576K, reserved 1083392K
[2021-04-05T10:22:38.192+0500][gc,heap,exit  ]   class space    used 4760K, capacity 5721K, committed 5760K, reserved 1048576K
