[2021-01-02T03:00:05.958+0500][gc,heap] Heap region size: 1M
[2021-01-02T03:00:05.983+0500][gc     ] Using G1
[2021-01-02T03:00:05.983+0500][gc,heap,coops] Heap address: 0x00000000c0000000, size: 1024 MB, Compressed Oops mode: 32-bit
[2021-01-02T03:00:05.984+0500][gc,cds       ] Mark closed archive regions in map: [0x00000000fff00000, 0x00000000fff6aff8]
[2021-01-02T03:00:05.984+0500][gc,cds       ] Mark open archive regions in map: [0x00000000ffe00000, 0x00000000ffe46ff8]
[2021-01-02T03:00:27.023+0500][gc,start     ] GC(0) Pause Young (Normal) (G1 Evacuation Pause)
[2021-01-02T03:00:27.024+0500][gc,task      ] GC(0) Using 4 workers of 4 for evacuation
[2021-01-02T03:00:27.043+0500][gc,phases    ] GC(0)   Pre Evacuate Collection Set: 0.0ms
[2021-01-02T03:00:27.043+0500][gc,phases    ] GC(0)   Evacuate Collection Set: 18.3ms
[2021-01-02T03:00:27.043+0500][gc,phases    ] GC(0)   Post Evacuate Collection Set: 0.4ms
[2021-01-02T03:00:27.043+0500][gc,phases    ] GC(0)   Other: 0.5ms
[2021-01-02T03:00:27.043+0500][gc,heap      ] GC(0) Eden regions: 51->0(44)
[2021-01-02T03:00:27.043+0500][gc,heap      ] GC(0) Survivor regions: 0->7(7)
[2021-01-02T03:00:27.043+0500][gc,heap      ] GC(0) Old regions: 2->2
[2021-01-02T03:00:27.043+0500][gc,heap      ] GC(0) Humongous regions: 0->0
[2021-01-02T03:00:27.043+0500][gc,metaspace ] GC(0) Metaspace: 15726K->15726K(1062912K)
[2021-01-02T03:00:27.043+0500][gc           ] GC(0) Pause Young (Normal) (G1 Evacuation Pause) 51M->6M(1024M) 19.301ms
[2021-01-02T03:00:27.043+0500][gc,cpu       ] GC(0) User=0.04s Sys=0.00s Real=0.02s
[2021-01-02T03:00:29.157+0500][gc,start     ] GC(1) Pause Young (Concurrent Start) (Metadata GC Threshold)
[2021-01-02T03:00:29.157+0500][gc,task      ] GC(1) Using 4 workers of 4 for evacuation
[2021-01-02T03:00:29.181+0500][gc,mmu       ] GC(1) MMU target violated: 21.0ms (20.0ms/21.0ms)
[2021-01-02T03:00:29.181+0500][gc,phases    ] GC(1)   Pre Evacuate Collection Set: 0.1ms
[2021-01-02T03:00:29.181+0500][gc,phases    ] GC(1)   Evacuate Collection Set: 22.6ms
[2021-01-02T03:00:29.181+0500][gc,phases    ] GC(1)   Post Evacuate Collection Set: 0.9ms
[2021-01-02T03:00:29.181+0500][gc,phases    ] GC(1)   Other: 0.5ms
[2021-01-02T03:00:29.181+0500][gc,heap      ] GC(1) Eden regions: 21->0(49)
[2021-01-02T03:00:29.181+0500][gc,heap      ] GC(1) Survivor regions: 7->2(7)
[2021-01-02T03:00:29.181+0500][gc,heap      ] GC(1) Old regions: 2->9
[2021-01-02T03:00:29.181+0500][gc,heap      ] GC(1) Humongous regions: 129->129
[2021-01-02T03:00:29.181+0500][gc,metaspace ] GC(1) Metaspace: 20543K->20543K(1067008K)
[2021-01-02T03:00:29.181+0500][gc           ] GC(1) Pause Young (Concurrent Start) (Metadata GC Threshold) 156M->137M(1024M) 24.138ms
[2021-01-02T03:00:29.181+0500][gc,cpu       ] GC(1) User=0.03s Sys=0.01s Real=0.03s
[2021-01-02T03:00:29.181+0500][gc           ] GC(2) Concurrent Cycle
[2021-01-02T03:00:29.181+0500][gc,marking   ] GC(2) Concurrent Clear Claimed Marks
[2021-01-02T03:00:29.182+0500][gc,marking   ] GC(2) Concurrent Clear Claimed Marks 0.076ms
[2021-01-02T03:00:29.182+0500][gc,marking   ] GC(2) Concurrent Scan Root Regions
[2021-01-02T03:00:29.183+0500][gc,marking   ] GC(2) Concurrent Scan Root Regions 1.211ms
[2021-01-02T03:00:29.183+0500][gc,marking   ] GC(2) Concurrent Mark (23.235s)
[2021-01-02T03:00:29.183+0500][gc,marking   ] GC(2) Concurrent Mark From Roots
[2021-01-02T03:00:29.183+0500][gc,task      ] GC(2) Using 1 workers of 1 for marking
[2021-01-02T03:00:29.219+0500][gc,marking   ] GC(2) Concurrent Mark From Roots 36.460ms
[2021-01-02T03:00:29.219+0500][gc,marking   ] GC(2) Concurrent Preclean
[2021-01-02T03:00:29.219+0500][gc,marking   ] GC(2) Concurrent Preclean 0.124ms
[2021-01-02T03:00:29.219+0500][gc,marking   ] GC(2) Concurrent Mark (23.235s, 23.272s) 36.683ms
[2021-01-02T03:00:29.220+0500][gc,start     ] GC(2) Pause Remark
[2021-01-02T03:00:29.223+0500][gc,stringtable] GC(2) Cleaned string and symbol table, strings: 5013 processed, 0 removed, symbols: 50930 processed, 43 removed
[2021-01-02T03:00:29.224+0500][gc            ] GC(2) Pause Remark 138M->138M(1024M) 3.502ms
[2021-01-02T03:00:29.224+0500][gc,cpu        ] GC(2) User=0.01s Sys=0.00s Real=0.01s
[2021-01-02T03:00:29.224+0500][gc,marking    ] GC(2) Concurrent Rebuild Remembered Sets
[2021-01-02T03:00:29.231+0500][gc,marking    ] GC(2) Concurrent Rebuild Remembered Sets 7.078ms
[2021-01-02T03:00:29.231+0500][gc,start      ] GC(2) Pause Cleanup
[2021-01-02T03:00:29.231+0500][gc            ] GC(2) Pause Cleanup 138M->138M(1024M) 0.298ms
[2021-01-02T03:00:29.231+0500][gc,cpu        ] GC(2) User=0.00s Sys=0.00s Real=0.00s
[2021-01-02T03:00:29.231+0500][gc,marking    ] GC(2) Concurrent Cleanup for Next Mark
[2021-01-02T03:00:29.253+0500][gc,marking    ] GC(2) Concurrent Cleanup for Next Mark 22.101ms
[2021-01-02T03:00:29.253+0500][gc            ] GC(2) Concurrent Cycle 72.046ms
[2021-01-02T03:00:30.820+0500][gc,start      ] GC(3) Pause Young (Concurrent Start) (G1 Evacuation Pause)
[2021-01-02T03:00:30.820+0500][gc,task       ] GC(3) Using 4 workers of 4 for evacuation
[2021-01-02T03:00:30.828+0500][gc,phases     ] GC(3)   Pre Evacuate Collection Set: 0.1ms
[2021-01-02T03:00:30.828+0500][gc,phases     ] GC(3)   Evacuate Collection Set: 7.7ms
[2021-01-02T03:00:30.828+0500][gc,phases     ] GC(3)   Post Evacuate Collection Set: 0.4ms
[2021-01-02T03:00:30.829+0500][gc,phases     ] GC(3)   Other: 0.2ms
[2021-01-02T03:00:30.829+0500][gc,heap       ] GC(3) Eden regions: 49->0(46)
[2021-01-02T03:00:30.829+0500][gc,heap       ] GC(3) Survivor regions: 2->5(7)
[2021-01-02T03:00:30.829+0500][gc,heap       ] GC(3) Old regions: 9->9
[2021-01-02T03:00:30.829+0500][gc,heap       ] GC(3) Humongous regions: 129->129
[2021-01-02T03:00:30.829+0500][gc,metaspace  ] GC(3) Metaspace: 29885K->29885K(1077248K)
[2021-01-02T03:00:30.829+0500][gc            ] GC(3) Pause Young (Concurrent Start) (G1 Evacuation Pause) 186M->140M(1024M) 8.593ms
[2021-01-02T03:00:30.829+0500][gc,cpu        ] GC(3) User=0.03s Sys=0.00s Real=0.01s
[2021-01-02T03:00:30.829+0500][gc            ] GC(4) Concurrent Cycle
[2021-01-02T03:00:30.829+0500][gc,marking    ] GC(4) Concurrent Clear Claimed Marks
[2021-01-02T03:00:30.829+0500][gc,marking    ] GC(4) Concurrent Clear Claimed Marks 0.056ms
[2021-01-02T03:00:30.829+0500][gc,marking    ] GC(4) Concurrent Scan Root Regions
[2021-01-02T03:00:30.834+0500][gc,marking    ] GC(4) Concurrent Scan Root Regions 5.013ms
[2021-01-02T03:00:30.834+0500][gc,marking    ] GC(4) Concurrent Mark (24.886s)
[2021-01-02T03:00:30.834+0500][gc,marking    ] GC(4) Concurrent Mark From Roots
[2021-01-02T03:00:30.834+0500][gc,task       ] GC(4) Using 1 workers of 1 for marking
[2021-01-02T03:00:30.859+0500][gc,marking    ] GC(4) Concurrent Mark From Roots 25.229ms
[2021-01-02T03:00:30.859+0500][gc,marking    ] GC(4) Concurrent Preclean
[2021-01-02T03:00:30.859+0500][gc,marking    ] GC(4) Concurrent Preclean 0.172ms
[2021-01-02T03:00:30.859+0500][gc,marking    ] GC(4) Concurrent Mark (24.886s, 24.911s) 25.505ms
[2021-01-02T03:00:30.868+0500][gc,start      ] GC(4) Pause Remark
[2021-01-02T03:00:30.874+0500][gc,stringtable] GC(4) Cleaned string and symbol table, strings: 9224 processed, 9 removed, symbols: 73244 processed, 18 removed
[2021-01-02T03:00:30.874+0500][gc            ] GC(4) Pause Remark 142M->142M(1024M) 6.399ms
[2021-01-02T03:00:30.874+0500][gc,cpu        ] GC(4) User=0.02s Sys=0.00s Real=0.01s
[2021-01-02T03:00:30.874+0500][gc,marking    ] GC(4) Concurrent Rebuild Remembered Sets
[2021-01-02T03:00:30.884+0500][gc,marking    ] GC(4) Concurrent Rebuild Remembered Sets 9.837ms
[2021-01-02T03:00:30.890+0500][gc,start      ] GC(4) Pause Cleanup
[2021-01-02T03:00:30.891+0500][gc            ] GC(4) Pause Cleanup 143M->143M(1024M) 0.316ms
[2021-01-02T03:00:30.891+0500][gc,cpu        ] GC(4) User=0.00s Sys=0.00s Real=0.00s
[2021-01-02T03:00:30.891+0500][gc,marking    ] GC(4) Concurrent Cleanup for Next Mark
[2021-01-02T03:00:30.920+0500][gc,marking    ] GC(4) Concurrent Cleanup for Next Mark 28.848ms
[2021-01-02T03:00:30.920+0500][gc            ] GC(4) Concurrent Cycle 91.047ms
[2021-01-02T18:19:44.857+0500][gc,start      ] GC(5) Pause Young (Normal) (G1 Evacuation Pause)
[2021-01-02T18:19:44.922+0500][gc,task       ] GC(5) Using 4 workers of 4 for evacuation
[2021-01-02T18:19:44.934+0500][gc,phases     ] GC(5)   Pre Evacuate Collection Set: 0.0ms
[2021-01-02T18:19:44.934+0500][gc,phases     ] GC(5)   Evacuate Collection Set: 11.7ms
[2021-01-02T18:19:44.934+0500][gc,phases     ] GC(5)   Post Evacuate Collection Set: 0.4ms
[2021-01-02T18:19:44.934+0500][gc,phases     ] GC(5)   Other: 65.3ms
[2021-01-02T18:19:44.934+0500][gc,heap       ] GC(5) Eden regions: 46->0(50)
[2021-01-02T18:19:44.934+0500][gc,heap       ] GC(5) Survivor regions: 5->1(7)
[2021-01-02T18:19:44.934+0500][gc,heap       ] GC(5) Old regions: 9->13
[2021-01-02T18:19:44.934+0500][gc,heap       ] GC(5) Humongous regions: 129->129
[2021-01-02T18:19:44.934+0500][gc,metaspace  ] GC(5) Metaspace: 33944K->33944K(1081344K)
[2021-01-02T18:19:44.934+0500][gc            ] GC(5) Pause Young (Normal) (G1 Evacuation Pause) 186M->141M(1024M) 77.390ms
[2021-01-02T18:19:44.935+0500][gc,cpu        ] GC(5) User=0.05s Sys=0.00s Real=0.08s
[2021-01-02T23:49:22.598+0500][gc,start      ] GC(6) Pause Young (Normal) (G1 Evacuation Pause)
[2021-01-02T23:49:22.598+0500][gc,task       ] GC(6) Using 4 workers of 4 for evacuation
[2021-01-02T23:49:22.610+0500][gc,phases     ] GC(6)   Pre Evacuate Collection Set: 0.0ms
[2021-01-02T23:49:22.610+0500][gc,phases     ] GC(6)   Evacuate Collection Set: 7.6ms
[2021-01-02T23:49:22.610+0500][gc,phases     ] GC(6)   Post Evacuate Collection Set: 3.6ms
[2021-01-02T23:49:22.610+0500][gc,phases     ] GC(6)   Other: 0.7ms
[2021-01-02T23:49:22.610+0500][gc,heap       ] GC(6) Eden regions: 50->0(50)
[2021-01-02T23:49:22.610+0500][gc,heap       ] GC(6) Survivor regions: 1->1(7)
[2021-01-02T23:49:22.610+0500][gc,heap       ] GC(6) Old regions: 13->13
[2021-01-02T23:49:22.610+0500][gc,heap       ] GC(6) Humongous regions: 129->129
[2021-01-02T23:49:22.610+0500][gc,metaspace  ] GC(6) Metaspace: 34095K->34095K(1081344K)
[2021-01-02T23:49:22.610+0500][gc            ] GC(6) Pause Young (Normal) (G1 Evacuation Pause) 191M->140M(1024M) 12.280ms
[2021-01-02T23:49:22.610+0500][gc,cpu        ] GC(6) User=0.03s Sys=0.00s Real=0.01s
[2021-01-03T10:01:38.478+0500][gc,start      ] GC(7) Pause Young (Normal) (G1 Evacuation Pause)
[2021-01-03T10:01:38.478+0500][gc,task       ] GC(7) Using 4 workers of 4 for evacuation
[2021-01-03T10:01:38.499+0500][gc,mmu        ] GC(7) MMU target violated: 20.8ms (20.0ms/21.0ms)
[2021-01-03T10:01:38.499+0500][gc,phases     ] GC(7)   Pre Evacuate Collection Set: 0.1ms
[2021-01-03T10:01:38.499+0500][gc,phases     ] GC(7)   Evacuate Collection Set: 15.1ms
[2021-01-03T10:01:38.499+0500][gc,phases     ] GC(7)   Post Evacuate Collection Set: 5.2ms
[2021-01-03T10:01:38.499+0500][gc,phases     ] GC(7)   Other: 1.0ms
[2021-01-03T10:01:38.499+0500][gc,heap       ] GC(7) Eden regions: 50->0(50)
[2021-01-03T10:01:38.500+0500][gc,heap       ] GC(7) Survivor regions: 1->1(7)
[2021-01-03T10:01:38.500+0500][gc,heap       ] GC(7) Old regions: 13->13
[2021-01-03T10:01:38.500+0500][gc,heap       ] GC(7) Humongous regions: 129->129
[2021-01-03T10:01:38.500+0500][gc,metaspace  ] GC(7) Metaspace: 34140K->34140K(1081344K)
[2021-01-03T10:01:38.500+0500][gc            ] GC(7) Pause Young (Normal) (G1 Evacuation Pause) 190M->140M(1024M) 21.881ms
[2021-01-03T10:01:38.500+0500][gc,cpu        ] GC(7) User=0.05s Sys=0.00s Real=0.02s
[2021-01-03T11:04:44.352+0500][gc,start      ] GC(8) Pause Young (Normal) (G1 Evacuation Pause)
[2021-01-03T11:04:44.353+0500][gc,task       ] GC(8) Using 4 workers of 4 for evacuation
[2021-01-03T11:04:44.368+0500][gc,phases     ] GC(8)   Pre Evacuate Collection Set: 0.2ms
[2021-01-03T11:04:44.368+0500][gc,phases     ] GC(8)   Evacuate Collection Set: 8.6ms
[2021-01-03T11:04:44.368+0500][gc,phases     ] GC(8)   Post Evacuate Collection Set: 6.4ms
[2021-01-03T11:04:44.369+0500][gc,phases     ] GC(8)   Other: 0.9ms
[2021-01-03T11:04:44.369+0500][gc,heap       ] GC(8) Eden regions: 50->0(50)
[2021-01-03T11:04:44.369+0500][gc,heap       ] GC(8) Survivor regions: 1->1(7)
[2021-01-03T11:04:44.369+0500][gc,heap       ] GC(8) Old regions: 13->13
[2021-01-03T11:04:44.370+0500][gc,heap       ] GC(8) Humongous regions: 129->129
[2021-01-03T11:04:44.370+0500][gc,metaspace  ] GC(8) Metaspace: 34172K->34172K(1081344K)
[2021-01-03T11:04:44.370+0500][gc            ] GC(8) Pause Young (Normal) (G1 Evacuation Pause) 190M->140M(1024M) 17.553ms
[2021-01-03T11:04:44.370+0500][gc,cpu        ] GC(8) User=0.05s Sys=0.00s Real=0.02s
[2021-01-03T13:08:53.632+0500][gc,start      ] GC(9) Pause Young (Normal) (G1 Evacuation Pause)
[2021-01-03T13:08:53.632+0500][gc,task       ] GC(9) Using 4 workers of 4 for evacuation
[2021-01-03T13:08:53.640+0500][gc,phases     ] GC(9)   Pre Evacuate Collection Set: 0.0ms
[2021-01-03T13:08:53.640+0500][gc,phases     ] GC(9)   Evacuate Collection Set: 5.7ms
[2021-01-03T13:08:53.640+0500][gc,phases     ] GC(9)   Post Evacuate Collection Set: 1.3ms
[2021-01-03T13:08:53.640+0500][gc,phases     ] GC(9)   Other: 0.7ms
[2021-01-03T13:08:53.640+0500][gc,heap       ] GC(9) Eden regions: 50->0(50)
[2021-01-03T13:08:53.640+0500][gc,heap       ] GC(9) Survivor regions: 1->1(7)
[2021-01-03T13:08:53.640+0500][gc,heap       ] GC(9) Old regions: 13->13
[2021-01-03T13:08:53.640+0500][gc,heap       ] GC(9) Humongous regions: 129->129
[2021-01-03T13:08:53.640+0500][gc,metaspace  ] GC(9) Metaspace: 34179K->34179K(1081344K)
[2021-01-03T13:08:53.640+0500][gc            ] GC(9) Pause Young (Normal) (G1 Evacuation Pause) 190M->140M(1024M) 7.746ms
[2021-01-03T13:08:53.640+0500][gc,cpu        ] GC(9) User=0.02s Sys=0.00s Real=0.01s
[2021-01-03T14:14:06.969+0500][gc,start      ] GC(10) Pause Young (Normal) (G1 Evacuation Pause)
[2021-01-03T14:14:07.016+0500][gc,task       ] GC(10) Using 4 workers of 4 for evacuation
[2021-01-03T14:14:07.025+0500][gc,phases     ] GC(10)   Pre Evacuate Collection Set: 0.1ms
[2021-01-03T14:14:07.025+0500][gc,phases     ] GC(10)   Evacuate Collection Set: 7.3ms
[2021-01-03T14:14:07.025+0500][gc,phases     ] GC(10)   Post Evacuate Collection Set: 1.4ms
[2021-01-03T14:14:07.025+0500][gc,phases     ] GC(10)   Other: 47.4ms
[2021-01-03T14:14:07.025+0500][gc,heap       ] GC(10) Eden regions: 50->0(50)
[2021-01-03T14:14:07.025+0500][gc,heap       ] GC(10) Survivor regions: 1->1(7)
[2021-01-03T14:14:07.025+0500][gc,heap       ] GC(10) Old regions: 13->13
[2021-01-03T14:14:07.025+0500][gc,heap       ] GC(10) Humongous regions: 129->129
[2021-01-03T14:14:07.025+0500][gc,metaspace  ] GC(10) Metaspace: 34185K->34185K(1081344K)
[2021-01-03T14:14:07.026+0500][gc            ] GC(10) Pause Young (Normal) (G1 Evacuation Pause) 190M->140M(1024M) 56.509ms
[2021-01-03T14:14:07.026+0500][gc,cpu        ] GC(10) User=0.03s Sys=0.00s Real=0.05s
