[2021-01-01T21:24:53.888+0500][gc,heap] Heap region size: 1M
[2021-01-01T21:24:53.935+0500][gc     ] Using G1
[2021-01-01T21:24:53.936+0500][gc,heap,coops] Heap address: 0x00000000e0000000, size: 512 MB, Compressed Oops mode: 32-bit
[2021-01-01T21:24:53.936+0500][gc,cds       ] Mark closed archive regions in map: [0x00000000fff00000, 0x00000000fff6aff8]
[2021-01-01T21:24:53.936+0500][gc,cds       ] Mark open archive regions in map: [0x00000000ffe00000, 0x00000000ffe46ff8]
[2021-01-01T21:25:11.194+0500][gc,start     ] GC(0) Pause Young (Normal) (G1 Evacuation Pause)
[2021-01-01T21:25:11.196+0500][gc,task      ] GC(0) Using 4 workers of 4 for evacuation
[2021-01-01T21:25:11.234+0500][gc,mmu       ] GC(0) MMU target violated: 21.0ms (20.0ms/21.0ms)
[2021-01-01T21:25:11.234+0500][gc,phases    ] GC(0)   Pre Evacuate Collection Set: 0.0ms
[2021-01-01T21:25:11.234+0500][gc,phases    ] GC(0)   Evacuate Collection Set: 37.7ms
[2021-01-01T21:25:11.234+0500][gc,phases    ] GC(0)   Post Evacuate Collection Set: 0.6ms
[2021-01-01T21:25:11.234+0500][gc,phases    ] GC(0)   Other: 2.0ms
[2021-01-01T21:25:11.234+0500][gc,heap      ] GC(0) Eden regions: 25->0(21)
[2021-01-01T21:25:11.234+0500][gc,heap      ] GC(0) Survivor regions: 0->4(4)
[2021-01-01T21:25:11.234+0500][gc,heap      ] GC(0) Old regions: 2->4
[2021-01-01T21:25:11.234+0500][gc,heap      ] GC(0) Humongous regions: 0->0
[2021-01-01T21:25:11.234+0500][gc,metaspace ] GC(0) Metaspace: 7845K->7845K(1056768K)
[2021-01-01T21:25:11.234+0500][gc           ] GC(0) Pause Young (Normal) (G1 Evacuation Pause) 25M->6M(512M) 40.477ms
[2021-01-01T21:25:11.234+0500][gc,cpu       ] GC(0) User=0.07s Sys=0.00s Real=0.04s
[2021-01-01T22:24:03.499+0500][gc,heap,exit ] Heap
[2021-01-01T22:24:03.500+0500][gc,heap,exit ]  garbage-first heap   total 524288K, used 9498K [0x00000000e0000000, 0x0000000100000000)
[2021-01-01T22:24:03.500+0500][gc,heap,exit ]   region size 1024K, 8 young (8192K), 4 survivors (4096K)
[2021-01-01T22:24:03.500+0500][gc,heap,exit ]  Metaspace       used 7997K, capacity 8345K, committed 8448K, reserved 1056768K
[2021-01-01T22:24:03.500+0500][gc,heap,exit ]   class space    used 904K, capacity 1017K, committed 1024K, reserved 1048576K
