[2021-04-20T20:53:08.453+0500][gc,heap] Heap region size: 1M
[2021-04-20T20:53:08.458+0500][gc     ] Using G1
[2021-04-20T20:53:08.459+0500][gc,heap,coops] Heap address: 0x00000000e0000000, size: 512 MB, Compressed Oops mode: 32-bit
[2021-04-20T20:53:08.459+0500][gc,cds       ] Mark closed archive regions in map: [0x00000000fff00000, 0x00000000fff6aff8]
[2021-04-20T20:53:08.459+0500][gc,cds       ] Mark open archive regions in map: [0x00000000ffe00000, 0x00000000ffe46ff8]
[2021-04-20T20:53:17.351+0500][gc,start     ] GC(0) Pause Young (Normal) (G1 Evacuation Pause)
[2021-04-20T20:53:17.351+0500][gc,task      ] GC(0) Using 4 workers of 4 for evacuation
[2021-04-20T20:53:17.450+0500][gc,mmu       ] GC(0) MMU target violated: 21.0ms (20.0ms/21.0ms)
[2021-04-20T20:53:17.450+0500][gc,phases    ] GC(0)   Pre Evacuate Collection Set: 0.0ms
[2021-04-20T20:53:17.450+0500][gc,phases    ] GC(0)   Evacuate Collection Set: 46.2ms
[2021-04-20T20:53:17.450+0500][gc,phases    ] GC(0)   Post Evacuate Collection Set: 17.7ms
[2021-04-20T20:53:17.450+0500][gc,phases    ] GC(0)   Other: 35.6ms
[2021-04-20T20:53:17.450+0500][gc,heap      ] GC(0) Eden regions: 25->0(21)
[2021-04-20T20:53:17.450+0500][gc,heap      ] GC(0) Survivor regions: 0->4(4)
[2021-04-20T20:53:17.450+0500][gc,heap      ] GC(0) Old regions: 2->4
[2021-04-20T20:53:17.450+0500][gc,heap      ] GC(0) Humongous regions: 0->0
[2021-04-20T20:53:17.450+0500][gc,metaspace ] GC(0) Metaspace: 7770K->7770K(1056768K)
[2021-04-20T20:53:17.450+0500][gc           ] GC(0) Pause Young (Normal) (G1 Evacuation Pause) 25M->5M(512M) 99.754ms
[2021-04-20T20:53:17.450+0500][gc,cpu       ] GC(0) User=0.03s Sys=0.02s Real=0.10s
[2021-04-20T21:31:43.209+0500][gc,heap,exit ] Heap
[2021-04-20T21:31:43.468+0500][gc,heap,exit ]  garbage-first heap   total 524288K, used 18294K [0x00000000e0000000, 0x0000000100000000)
[2021-04-20T21:31:43.468+0500][gc,heap,exit ]   region size 1024K, 17 young (17408K), 4 survivors (4096K)
[2021-04-20T21:31:43.468+0500][gc,heap,exit ]  Metaspace       used 8494K, capacity 8847K, committed 8960K, reserved 1056768K
[2021-04-20T21:31:43.468+0500][gc,heap,exit ]   class space    used 904K, capacity 1015K, committed 1024K, reserved 1048576K
