[2021-04-05T10:17:48.407+0500][gc,heap] Heap region size: 1M
[2021-04-05T10:17:48.420+0500][gc     ] Using G1
[2021-04-05T10:17:48.420+0500][gc,heap,coops] Heap address: 0x00000000e0000000, size: 512 MB, Compressed Oops mode: 32-bit
[2021-04-05T10:17:48.420+0500][gc,cds       ] Mark closed archive regions in map: [0x00000000fff00000, 0x00000000fff6aff8]
[2021-04-05T10:17:48.420+0500][gc,cds       ] Mark open archive regions in map: [0x00000000ffe00000, 0x00000000ffe46ff8]
[2021-04-05T10:18:05.878+0500][gc,start     ] GC(0) Pause Young (Normal) (G1 Evacuation Pause)
[2021-04-05T10:18:05.879+0500][gc,task      ] GC(0) Using 4 workers of 4 for evacuation
[2021-04-05T10:18:05.892+0500][gc,phases    ] GC(0)   Pre Evacuate Collection Set: 0.0ms
[2021-04-05T10:18:05.892+0500][gc,phases    ] GC(0)   Evacuate Collection Set: 12.0ms
[2021-04-05T10:18:05.892+0500][gc,phases    ] GC(0)   Post Evacuate Collection Set: 0.6ms
[2021-04-05T10:18:05.892+0500][gc,phases    ] GC(0)   Other: 1.1ms
[2021-04-05T10:18:05.892+0500][gc,heap      ] GC(0) Eden regions: 25->0(21)
[2021-04-05T10:18:05.892+0500][gc,heap      ] GC(0) Survivor regions: 0->4(4)
[2021-04-05T10:18:05.892+0500][gc,heap      ] GC(0) Old regions: 2->4
[2021-04-05T10:18:05.892+0500][gc,heap      ] GC(0) Humongous regions: 0->0
[2021-04-05T10:18:05.892+0500][gc,metaspace ] GC(0) Metaspace: 7712K->7712K(1056768K)
[2021-04-05T10:18:05.892+0500][gc           ] GC(0) Pause Young (Normal) (G1 Evacuation Pause) 25M->5M(512M) 13.875ms
[2021-04-05T10:18:05.892+0500][gc,cpu       ] GC(0) User=0.04s Sys=0.01s Real=0.01s
[2021-04-05T10:22:41.784+0500][gc,heap,exit ] Heap
[2021-04-05T10:22:41.816+0500][gc,heap,exit ]  garbage-first heap   total 524288K, used 13246K [0x00000000e0000000, 0x0000000100000000)
[2021-04-05T10:22:41.816+0500][gc,heap,exit ]   region size 1024K, 12 young (12288K), 4 survivors (4096K)
[2021-04-05T10:22:41.816+0500][gc,heap,exit ]  Metaspace       used 8386K, capacity 8719K, committed 8960K, reserved 1056768K
[2021-04-05T10:22:41.816+0500][gc,heap,exit ]   class space    used 902K, capacity 1015K, committed 1024K, reserved 1048576K
