[2021-04-19T22:00:57.241+0500][gc,heap] Heap region size: 1M
[2021-04-19T22:00:57.253+0500][gc     ] Using G1
[2021-04-19T22:00:57.253+0500][gc,heap,coops] Heap address: 0x00000000e0000000, size: 512 MB, Compressed Oops mode: 32-bit
[2021-04-19T22:00:57.253+0500][gc,cds       ] Mark closed archive regions in map: [0x00000000fff00000, 0x00000000fff6aff8]
[2021-04-19T22:00:57.253+0500][gc,cds       ] Mark open archive regions in map: [0x00000000ffe00000, 0x00000000ffe46ff8]
[2021-04-19T22:01:01.704+0500][gc,start     ] GC(0) Pause Young (Normal) (G1 Evacuation Pause)
[2021-04-19T22:01:01.704+0500][gc,task      ] GC(0) Using 4 workers of 4 for evacuation
[2021-04-19T22:01:01.718+0500][gc,phases    ] GC(0)   Pre Evacuate Collection Set: 0.0ms
[2021-04-19T22:01:01.718+0500][gc,phases    ] GC(0)   Evacuate Collection Set: 13.3ms
[2021-04-19T22:01:01.718+0500][gc,phases    ] GC(0)   Post Evacuate Collection Set: 0.5ms
[2021-04-19T22:01:01.718+0500][gc,phases    ] GC(0)   Other: 0.5ms
[2021-04-19T22:01:01.718+0500][gc,heap      ] GC(0) Eden regions: 25->0(21)
[2021-04-19T22:01:01.718+0500][gc,heap      ] GC(0) Survivor regions: 0->4(4)
[2021-04-19T22:01:01.718+0500][gc,heap      ] GC(0) Old regions: 2->4
[2021-04-19T22:01:01.718+0500][gc,heap      ] GC(0) Humongous regions: 0->0
[2021-04-19T22:01:01.719+0500][gc,metaspace ] GC(0) Metaspace: 7709K->7709K(1056768K)
[2021-04-19T22:01:01.719+0500][gc           ] GC(0) Pause Young (Normal) (G1 Evacuation Pause) 25M->5M(512M) 14.539ms
[2021-04-19T22:01:01.719+0500][gc,cpu       ] GC(0) User=0.03s Sys=0.01s Real=0.02s
[2021-04-19T22:02:07.577+0500][gc,heap,exit ] Heap
[2021-04-19T22:02:07.577+0500][gc,heap,exit ]  garbage-first heap   total 524288K, used 13091K [0x00000000e0000000, 0x0000000100000000)
[2021-04-19T22:02:07.577+0500][gc,heap,exit ]   region size 1024K, 12 young (12288K), 4 survivors (4096K)
[2021-04-19T22:02:07.577+0500][gc,heap,exit ]  Metaspace       used 8259K, capacity 8527K, committed 8704K, reserved 1056768K
[2021-04-19T22:02:07.577+0500][gc,heap,exit ]   class space    used 902K, capacity 1015K, committed 1024K, reserved 1048576K
