[2021-01-01T10:43:57.328+0500][gc,heap] Heap region size: 1M
[2021-01-01T10:43:57.341+0500][gc     ] Using G1
[2021-01-01T10:43:57.341+0500][gc,heap,coops] Heap address: 0x00000000e0000000, size: 512 MB, Compressed Oops mode: 32-bit
[2021-01-01T10:43:57.341+0500][gc,cds       ] Mark closed archive regions in map: [0x00000000fff00000, 0x00000000fff6aff8]
[2021-01-01T10:43:57.341+0500][gc,cds       ] Mark open archive regions in map: [0x00000000ffe00000, 0x00000000ffe46ff8]
[2021-01-01T10:44:13.022+0500][gc,start     ] GC(0) Pause Young (Normal) (G1 Evacuation Pause)
[2021-01-01T10:44:13.023+0500][gc,task      ] GC(0) Using 4 workers of 4 for evacuation
[2021-01-01T10:44:13.057+0500][gc,mmu       ] GC(0) MMU target violated: 21.0ms (20.0ms/21.0ms)
[2021-01-01T10:44:13.057+0500][gc,phases    ] GC(0)   Pre Evacuate Collection Set: 0.0ms
[2021-01-01T10:44:13.057+0500][gc,phases    ] GC(0)   Evacuate Collection Set: 33.1ms
[2021-01-01T10:44:13.057+0500][gc,phases    ] GC(0)   Post Evacuate Collection Set: 0.5ms
[2021-01-01T10:44:13.057+0500][gc,phases    ] GC(0)   Other: 0.7ms
[2021-01-01T10:44:13.057+0500][gc,heap      ] GC(0) Eden regions: 25->0(21)
[2021-01-01T10:44:13.057+0500][gc,heap      ] GC(0) Survivor regions: 0->4(4)
[2021-01-01T10:44:13.057+0500][gc,heap      ] GC(0) Old regions: 2->4
[2021-01-01T10:44:13.057+0500][gc,heap      ] GC(0) Humongous regions: 0->0
[2021-01-01T10:44:13.057+0500][gc,metaspace ] GC(0) Metaspace: 7731K->7731K(1056768K)
[2021-01-01T10:44:13.057+0500][gc           ] GC(0) Pause Young (Normal) (G1 Evacuation Pause) 25M->5M(512M) 34.301ms
[2021-01-01T10:44:13.057+0500][gc,cpu       ] GC(0) User=0.09s Sys=0.00s Real=0.03s
[2021-01-01T10:54:12.747+0500][gc,heap,exit ] Heap
[2021-01-01T10:54:12.755+0500][gc,heap,exit ]  garbage-first heap   total 524288K, used 12173K [0x00000000e0000000, 0x0000000100000000)
[2021-01-01T10:54:12.755+0500][gc,heap,exit ]   region size 1024K, 11 young (11264K), 4 survivors (4096K)
[2021-01-01T10:54:12.755+0500][gc,heap,exit ]  Metaspace       used 8296K, capacity 8601K, committed 8704K, reserved 1056768K
[2021-01-01T10:54:12.755+0500][gc,heap,exit ]   class space    used 908K, capacity 1017K, committed 1024K, reserved 1048576K
